ARM GAS  C:\Users\MONICA~1\AppData\Local\Temp\ccZFUxSb.s 			page 1


   1              		.syntax unified
   2              		.cpu cortex-m3
   3              		.fpu softvfp
   4              		.eabi_attribute 20, 1
   5              		.eabi_attribute 21, 1
   6              		.eabi_attribute 23, 3
   7              		.eabi_attribute 24, 1
   8              		.eabi_attribute 25, 1
   9              		.eabi_attribute 26, 1
  10              		.eabi_attribute 30, 6
  11              		.eabi_attribute 34, 1
  12              		.eabi_attribute 18, 4
  13              		.thumb
  14              		.file	"main.c"
  15              		.text
  16              	.Ltext0:
  17              		.cfi_sections	.debug_frame
  18              		.section	.text.main,"ax",%progbits
  19              		.align	2
  20              		.global	main
  21              		.thumb
  22              		.thumb_func
  23              		.type	main, %function
  24              	main:
  25              	.LFB63:
  26              		.file 1 ".\\main.c"
   1:.\main.c      **** /*******************************************************************************
   2:.\main.c      **** * File Name: main.c
   3:.\main.c      **** *
   4:.\main.c      **** * Version: 1.0
   5:.\main.c      **** *
   6:.\main.c      **** * Description:
   7:.\main.c      **** *  This is source code for Example Project: 8-ch DelSig ADC with I2C Master.
   8:.\main.c      **** *
   9:.\main.c      **** * Parameters used:
  10:.\main.c      **** *  I2C Master
  11:.\main.c      **** *   Implementation        Fixed function
  12:.\main.c      **** *   Data rate            100kbps
  13:.\main.c      **** *   SDA SCL pin config  Open drain, drives low
  14:.\main.c      **** *   Pull-up resistors    2.67k each
  15:.\main.c      **** *
  16:.\main.c      **** *  Delta Sigma ADC
  17:.\main.c      **** *      Conversion mode     1-Multi Sample
  18:.\main.c      **** *    Resolution            16 bits
  19:.\main.c      **** *    Conversion Rate        5000 SPS
  20:.\main.c      **** *    Input mode            Differential
  21:.\main.c      **** *
  22:.\main.c      **** *  IDAC
  23:.\main.c      **** *    Polarity            Positive
  24:.\main.c      **** *    Range                0-31.875 uA
  25:.\main.c      **** *    Speed                Slow
  26:.\main.c      **** *    Current output        10 uA
  27:.\main.c      **** *
  28:.\main.c      **** *  Sequencing Max
  29:.\main.c      **** *    Mux type            Differential
  30:.\main.c      **** *    Channels            8
  31:.\main.c      **** *
ARM GAS  C:\Users\MONICA~1\AppData\Local\Temp\ccZFUxSb.s 			page 2


  32:.\main.c      **** * In this project, data converted by the 8-channel, sequenced ADC is sent via
  33:.\main.c      **** * a I2C Master. The project is tested with a separate project containing a I2C
  34:.\main.c      **** * slave. The data output by the ADC is made visible on an Character LCD. This
  35:.\main.c      **** * can be used to verify the data received by the I2C slave which is also
  36:.\main.c      **** * displayed on an LCD screen.
  37:.\main.c      **** *
  38:.\main.c      **** ********************************************************************************
  39:.\main.c      **** * Copyright 2012, Cypress Semiconductor Corporation. All rights reserved.
  40:.\main.c      **** * This software is owned by Cypress Semiconductor Corporation and is protected
  41:.\main.c      **** * by and subject to worldwide patent and copyright laws and treaties.
  42:.\main.c      **** * Therefore, you may use this software only as provided in the license agreement
  43:.\main.c      **** * accompanying the software package from which you obtained this software.
  44:.\main.c      **** * CYPRESS AND ITS SUPPLIERS MAKE NO WARRANTY OF ANY KIND, EXPRESS OR IMPLIED,
  45:.\main.c      **** * WITH REGARD TO THIS SOFTWARE, INCLUDING, BUT NOT LIMITED TO, NONINFRINGEMENT,
  46:.\main.c      **** * IMPLIED WARRANTIES OF MERCHANTABILITY AND FITNESS FOR A PARTICULAR PURPOSE.
  47:.\main.c      **** *******************************************************************************/
  48:.\main.c      **** 
  49:.\main.c      **** #include <device.h>
  50:.\main.c      **** 
  51:.\main.c      **** /* The I2C Slave address by default in a PSoC device is 8 */
  52:.\main.c      **** #define I2C_SLAVE_ADDRESS    (8u)
  53:.\main.c      **** /* Set the write buffer length to be 16 bits or 2 bytes */
  54:.\main.c      **** #define WR_BUFFER_SIZE       (2u)
  55:.\main.c      **** 
  56:.\main.c      **** 
  57:.\main.c      **** /*******************************************************************************
  58:.\main.c      **** * Function Name: main
  59:.\main.c      **** ********************************************************************************
  60:.\main.c      **** *
  61:.\main.c      **** * Summary:
  62:.\main.c      **** *  main function performs following functions:
  63:.\main.c      **** *   1. Starts all used components.
  64:.\main.c      **** *   2. Controls sequencing of ADC inputs.
  65:.\main.c      **** *   3. Reads ADC converted data, sends this data via a I2C Master.
  66:.\main.c      **** *   4. Displays ADC converted data on Character LCD.
  67:.\main.c      **** *
  68:.\main.c      **** * Parameters:
  69:.\main.c      **** *  None.
  70:.\main.c      **** *
  71:.\main.c      **** * Return:
  72:.\main.c      **** *  None.
  73:.\main.c      **** *
  74:.\main.c      **** *******************************************************************************/
  75:.\main.c      **** int main()
  76:.\main.c      **** {
  27              		.loc 1 76 0
  28              		.cfi_startproc
  29              		@ args = 0, pretend = 0, frame = 8
  30              		@ frame_needed = 1, uses_anonymous_args = 0
  31 0000 80B5     		push	{r7, lr}
  32              		.cfi_def_cfa_offset 8
  33              		.cfi_offset 7, -8
  34              		.cfi_offset 14, -4
  35 0002 82B0     		sub	sp, sp, #8
  36              		.cfi_def_cfa_offset 16
  37 0004 00AF     		add	r7, sp, #0
  38              		.cfi_def_cfa_register 7
ARM GAS  C:\Users\MONICA~1\AppData\Local\Temp\ccZFUxSb.s 			page 3


  77:.\main.c      ****     uint8 temp;
  78:.\main.c      ****     uint8 sample_segment[WR_BUFFER_SIZE];
  79:.\main.c      ****     uint8 sample_full;
  80:.\main.c      **** 
  81:.\main.c      ****     I2CM_Start();
  39              		.loc 1 81 0
  40 0006 FFF7FEFF 		bl	I2CM_Start
  82:.\main.c      ****   //  IDAC8_Start();
  83:.\main.c      **** 
  84:.\main.c      ****     /* The Start API for Mux sets it up, but disconnects all the channels.
  85:.\main.c      ****      * To connect the first channel, call the 'AMuxSeq_Next' function.
  86:.\main.c      ****      */
  87:.\main.c      ****    // AMuxSeq_Start();
  88:.\main.c      ****   //  AMuxSeq_Next();
  89:.\main.c      **** 
  90:.\main.c      ****     /* The LCD will display the values read from ADC in hex */
  91:.\main.c      ****   //  LCD_Char_Start();
  92:.\main.c      ****   //  LCD_Char_PrintString("0x");
  93:.\main.c      **** 
  94:.\main.c      ****   //  ADC_DelSig_Start();
  95:.\main.c      ****   //  ADC_DelSig_StartConvert();
  96:.\main.c      **** 
  97:.\main.c      ****     /* Enable global interrupts - required for I2C */
  98:.\main.c      ****     CyGlobalIntEnable;
  41              		.loc 1 98 0
  42              	@ 98 ".\main.c" 1
  43 000a 62B6     		CPSIE   i
  44              	@ 0 "" 2
  45              		.thumb
  46              	.L4:
  99:.\main.c      **** 
 100:.\main.c      ****     for(;;)
 101:.\main.c      ****     { 
 102:.\main.c      ****       //  ADC_DelSig_StartConvert();
 103:.\main.c      ****         /* Wait until the ADC conversion is complete */
 104:.\main.c      ****       //  ADC_DelSig_IsEndConversion(ADC_DelSig_WAIT_FOR_RESULT);
 105:.\main.c      ****         /* Since the ADC conversion is complete, stop the conversion */
 106:.\main.c      ****      //   ADC_DelSig_StopConvert();
 107:.\main.c      ****         sample_full = 22;
  47              		.loc 1 107 0
  48 000c 1623     		movs	r3, #22
  49 000e FB71     		strb	r3, [r7, #7]
 108:.\main.c      ****        // AMuxSeq_Next();
 109:.\main.c      ****         sample_segment[0] = sample_full;
  50              		.loc 1 109 0
  51 0010 FB79     		ldrb	r3, [r7, #7]
  52 0012 3B71     		strb	r3, [r7, #4]
  53              	.L2:
 110:.\main.c      ****        // sample_segment[1] = sample_full & 0x00FFu;
 111:.\main.c      **** 
 112:.\main.c      ****         /* Attempt to initiate communication with the slave until the function
 113:.\main.c      ****          * completes without error.
 114:.\main.c      ****          */
 115:.\main.c      ****         do
 116:.\main.c      ****         {
 117:.\main.c      ****             /* The syntax below automatically writes a buffer of data to a slave
 118:.\main.c      ****              * device from start to stop.
ARM GAS  C:\Users\MONICA~1\AppData\Local\Temp\ccZFUxSb.s 			page 4


 119:.\main.c      ****               */
 120:.\main.c      ****             temp = I2CM_MasterWriteBuf(I2C_SLAVE_ADDRESS, (uint8 *)sample_segment,
  54              		.loc 1 120 0 discriminator 1
  55 0014 3B1D     		adds	r3, r7, #4
  56 0016 0820     		movs	r0, #8
  57 0018 1946     		mov	r1, r3
  58 001a 0222     		movs	r2, #2
  59 001c 0023     		movs	r3, #0
  60 001e FFF7FEFF 		bl	I2CM_MasterWriteBuf
  61 0022 0346     		mov	r3, r0
  62 0024 BB71     		strb	r3, [r7, #6]
 121:.\main.c      ****                                         WR_BUFFER_SIZE, I2CM_MODE_COMPLETE_XFER);
 122:.\main.c      ****         }
 123:.\main.c      ****         while (temp != I2CM_MSTR_NO_ERROR);
  63              		.loc 1 123 0 discriminator 1
  64 0026 BB79     		ldrb	r3, [r7, #6]	@ zero_extendqisi2
  65 0028 002B     		cmp	r3, #0
  66 002a F3D1     		bne	.L2
 124:.\main.c      **** 
 125:.\main.c      ****         /* Wait for the data transfer to complete */
 126:.\main.c      ****         while(I2CM_MasterStatus() & I2CM_MSTAT_XFER_INP);
  67              		.loc 1 126 0
  68 002c 00BF     		nop
  69              	.L3:
  70              		.loc 1 126 0 is_stmt 0 discriminator 1
  71 002e FFF7FEFF 		bl	I2CM_MasterStatus
  72 0032 0346     		mov	r3, r0
  73 0034 03F00403 		and	r3, r3, #4
  74 0038 002B     		cmp	r3, #0
  75 003a F8D1     		bne	.L3
 127:.\main.c      **** 
 128:.\main.c      ****         temp = I2CM_MasterClearStatus();
  76              		.loc 1 128 0 is_stmt 1
  77 003c FFF7FEFF 		bl	I2CM_MasterClearStatus
  78 0040 0346     		mov	r3, r0
  79 0042 BB71     		strb	r3, [r7, #6]
 129:.\main.c      **** 
 130:.\main.c      ****       ///  LCD_Char_ClearDisplay();
 131:.\main.c      **** 
 132:.\main.c      ****         /* If there is an error while transferring data */
 133:.\main.c      ****         if(temp & I2CM_MSTAT_ERR_XFER)
 134:.\main.c      ****         {
 135:.\main.c      ****             /* Indicate the error */
 136:.\main.c      ****          //   LCD_Char_PrintString("I2C Error! ");
 137:.\main.c      ****             /* Place error handling code here */
 138:.\main.c      ****         }
 139:.\main.c      ****         else /* Write completed without error */
 140:.\main.c      ****         {
 141:.\main.c      ****             /* For verification purposes, display the adcReading on the LCD */
 142:.\main.c      ****         //    LCD_Char_PrintString("0x");
 143:.\main.c      ****           //  LCD_Char_PrintInt16(sample_full);
 144:.\main.c      ****         }
 145:.\main.c      **** 
 146:.\main.c      ****         /* Delay introduced for ease of reading LCD */
 147:.\main.c      ****         CyDelay(2000u/*ms*/);
  80              		.loc 1 147 0
  81 0044 4FF4FA60 		mov	r0, #2000
ARM GAS  C:\Users\MONICA~1\AppData\Local\Temp\ccZFUxSb.s 			page 5


  82 0048 FFF7FEFF 		bl	CyDelay
 148:.\main.c      **** 
 149:.\main.c      ****     }  
  83              		.loc 1 149 0
  84 004c DEE7     		b	.L4
  85              		.cfi_endproc
  86              	.LFE63:
  87              		.size	main, .-main
  88 004e 00BF     		.text
  89              	.Letext0:
  90              		.file 2 "c:\\program files (x86)\\cypress\\psoc creator\\3.3\\psoc creator\\import\\gnu\\arm\\4.9.
  91              		.file 3 "c:\\program files (x86)\\cypress\\psoc creator\\3.3\\psoc creator\\import\\gnu\\arm\\4.9.
  92              		.file 4 "Generated_Source\\PSoC5/cytypes.h"
  93              		.file 5 "Generated_Source\\PSoC5/core_cm3.h"
  94              		.section	.debug_info,"",%progbits
  95              	.Ldebug_info0:
  96 0000 0B010000 		.4byte	0x10b
  97 0004 0400     		.2byte	0x4
  98 0006 00000000 		.4byte	.Ldebug_abbrev0
  99 000a 04       		.byte	0x4
 100 000b 01       		.uleb128 0x1
 101 000c 9F000000 		.4byte	.LASF19
 102 0010 01       		.byte	0x1
 103 0011 2D010000 		.4byte	.LASF20
 104 0015 3D010000 		.4byte	.LASF21
 105 0019 00000000 		.4byte	.Ldebug_ranges0+0
 106 001d 00000000 		.4byte	0
 107 0021 00000000 		.4byte	.Ldebug_line0
 108 0025 02       		.uleb128 0x2
 109 0026 01       		.byte	0x1
 110 0027 06       		.byte	0x6
 111 0028 8B010000 		.4byte	.LASF0
 112 002c 02       		.uleb128 0x2
 113 002d 01       		.byte	0x1
 114 002e 08       		.byte	0x8
 115 002f 83000000 		.4byte	.LASF1
 116 0033 02       		.uleb128 0x2
 117 0034 02       		.byte	0x2
 118 0035 05       		.byte	0x5
 119 0036 B3010000 		.4byte	.LASF2
 120 003a 02       		.uleb128 0x2
 121 003b 02       		.byte	0x2
 122 003c 07       		.byte	0x7
 123 003d 0E000000 		.4byte	.LASF3
 124 0041 03       		.uleb128 0x3
 125 0042 97010000 		.4byte	.LASF9
 126 0046 02       		.byte	0x2
 127 0047 3F       		.byte	0x3f
 128 0048 4C000000 		.4byte	0x4c
 129 004c 02       		.uleb128 0x2
 130 004d 04       		.byte	0x4
 131 004e 05       		.byte	0x5
 132 004f 96000000 		.4byte	.LASF4
 133 0053 02       		.uleb128 0x2
 134 0054 04       		.byte	0x4
 135 0055 07       		.byte	0x7
 136 0056 4B000000 		.4byte	.LASF5
ARM GAS  C:\Users\MONICA~1\AppData\Local\Temp\ccZFUxSb.s 			page 6


 137 005a 02       		.uleb128 0x2
 138 005b 08       		.byte	0x8
 139 005c 05       		.byte	0x5
 140 005d 00000000 		.4byte	.LASF6
 141 0061 02       		.uleb128 0x2
 142 0062 08       		.byte	0x8
 143 0063 07       		.byte	0x7
 144 0064 5D000000 		.4byte	.LASF7
 145 0068 04       		.uleb128 0x4
 146 0069 04       		.byte	0x4
 147 006a 05       		.byte	0x5
 148 006b 696E7400 		.ascii	"int\000"
 149 006f 02       		.uleb128 0x2
 150 0070 04       		.byte	0x4
 151 0071 07       		.byte	0x7
 152 0072 2E000000 		.4byte	.LASF8
 153 0076 03       		.uleb128 0x3
 154 0077 BD010000 		.4byte	.LASF10
 155 007b 03       		.byte	0x3
 156 007c 2C       		.byte	0x2c
 157 007d 41000000 		.4byte	0x41
 158 0081 05       		.uleb128 0x5
 159 0082 45000000 		.4byte	.LASF11
 160 0086 04       		.byte	0x4
 161 0087 9201     		.2byte	0x192
 162 0089 2C000000 		.4byte	0x2c
 163 008d 02       		.uleb128 0x2
 164 008e 04       		.byte	0x4
 165 008f 04       		.byte	0x4
 166 0090 A1010000 		.4byte	.LASF12
 167 0094 02       		.uleb128 0x2
 168 0095 08       		.byte	0x8
 169 0096 04       		.byte	0x4
 170 0097 36010000 		.4byte	.LASF13
 171 009b 02       		.uleb128 0x2
 172 009c 01       		.byte	0x1
 173 009d 08       		.byte	0x8
 174 009e 91000000 		.4byte	.LASF14
 175 00a2 02       		.uleb128 0x2
 176 00a3 04       		.byte	0x4
 177 00a4 07       		.byte	0x7
 178 00a5 C5010000 		.4byte	.LASF15
 179 00a9 06       		.uleb128 0x6
 180 00aa 40000000 		.4byte	.LASF22
 181 00ae 01       		.byte	0x1
 182 00af 4B       		.byte	0x4b
 183 00b0 68000000 		.4byte	0x68
 184 00b4 00000000 		.4byte	.LFB63
 185 00b8 4E000000 		.4byte	.LFE63-.LFB63
 186 00bc 01       		.uleb128 0x1
 187 00bd 9C       		.byte	0x9c
 188 00be ED000000 		.4byte	0xed
 189 00c2 07       		.uleb128 0x7
 190 00c3 3B000000 		.4byte	.LASF16
 191 00c7 01       		.byte	0x1
 192 00c8 4D       		.byte	0x4d
 193 00c9 81000000 		.4byte	0x81
ARM GAS  C:\Users\MONICA~1\AppData\Local\Temp\ccZFUxSb.s 			page 7


 194 00cd 02       		.uleb128 0x2
 195 00ce 91       		.byte	0x91
 196 00cf 76       		.sleb128 -10
 197 00d0 07       		.uleb128 0x7
 198 00d1 74000000 		.4byte	.LASF17
 199 00d5 01       		.byte	0x1
 200 00d6 4E       		.byte	0x4e
 201 00d7 ED000000 		.4byte	0xed
 202 00db 02       		.uleb128 0x2
 203 00dc 91       		.byte	0x91
 204 00dd 74       		.sleb128 -12
 205 00de 07       		.uleb128 0x7
 206 00df A7010000 		.4byte	.LASF18
 207 00e3 01       		.byte	0x1
 208 00e4 4F       		.byte	0x4f
 209 00e5 81000000 		.4byte	0x81
 210 00e9 02       		.uleb128 0x2
 211 00ea 91       		.byte	0x91
 212 00eb 77       		.sleb128 -9
 213 00ec 00       		.byte	0
 214 00ed 08       		.uleb128 0x8
 215 00ee 81000000 		.4byte	0x81
 216 00f2 FD000000 		.4byte	0xfd
 217 00f6 09       		.uleb128 0x9
 218 00f7 A2000000 		.4byte	0xa2
 219 00fb 01       		.byte	0x1
 220 00fc 00       		.byte	0
 221 00fd 0A       		.uleb128 0xa
 222 00fe 21000000 		.4byte	.LASF23
 223 0102 05       		.byte	0x5
 224 0103 9606     		.2byte	0x696
 225 0105 09010000 		.4byte	0x109
 226 0109 0B       		.uleb128 0xb
 227 010a 76000000 		.4byte	0x76
 228 010e 00       		.byte	0
 229              		.section	.debug_abbrev,"",%progbits
 230              	.Ldebug_abbrev0:
 231 0000 01       		.uleb128 0x1
 232 0001 11       		.uleb128 0x11
 233 0002 01       		.byte	0x1
 234 0003 25       		.uleb128 0x25
 235 0004 0E       		.uleb128 0xe
 236 0005 13       		.uleb128 0x13
 237 0006 0B       		.uleb128 0xb
 238 0007 03       		.uleb128 0x3
 239 0008 0E       		.uleb128 0xe
 240 0009 1B       		.uleb128 0x1b
 241 000a 0E       		.uleb128 0xe
 242 000b 55       		.uleb128 0x55
 243 000c 17       		.uleb128 0x17
 244 000d 11       		.uleb128 0x11
 245 000e 01       		.uleb128 0x1
 246 000f 10       		.uleb128 0x10
 247 0010 17       		.uleb128 0x17
 248 0011 00       		.byte	0
 249 0012 00       		.byte	0
 250 0013 02       		.uleb128 0x2
ARM GAS  C:\Users\MONICA~1\AppData\Local\Temp\ccZFUxSb.s 			page 8


 251 0014 24       		.uleb128 0x24
 252 0015 00       		.byte	0
 253 0016 0B       		.uleb128 0xb
 254 0017 0B       		.uleb128 0xb
 255 0018 3E       		.uleb128 0x3e
 256 0019 0B       		.uleb128 0xb
 257 001a 03       		.uleb128 0x3
 258 001b 0E       		.uleb128 0xe
 259 001c 00       		.byte	0
 260 001d 00       		.byte	0
 261 001e 03       		.uleb128 0x3
 262 001f 16       		.uleb128 0x16
 263 0020 00       		.byte	0
 264 0021 03       		.uleb128 0x3
 265 0022 0E       		.uleb128 0xe
 266 0023 3A       		.uleb128 0x3a
 267 0024 0B       		.uleb128 0xb
 268 0025 3B       		.uleb128 0x3b
 269 0026 0B       		.uleb128 0xb
 270 0027 49       		.uleb128 0x49
 271 0028 13       		.uleb128 0x13
 272 0029 00       		.byte	0
 273 002a 00       		.byte	0
 274 002b 04       		.uleb128 0x4
 275 002c 24       		.uleb128 0x24
 276 002d 00       		.byte	0
 277 002e 0B       		.uleb128 0xb
 278 002f 0B       		.uleb128 0xb
 279 0030 3E       		.uleb128 0x3e
 280 0031 0B       		.uleb128 0xb
 281 0032 03       		.uleb128 0x3
 282 0033 08       		.uleb128 0x8
 283 0034 00       		.byte	0
 284 0035 00       		.byte	0
 285 0036 05       		.uleb128 0x5
 286 0037 16       		.uleb128 0x16
 287 0038 00       		.byte	0
 288 0039 03       		.uleb128 0x3
 289 003a 0E       		.uleb128 0xe
 290 003b 3A       		.uleb128 0x3a
 291 003c 0B       		.uleb128 0xb
 292 003d 3B       		.uleb128 0x3b
 293 003e 05       		.uleb128 0x5
 294 003f 49       		.uleb128 0x49
 295 0040 13       		.uleb128 0x13
 296 0041 00       		.byte	0
 297 0042 00       		.byte	0
 298 0043 06       		.uleb128 0x6
 299 0044 2E       		.uleb128 0x2e
 300 0045 01       		.byte	0x1
 301 0046 3F       		.uleb128 0x3f
 302 0047 19       		.uleb128 0x19
 303 0048 03       		.uleb128 0x3
 304 0049 0E       		.uleb128 0xe
 305 004a 3A       		.uleb128 0x3a
 306 004b 0B       		.uleb128 0xb
 307 004c 3B       		.uleb128 0x3b
ARM GAS  C:\Users\MONICA~1\AppData\Local\Temp\ccZFUxSb.s 			page 9


 308 004d 0B       		.uleb128 0xb
 309 004e 49       		.uleb128 0x49
 310 004f 13       		.uleb128 0x13
 311 0050 11       		.uleb128 0x11
 312 0051 01       		.uleb128 0x1
 313 0052 12       		.uleb128 0x12
 314 0053 06       		.uleb128 0x6
 315 0054 40       		.uleb128 0x40
 316 0055 18       		.uleb128 0x18
 317 0056 9642     		.uleb128 0x2116
 318 0058 19       		.uleb128 0x19
 319 0059 01       		.uleb128 0x1
 320 005a 13       		.uleb128 0x13
 321 005b 00       		.byte	0
 322 005c 00       		.byte	0
 323 005d 07       		.uleb128 0x7
 324 005e 34       		.uleb128 0x34
 325 005f 00       		.byte	0
 326 0060 03       		.uleb128 0x3
 327 0061 0E       		.uleb128 0xe
 328 0062 3A       		.uleb128 0x3a
 329 0063 0B       		.uleb128 0xb
 330 0064 3B       		.uleb128 0x3b
 331 0065 0B       		.uleb128 0xb
 332 0066 49       		.uleb128 0x49
 333 0067 13       		.uleb128 0x13
 334 0068 02       		.uleb128 0x2
 335 0069 18       		.uleb128 0x18
 336 006a 00       		.byte	0
 337 006b 00       		.byte	0
 338 006c 08       		.uleb128 0x8
 339 006d 01       		.uleb128 0x1
 340 006e 01       		.byte	0x1
 341 006f 49       		.uleb128 0x49
 342 0070 13       		.uleb128 0x13
 343 0071 01       		.uleb128 0x1
 344 0072 13       		.uleb128 0x13
 345 0073 00       		.byte	0
 346 0074 00       		.byte	0
 347 0075 09       		.uleb128 0x9
 348 0076 21       		.uleb128 0x21
 349 0077 00       		.byte	0
 350 0078 49       		.uleb128 0x49
 351 0079 13       		.uleb128 0x13
 352 007a 2F       		.uleb128 0x2f
 353 007b 0B       		.uleb128 0xb
 354 007c 00       		.byte	0
 355 007d 00       		.byte	0
 356 007e 0A       		.uleb128 0xa
 357 007f 34       		.uleb128 0x34
 358 0080 00       		.byte	0
 359 0081 03       		.uleb128 0x3
 360 0082 0E       		.uleb128 0xe
 361 0083 3A       		.uleb128 0x3a
 362 0084 0B       		.uleb128 0xb
 363 0085 3B       		.uleb128 0x3b
 364 0086 05       		.uleb128 0x5
ARM GAS  C:\Users\MONICA~1\AppData\Local\Temp\ccZFUxSb.s 			page 10


 365 0087 49       		.uleb128 0x49
 366 0088 13       		.uleb128 0x13
 367 0089 3F       		.uleb128 0x3f
 368 008a 19       		.uleb128 0x19
 369 008b 3C       		.uleb128 0x3c
 370 008c 19       		.uleb128 0x19
 371 008d 00       		.byte	0
 372 008e 00       		.byte	0
 373 008f 0B       		.uleb128 0xb
 374 0090 35       		.uleb128 0x35
 375 0091 00       		.byte	0
 376 0092 49       		.uleb128 0x49
 377 0093 13       		.uleb128 0x13
 378 0094 00       		.byte	0
 379 0095 00       		.byte	0
 380 0096 00       		.byte	0
 381              		.section	.debug_aranges,"",%progbits
 382 0000 1C000000 		.4byte	0x1c
 383 0004 0200     		.2byte	0x2
 384 0006 00000000 		.4byte	.Ldebug_info0
 385 000a 04       		.byte	0x4
 386 000b 00       		.byte	0
 387 000c 0000     		.2byte	0
 388 000e 0000     		.2byte	0
 389 0010 00000000 		.4byte	.LFB63
 390 0014 4E000000 		.4byte	.LFE63-.LFB63
 391 0018 00000000 		.4byte	0
 392 001c 00000000 		.4byte	0
 393              		.section	.debug_ranges,"",%progbits
 394              	.Ldebug_ranges0:
 395 0000 00000000 		.4byte	.LFB63
 396 0004 4E000000 		.4byte	.LFE63
 397 0008 00000000 		.4byte	0
 398 000c 00000000 		.4byte	0
 399              		.section	.debug_line,"",%progbits
 400              	.Ldebug_line0:
 401 0000 80010000 		.section	.debug_str,"MS",%progbits,1
 401      02004901 
 401      00000201 
 401      FB0E0D00 
 401      01010101 
 402              	.LASF6:
 403 0000 6C6F6E67 		.ascii	"long long int\000"
 403      206C6F6E 
 403      6720696E 
 403      7400
 404              	.LASF3:
 405 000e 73686F72 		.ascii	"short unsigned int\000"
 405      7420756E 
 405      7369676E 
 405      65642069 
 405      6E7400
 406              	.LASF23:
 407 0021 49544D5F 		.ascii	"ITM_RxBuffer\000"
 407      52784275 
 407      66666572 
 407      00
ARM GAS  C:\Users\MONICA~1\AppData\Local\Temp\ccZFUxSb.s 			page 11


 408              	.LASF8:
 409 002e 756E7369 		.ascii	"unsigned int\000"
 409      676E6564 
 409      20696E74 
 409      00
 410              	.LASF16:
 411 003b 74656D70 		.ascii	"temp\000"
 411      00
 412              	.LASF22:
 413 0040 6D61696E 		.ascii	"main\000"
 413      00
 414              	.LASF11:
 415 0045 75696E74 		.ascii	"uint8\000"
 415      3800
 416              	.LASF5:
 417 004b 6C6F6E67 		.ascii	"long unsigned int\000"
 417      20756E73 
 417      69676E65 
 417      6420696E 
 417      7400
 418              	.LASF7:
 419 005d 6C6F6E67 		.ascii	"long long unsigned int\000"
 419      206C6F6E 
 419      6720756E 
 419      7369676E 
 419      65642069 
 420              	.LASF17:
 421 0074 73616D70 		.ascii	"sample_segment\000"
 421      6C655F73 
 421      65676D65 
 421      6E7400
 422              	.LASF1:
 423 0083 756E7369 		.ascii	"unsigned char\000"
 423      676E6564 
 423      20636861 
 423      7200
 424              	.LASF14:
 425 0091 63686172 		.ascii	"char\000"
 425      00
 426              	.LASF4:
 427 0096 6C6F6E67 		.ascii	"long int\000"
 427      20696E74 
 427      00
 428              	.LASF19:
 429 009f 474E5520 		.ascii	"GNU C 4.9.3 20150303 (release) [ARM/embedded-4_9-br"
 429      4320342E 
 429      392E3320 
 429      32303135 
 429      30333033 
 430 00d2 616E6368 		.ascii	"anch revision 221220] -mcpu=cortex-m3 -mthumb -g -O"
 430      20726576 
 430      6973696F 
 430      6E203232 
 430      31323230 
 431 0105 30202D66 		.ascii	"0 -ffunction-sections -ffat-lto-objects\000"
 431      66756E63 
 431      74696F6E 
ARM GAS  C:\Users\MONICA~1\AppData\Local\Temp\ccZFUxSb.s 			page 12


 431      2D736563 
 431      74696F6E 
 432              	.LASF20:
 433 012d 2E5C6D61 		.ascii	".\\main.c\000"
 433      696E2E63 
 433      00
 434              	.LASF13:
 435 0136 646F7562 		.ascii	"double\000"
 435      6C6500
 436              	.LASF21:
 437 013d 433A5C55 		.ascii	"C:\\Users\\Monica P\\Desktop\\Assignment\\CE95277 A"
 437      73657273 
 437      5C4D6F6E 
 437      69636120 
 437      505C4465 
 438 016b 44432061 		.ascii	"DC and UART\\DelSig_I2CM02.cydsn\000"
 438      6E642055 
 438      4152545C 
 438      44656C53 
 438      69675F49 
 439              	.LASF0:
 440 018b 7369676E 		.ascii	"signed char\000"
 440      65642063 
 440      68617200 
 441              	.LASF9:
 442 0197 5F5F696E 		.ascii	"__int32_t\000"
 442      7433325F 
 442      7400
 443              	.LASF12:
 444 01a1 666C6F61 		.ascii	"float\000"
 444      7400
 445              	.LASF18:
 446 01a7 73616D70 		.ascii	"sample_full\000"
 446      6C655F66 
 446      756C6C00 
 447              	.LASF2:
 448 01b3 73686F72 		.ascii	"short int\000"
 448      7420696E 
 448      7400
 449              	.LASF10:
 450 01bd 696E7433 		.ascii	"int32_t\000"
 450      325F7400 
 451              	.LASF15:
 452 01c5 73697A65 		.ascii	"sizetype\000"
 452      74797065 
 452      00
 453              		.ident	"GCC: (GNU Tools for ARM Embedded Processors) 4.9.3 20150303 (release) [ARM/embedded-4_9-br
