Archive member included because of file (symbol)

.\ARM_GCC_493\Debug\CE95277 ADC and UART.a(cyfitter_cfg.o)
                              .\ARM_GCC_493\Debug\Cm3Start.o (cyfitter_cfg)
.\ARM_GCC_493\Debug\CE95277 ADC and UART.a(ADC_DelSig_1.o)
                              .\ARM_GCC_493\Debug\main.o (ADC_DelSig_1_Start)
.\ARM_GCC_493\Debug\CE95277 ADC and UART.a(ADC_DelSig_1_INT.o)
                              .\ARM_GCC_493\Debug\CE95277 ADC and UART.a(ADC_DelSig_1.o) (ADC_DelSig_1_ISR1)
.\ARM_GCC_493\Debug\CE95277 ADC and UART.a(Sample_Hold_1.o)
                              .\ARM_GCC_493\Debug\main.o (Sample_Hold_1_Start)
.\ARM_GCC_493\Debug\CE95277 ADC and UART.a(UART_1.o)
                              .\ARM_GCC_493\Debug\main.o (UART_1_Start)
.\ARM_GCC_493\Debug\CE95277 ADC and UART.a(ADC_DelSig_1_AMux.o)
                              .\ARM_GCC_493\Debug\CE95277 ADC and UART.a(ADC_DelSig_1.o) (ADC_DelSig_1_AMux_Select)
.\ARM_GCC_493\Debug\CE95277 ADC and UART.a(ADC_DelSig_1_Ext_CP_Clk.o)
                              .\ARM_GCC_493\Debug\CE95277 ADC and UART.a(ADC_DelSig_1.o) (ADC_DelSig_1_Ext_CP_Clk_SetDividerRegister)
.\ARM_GCC_493\Debug\CE95277 ADC and UART.a(ADC_DelSig_1_theACLK.o)
                              .\ARM_GCC_493\Debug\CE95277 ADC and UART.a(ADC_DelSig_1.o) (ADC_DelSig_1_theACLK_SetDividerRegister)
.\ARM_GCC_493\Debug\CE95277 ADC and UART.a(UART_1_IntClock.o)
                              .\ARM_GCC_493\Debug\CE95277 ADC and UART.a(UART_1.o) (UART_1_IntClock_Start)
.\ARM_GCC_493\Debug\CE95277 ADC and UART.a(CyBootAsmGnu.o)
                              .\ARM_GCC_493\Debug\CE95277 ADC and UART.a(cyfitter_cfg.o) (CyDelayCycles)
.\ARM_GCC_493\Debug\CE95277 ADC and UART.a(CyLib.o)
                              .\ARM_GCC_493\Debug\Cm3Start.o (CyResetStatus)
.\ARM_GCC_493\Debug\CE95277 ADC and UART.a(cyPm.o)
                              .\ARM_GCC_493\Debug\CE95277 ADC and UART.a(CyLib.o) (CyPmReadStatus)
.\ARM_GCC_493\Debug\CE95277 ADC and UART.a(CyFlash.o)
                              .\ARM_GCC_493\Debug\CE95277 ADC and UART.a(cyPm.o) (CyFlash_SetWaitCycles)
.\ARM_GCC_493\Debug\CE95277 ADC and UART.a(CySpc.o)
                              .\ARM_GCC_493\Debug\CE95277 ADC and UART.a(CyFlash.o) (CySpcStart)
c:/program files (x86)/cypress/psoc creator/3.3/psoc creator/import/gnu/arm/4.9.3/bin/../lib/gcc/arm-none-eabi/4.9.3/../../../../arm-none-eabi/lib/armv7-m\libm.a(lib_a-w_sqrt.o)
                              .\ARM_GCC_493\Debug\main.o (sqrt)
c:/program files (x86)/cypress/psoc creator/3.3/psoc creator/import/gnu/arm/4.9.3/bin/../lib/gcc/arm-none-eabi/4.9.3/../../../../arm-none-eabi/lib/armv7-m\libm.a(lib_a-e_sqrt.o)
                              c:/program files (x86)/cypress/psoc creator/3.3/psoc creator/import/gnu/arm/4.9.3/bin/../lib/gcc/arm-none-eabi/4.9.3/../../../../arm-none-eabi/lib/armv7-m\libm.a(lib_a-w_sqrt.o) (__ieee754_sqrt)
c:/program files (x86)/cypress/psoc creator/3.3/psoc creator/import/gnu/arm/4.9.3/bin/../lib/gcc/arm-none-eabi/4.9.3/../../../../arm-none-eabi/lib/armv7-m\libm.a(lib_a-s_fpclassify.o)
                              c:/program files (x86)/cypress/psoc creator/3.3/psoc creator/import/gnu/arm/4.9.3/bin/../lib/gcc/arm-none-eabi/4.9.3/../../../../arm-none-eabi/lib/armv7-m\libm.a(lib_a-w_sqrt.o) (__fpclassifyd)
c:/program files (x86)/cypress/psoc creator/3.3/psoc creator/import/gnu/arm/4.9.3/bin/../lib/gcc/arm-none-eabi/4.9.3/../../../../arm-none-eabi/lib/armv7-m\libm.a(lib_a-s_lib_ver.o)
                              c:/program files (x86)/cypress/psoc creator/3.3/psoc creator/import/gnu/arm/4.9.3/bin/../lib/gcc/arm-none-eabi/4.9.3/../../../../arm-none-eabi/lib/armv7-m\libm.a(lib_a-w_sqrt.o) (__fdlib_version)
c:/program files (x86)/cypress/psoc creator/3.3/psoc creator/import/gnu/arm/4.9.3/bin/../lib/gcc/arm-none-eabi/4.9.3/../../../../arm-none-eabi/lib/armv7-m\libm.a(lib_a-s_matherr.o)
                              c:/program files (x86)/cypress/psoc creator/3.3/psoc creator/import/gnu/arm/4.9.3/bin/../lib/gcc/arm-none-eabi/4.9.3/../../../../arm-none-eabi/lib/armv7-m\libm.a(lib_a-w_sqrt.o) (matherr)
c:/program files (x86)/cypress/psoc creator/3.3/psoc creator/import/gnu/arm/4.9.3/bin/../lib/gcc/arm-none-eabi/4.9.3/armv7-m\libgcc.a(_arm_addsubdf3.o)
                              c:/program files (x86)/cypress/psoc creator/3.3/psoc creator/import/gnu/arm/4.9.3/bin/../lib/gcc/arm-none-eabi/4.9.3/../../../../arm-none-eabi/lib/armv7-m\libm.a(lib_a-e_sqrt.o) (__aeabi_dsub)
c:/program files (x86)/cypress/psoc creator/3.3/psoc creator/import/gnu/arm/4.9.3/bin/../lib/gcc/arm-none-eabi/4.9.3/armv7-m\libgcc.a(_arm_muldivdf3.o)
                              c:/program files (x86)/cypress/psoc creator/3.3/psoc creator/import/gnu/arm/4.9.3/bin/../lib/gcc/arm-none-eabi/4.9.3/../../../../arm-none-eabi/lib/armv7-m\libm.a(lib_a-e_sqrt.o) (__aeabi_dmul)
[...]
Memory Configuration

Name             Origin             Length             Attributes
rom              0x00000000         0x00040000         xr
ram              0x1fff8000         0x00010000         xrw
*default*        0x00000000         0xffffffff

Linker script and memory map

LOAD c:/program files (x86)/cypress/psoc creator/3.3/psoc creator/import/gnu/arm/4.9.3/bin/../lib/gcc/arm-none-eabi/4.9.3/armv7-m/crti.o
LOAD c:/program files (x86)/cypress/psoc creator/3.3/psoc creator/import/gnu/arm/4.9.3/bin/../lib/gcc/arm-none-eabi/4.9.3/armv7-m/crtbegin.o
LOAD c:/program files (x86)/cypress/psoc creator/3.3/psoc creator/import/gnu/arm/4.9.3/bin/../lib/gcc/arm-none-eabi/4.9.3/../../../../arm-none-eabi/lib/armv7-m/crt0.o
START GROUP
LOAD .\ARM_GCC_493\Debug\main.o
LOAD .\ARM_GCC_493\Debug\cymetadata.o
LOAD .\ARM_GCC_493\Debug\Cm3Start.o
LOAD .\ARM_GCC_493\Debug\CE95277 ADC and UART.a
LOAD C:\Program Files (x86)\Cypress\PSoC Creator\3.3\PSoC Creator\psoc\content\cycomponentlibrary\CyComponentLibrary.cylib\CortexM3\ARM_GCC_493\Debug\CyComponentLibrary.a
LOAD c:/program files (x86)/cypress/psoc creator/3.3/psoc creator/import/gnu/arm/4.9.3/bin/../lib/gcc/arm-none-eabi/4.9.3/../../../../arm-none-eabi/lib/armv7-m\libm.a
END GROUP
START GROUP
LOAD c:/program files (x86)/cypress/psoc creator/3.3/psoc creator/import/gnu/arm/4.9.3/bin/../lib/gcc/arm-none-eabi/4.9.3/armv7-m\libgcc.a
LOAD c:/program files (x86)/cypress/psoc creator/3.3/psoc creator/import/gnu/arm/4.9.3/bin/../lib/gcc/arm-none-eabi/4.9.3/../../../../arm-none-eabi/lib/armv7-m\libg_nano.a
LOAD c:/program files (x86)/cypress/psoc creator/3.3/psoc creator/import/gnu/arm/4.9.3/bin/../lib/gcc/arm-none-eabi/4.9.3/../../../../arm-none-eabi/lib/armv7-m\libc_nano.a
END GROUP
START GROUP
LOAD c:/program files (x86)/cypress/psoc creator/3.3/psoc creator/import/gnu/arm/4.9.3/bin/../lib/gcc/arm-none-eabi/4.9.3/armv7-m\libgcc.a
LOAD c:/program files (x86)/cypress/psoc creator/3.3/psoc creator/import/gnu/arm/4.9.3/bin/../lib/gcc/arm-none-eabi/4.9.3/../../../../arm-none-eabi/lib/armv7-m\libc_nano.a
END GROUP
LOAD c:/program files (x86)/cypress/psoc creator/3.3/psoc creator/import/gnu/arm/4.9.3/bin/../lib/gcc/arm-none-eabi/4.9.3/armv7-m/crtend.o
LOAD c:/program files (x86)/cypress/psoc creator/3.3/psoc creator/import/gnu/arm/4.9.3/bin/../lib/gcc/arm-none-eabi/4.9.3/armv7-m/crtn.o
START GROUP
LOAD c:/program files (x86)/cypress/psoc creator/3.3/psoc creator/import/gnu/arm/4.9.3/bin/../lib/gcc/arm-none-eabi/4.9.3/armv7-m\libgcc.a
LOAD c:/program files (x86)/cypress/psoc creator/3.3/psoc creator/import/gnu/arm/4.9.3/bin/../lib/gcc/arm-none-eabi/4.9.3/../../../../arm-none-eabi/lib/armv7-m\libc.a
LOAD c:/program files (x86)/cypress/psoc creator/3.3/psoc creator/import/gnu/arm/4.9.3/bin/../lib/gcc/arm-none-eabi/4.9.3/../../../../arm-none-eabi/lib/armv7-m\libnosys.a
END GROUP
                0x00000000                CY_APPL_ORIGIN = 0x0
                0x00000100                CY_FLASH_ROW_SIZE = 0x100
                0x00000020                CY_ECC_ROW_SIZE = 0x20
                0x00000000                CY_EE_IN_BTLDR = 0x0
                0x00000000                CY_APPL_LOADABLE = 0x0
                0x00000800                CY_EE_SIZE = 0x800
                0x00000001                CY_APPL_NUM = 0x1
                0x00000001                CY_APPL_MAX = 0x1
                0x00000040                CY_METADATA_SIZE = 0x40
                0x00000000                CY_APPL_LOADABLE = 0x0
                0x00000000                CY_CHECKSUM_EXCLUDE_SIZE = ALIGN (0x0, CY_FLASH_ROW_SIZE)
                0x1fff81d8                PROVIDE (__cy_heap_start, _end)
                0x00000001                PROVIDE (__cy_region_num, ((__cy_regions_end - __cy_regions) / 0x10))
                0x20008000                PROVIDE (__cy_stack, (ORIGIN (ram) + 0x10000))
                0x20007800                PROVIDE (__cy_heap_end, (__cy_stack - 0x800))

.cybootloader   0x00000000        0x0
 *(.cybootloader)
                0x00000000                appl1_start = CY_APPL_ORIGIN?CY_APPL_ORIGIN:ALIGN (CY_FLASH_ROW_SIZE)
                0x0001ff00                appl2_start = (appl1_start + ALIGN ((((0x40000 - appl1_start) - (0x2 * CY_FLASH_ROW_SIZE)) / 0x2), CY_FLASH_ROW_SIZE))
                0x00000000                appl_start = (CY_APPL_NUM == 0x1)?appl1_start:appl2_start
                0x00000000                ecc_offset = ((appl_start / CY_FLASH_ROW_SIZE) * CY_ECC_ROW_SIZE)
                0x00000000                ee_offset = (CY_APPL_LOADABLE && ! (CY_EE_IN_BTLDR))?((CY_EE_SIZE / CY_APPL_MAX) * (CY_APPL_NUM - 0x1)):0x0
                0x00000800                ee_size = (CY_APPL_LOADABLE && ! (CY_EE_IN_BTLDR))?(CY_EE_SIZE / CY_APPL_MAX):CY_EE_SIZE
                0x00000000                PROVIDE (CY_ECC_OFFSET, ecc_offset)

.text           0x00000000     0x342c
 CREATE_OBJECT_SYMBOLS
                0x00000000                PROVIDE (__cy_interrupt_vector, RomVectors)
 *(.romvectors)
 .romvectors    0x00000000       0x10 .\ARM_GCC_493\Debug\Cm3Start.o
                0x00000000                RomVectors
                0x00000001                ASSERT ((. != __cy_interrupt_vector), No interrupt vector)
                0x00000001                ASSERT (CY_APPL_ORIGIN?(SIZEOF (.cybootloader) <= CY_APPL_ORIGIN):0x1, Wrong image location)
                0x00000010                PROVIDE (__cy_reset, Reset)
 *(.text.Reset)
 .text.Reset    0x00000010       0x18 .\ARM_GCC_493\Debug\Cm3Start.o
                0x00000010                Reset
                0x00000001                ASSERT ((. != __cy_reset), No reset code)
 *(.dma_init)
                0x00000001                ASSERT ((((appl_start + .) <= 0x10000) || 0x1), DMA Init must be within the first 64k of flash)
 *(.text .text.* .gnu.linkonce.t.*)
 .text          0x00000028       0x5c c:/program files (x86)/cypress/psoc creator/3.3/psoc creator/import/gnu/arm/4.9.3/bin/../lib/gcc/arm-none-eabi/4.9.3/armv7-m/crtbegin.o
 .text.main     0x00000084      0x284 .\ARM_GCC_493\Debug\main.o
                0x00000084                main
 .text.IntDefaultHandler
                0x00000308        0x8 .\ARM_GCC_493\Debug\Cm3Start.o
                0x00000308                IntDefaultHandler
 .text._sbrk    0x00000310       0x50 .\ARM_GCC_493\Debug\Cm3Start.o
                0x00000310                _sbrk
 .text.Start_c  0x00000360       0x98 .\ARM_GCC_493\Debug\Cm3Start.o
                0x00000360                Start_c
 .text.initialize_psoc
                0x000003f8       0x8c .\ARM_GCC_493\Debug\Cm3Start.o
                0x000003f8                initialize_psoc
 .text.CYMEMZERO
                0x00000484       0x1c .\ARM_GCC_493\Debug\CE95277 ADC and UART.a(cyfitter_cfg.o)
 .text.CYCONFIGCPY
                0x000004a0       0x1c .\ARM_GCC_493\Debug\CE95277 ADC and UART.a(cyfitter_cfg.o)
 .text.CyClockStartupError
                0x000004bc        0xc .\ARM_GCC_493\Debug\CE95277 ADC and UART.a(cyfitter_cfg.o)
 .text.cfg_write_bytes32
                0x000004c8       0x74 .\ARM_GCC_493\Debug\CE95277 ADC and UART.a(cyfitter_cfg.o)
 .text.ClockSetup
                0x0000053c      0x158 .\ARM_GCC_493\Debug\CE95277 ADC and UART.a(cyfitter_cfg.o)
 .text.AnalogSetDefault
                0x00000694       0x6c .\ARM_GCC_493\Debug\CE95277 ADC and UART.a(cyfitter_cfg.o)
 .text.ADC_DelSig_1_AMux_Set
                0x00000700       0x40 .\ARM_GCC_493\Debug\CE95277 ADC and UART.a(cyfitter_cfg.o)
                0x00000700                ADC_DelSig_1_AMux_Set
 .text.ADC_DelSig_1_AMux_Unset
                0x00000740       0x44 .\ARM_GCC_493\Debug\CE95277 ADC and UART.a(cyfitter_cfg.o)
                0x00000740                ADC_DelSig_1_AMux_Unset
 .text.cyfitter_cfg
                0x00000784      0x174 .\ARM_GCC_493\Debug\CE95277 ADC and UART.a(cyfitter_cfg.o)
                0x00000784                cyfitter_cfg
 .text.ADC_DelSig_1_Init
                0x000008f8      0x158 .\ARM_GCC_493\Debug\CE95277 ADC and UART.a(ADC_DelSig_1.o)
                0x000008f8                ADC_DelSig_1_Init
 .text.ADC_DelSig_1_Enable
                0x00000a50      0x158 .\ARM_GCC_493\Debug\CE95277 ADC and UART.a(ADC_DelSig_1.o)
                0x00000a50                ADC_DelSig_1_Enable
 .text.ADC_DelSig_1_Start
                0x00000ba8       0x30 .\ARM_GCC_493\Debug\CE95277 ADC and UART.a(ADC_DelSig_1.o)
                0x00000ba8                ADC_DelSig_1_Start
 .text.ADC_DelSig_1_StartConvert
                0x00000bd8       0x20 .\ARM_GCC_493\Debug\CE95277 ADC and UART.a(ADC_DelSig_1.o)
                0x00000bd8                ADC_DelSig_1_StartConvert
 .text.ADC_DelSig_1_IsEndConversion
                0x00000bf8       0x50 .\ARM_GCC_493\Debug\CE95277 ADC and UART.a(ADC_DelSig_1.o)
                0x00000bf8                ADC_DelSig_1_IsEndConversion
 .text.ADC_DelSig_1_GetResult16
                0x00000c48       0x7c .\ARM_GCC_493\Debug\CE95277 ADC and UART.a(ADC_DelSig_1.o)
                0x00000c48                ADC_DelSig_1_GetResult16
 .text.ADC_DelSig_1_CountsTo_mVolts
                0x00000cc4       0x40 .\ARM_GCC_493\Debug\CE95277 ADC and UART.a(ADC_DelSig_1.o)
                0x00000cc4                ADC_DelSig_1_CountsTo_mVolts
 .text.ADC_DelSig_1_InitConfig
                0x00000d04      0x408 .\ARM_GCC_493\Debug\CE95277 ADC and UART.a(ADC_DelSig_1.o)
 .text.ADC_DelSig_1_GainCompensation
                0x0000110c      0x16c .\ARM_GCC_493\Debug\CE95277 ADC and UART.a(ADC_DelSig_1.o)
 .text.ADC_DelSig_1_SetDSMRef0Reg
                0x00001278       0x78 .\ARM_GCC_493\Debug\CE95277 ADC and UART.a(ADC_DelSig_1.o)
 .text.ADC_DelSig_1_ISR1
                0x000012f0        0xc .\ARM_GCC_493\Debug\CE95277 ADC and UART.a(ADC_DelSig_1_INT.o)
                0x000012f0                ADC_DelSig_1_ISR1
 .text.ADC_DelSig_1_ISR2
                0x000012fc        0xc .\ARM_GCC_493\Debug\CE95277 ADC and UART.a(ADC_DelSig_1_INT.o)
                0x000012fc                ADC_DelSig_1_ISR2
 .text.ADC_DelSig_1_ISR3
                0x00001308        0xc .\ARM_GCC_493\Debug\CE95277 ADC and UART.a(ADC_DelSig_1_INT.o)
                0x00001308                ADC_DelSig_1_ISR3
 .text.ADC_DelSig_1_ISR4
                0x00001314        0xc .\ARM_GCC_493\Debug\CE95277 ADC and UART.a(ADC_DelSig_1_INT.o)
                0x00001314                ADC_DelSig_1_ISR4
 .text.Sample_Hold_1_Init
                0x00001320       0x50 .\ARM_GCC_493\Debug\CE95277 ADC and UART.a(Sample_Hold_1.o)
                0x00001320                Sample_Hold_1_Init
 .text.Sample_Hold_1_Enable
                0x00001370       0x48 .\ARM_GCC_493\Debug\CE95277 ADC and UART.a(Sample_Hold_1.o)
                0x00001370                Sample_Hold_1_Enable
 .text.Sample_Hold_1_Start
                0x000013b8       0x20 .\ARM_GCC_493\Debug\CE95277 ADC and UART.a(Sample_Hold_1.o)
                0x000013b8                Sample_Hold_1_Start
 .text.Sample_Hold_1_Stop
                0x000013d8       0x34 .\ARM_GCC_493\Debug\CE95277 ADC and UART.a(Sample_Hold_1.o)
                0x000013d8                Sample_Hold_1_Stop
 .text.Sample_Hold_1_SetPower
                0x0000140c       0x38 .\ARM_GCC_493\Debug\CE95277 ADC and UART.a(Sample_Hold_1.o)
                0x0000140c                Sample_Hold_1_SetPower
 .text.UART_1_Start
                0x00001444       0x20 .\ARM_GCC_493\Debug\CE95277 ADC and UART.a(UART_1.o)
                0x00001444                UART_1_Start
 .text.UART_1_Init
                0x00001464       0x40 .\ARM_GCC_493\Debug\CE95277 ADC and UART.a(UART_1.o)
                0x00001464                UART_1_Init
 .text.UART_1_Enable
                0x000014a4       0x5c .\ARM_GCC_493\Debug\CE95277 ADC and UART.a(UART_1.o)
                0x000014a4                UART_1_Enable
 .text.UART_1_GetChar
                0x00001500       0x44 .\ARM_GCC_493\Debug\CE95277 ADC and UART.a(UART_1.o)
                0x00001500                UART_1_GetChar
 .text.UART_1_PutChar
                0x00001544       0x34 .\ARM_GCC_493\Debug\CE95277 ADC and UART.a(UART_1.o)
                0x00001544                UART_1_PutChar
 .text.UART_1_PutString
                0x00001578       0x40 .\ARM_GCC_493\Debug\CE95277 ADC and UART.a(UART_1.o)
                0x00001578                UART_1_PutString
 .text.ADC_DelSig_1_AMux_Start
                0x000015b8       0x30 .\ARM_GCC_493\Debug\CE95277 ADC and UART.a(ADC_DelSig_1_AMux.o)
                0x000015b8                ADC_DelSig_1_AMux_Start
 .text.ADC_DelSig_1_AMux_Select
                0x000015e8       0x28 .\ARM_GCC_493\Debug\CE95277 ADC and UART.a(ADC_DelSig_1_AMux.o)
                0x000015e8                ADC_DelSig_1_AMux_Select
 .text.ADC_DelSig_1_Ext_CP_Clk_SetDividerRegister
                0x00001610      0x160 .\ARM_GCC_493\Debug\CE95277 ADC and UART.a(ADC_DelSig_1_Ext_CP_Clk.o)
                0x00001610                ADC_DelSig_1_Ext_CP_Clk_SetDividerRegister
 .text.ADC_DelSig_1_Ext_CP_Clk_GetDividerRegister
                0x00001770       0x18 .\ARM_GCC_493\Debug\CE95277 ADC and UART.a(ADC_DelSig_1_Ext_CP_Clk.o)
                0x00001770                ADC_DelSig_1_Ext_CP_Clk_GetDividerRegister
 .text.ADC_DelSig_1_Ext_CP_Clk_SetModeRegister
                0x00001788       0x34 .\ARM_GCC_493\Debug\CE95277 ADC and UART.a(ADC_DelSig_1_Ext_CP_Clk.o)
                0x00001788                ADC_DelSig_1_Ext_CP_Clk_SetModeRegister
 .text.ADC_DelSig_1_Ext_CP_Clk_GetSourceRegister
                0x000017bc       0x20 .\ARM_GCC_493\Debug\CE95277 ADC and UART.a(ADC_DelSig_1_Ext_CP_Clk.o)
                0x000017bc                ADC_DelSig_1_Ext_CP_Clk_GetSourceRegister
 .text.ADC_DelSig_1_theACLK_SetDividerRegister
                0x000017dc      0x160 .\ARM_GCC_493\Debug\CE95277 ADC and UART.a(ADC_DelSig_1_theACLK.o)
                0x000017dc                ADC_DelSig_1_theACLK_SetDividerRegister
 .text.ADC_DelSig_1_theACLK_GetDividerRegister
                0x0000193c       0x18 .\ARM_GCC_493\Debug\CE95277 ADC and UART.a(ADC_DelSig_1_theACLK.o)
                0x0000193c                ADC_DelSig_1_theACLK_GetDividerRegister
 .text.ADC_DelSig_1_theACLK_SetModeRegister
                0x00001954       0x34 .\ARM_GCC_493\Debug\CE95277 ADC and UART.a(ADC_DelSig_1_theACLK.o)
                0x00001954                ADC_DelSig_1_theACLK_SetModeRegister
 .text.ADC_DelSig_1_theACLK_GetSourceRegister
                0x00001988       0x20 .\ARM_GCC_493\Debug\CE95277 ADC and UART.a(ADC_DelSig_1_theACLK.o)
                0x00001988                ADC_DelSig_1_theACLK_GetSourceRegister
 .text.UART_1_IntClock_Start
                0x000019a8       0x34 .\ARM_GCC_493\Debug\CE95277 ADC and UART.a(UART_1_IntClock.o)
                0x000019a8                UART_1_IntClock_Start
 *fill*         0x000019dc        0x4 
 .text          0x000019e0       0x58 .\ARM_GCC_493\Debug\CE95277 ADC and UART.a(CyBootAsmGnu.o)
                0x000019e0                CyDelayCycles
                0x00001a1e                CyEnterCriticalSection
                0x00001a26                CyExitCriticalSection
 .text.CyHalt   0x00001a38       0x18 .\ARM_GCC_493\Debug\CE95277 ADC and UART.a(CyLib.o)
                0x00001a38                CyHalt
 .text.CyDelayUs
                0x00001a50       0x24 .\ARM_GCC_493\Debug\CE95277 ADC and UART.a(CyLib.o)
                0x00001a50                CyDelayUs
 .text.CyIntSetVector
                0x00001a74       0x50 .\ARM_GCC_493\Debug\CE95277 ADC and UART.a(CyLib.o)
                0x00001a74                CyIntSetVector
 .text.CyIntSetPriority
                0x00001ac4       0x44 .\ARM_GCC_493\Debug\CE95277 ADC and UART.a(CyLib.o)
                0x00001ac4                CyIntSetPriority
 .text.sqrt     0x00001b08       0xac c:/program files (x86)/cypress/psoc creator/3.3/psoc creator/import/gnu/arm/4.9.3/bin/../lib/gcc/arm-none-eabi/4.9.3/../../../../arm-none-eabi/lib/armv7-m\libm.a(lib_a-w_sqrt.o)
                0x00001b08                sqrt
 .text.__ieee754_sqrt
                0x00001bb4      0x18c c:/program files (x86)/cypress/psoc creator/3.3/psoc creator/import/gnu/arm/4.9.3/bin/../lib/gcc/arm-none-eabi/4.9.3/../../../../arm-none-eabi/lib/armv7-m\libm.a(lib_a-e_sqrt.o)
                0x00001bb4                __ieee754_sqrt
 .text.__fpclassifyd
                0x00001d40       0x58 c:/program files (x86)/cypress/psoc creator/3.3/psoc creator/import/gnu/arm/4.9.3/bin/../lib/gcc/arm-none-eabi/4.9.3/../../../../arm-none-eabi/lib/armv7-m\libm.a(lib_a-s_fpclassify.o)
                0x00001d40                __fpclassifyd
 .text.matherr  0x00001d98        0x4 c:/program files (x86)/cypress/psoc creator/3.3/psoc creator/import/gnu/arm/4.9.3/bin/../lib/gcc/arm-none-eabi/4.9.3/../../../../arm-none-eabi/lib/armv7-m\libm.a(lib_a-s_matherr.o)
                0x00001d98                matherr
 .text          0x00001d9c      0x370 c:/program files (x86)/cypress/psoc creator/3.3/psoc creator/import/gnu/arm/4.9.3/bin/../lib/gcc/arm-none-eabi/4.9.3/armv7-m\libgcc.a(_arm_addsubdf3.o)
                0x00001d9c                __aeabi_drsub
                0x00001da4                __aeabi_dsub
                0x00001da4                __subdf3
                0x00001da8                __aeabi_dadd
                0x00001da8                __adddf3
                0x00002020                __floatunsidf
                0x00002020                __aeabi_ui2d
                0x00002040                __floatsidf
                0x00002040                __aeabi_i2d
                0x00002064                __aeabi_f2d
                0x00002064                __extendsfdf2
                0x000020a0                __floatundidf
                0x000020a0                __aeabi_ul2d
                0x000020b0                __floatdidf
                0x000020b0                __aeabi_l2d
 .text          0x0000210c      0x424 c:/program files (x86)/cypress/psoc creator/3.3/psoc creator/import/gnu/arm/4.9.3/bin/../lib/gcc/arm-none-eabi/4.9.3/armv7-m\libgcc.a(_arm_muldivdf3.o)
                0x0000210c                __aeabi_dmul
                0x0000210c                __muldf3
                0x00002360                __divdf3
                0x00002360                __aeabi_ddiv
 .text          0x00002530      0x110 c:/program files (x86)/cypress/psoc creator/3.3/psoc creator/import/gnu/arm/4.9.3/bin/../lib/gcc/arm-none-eabi/4.9.3/armv7-m\libgcc.a(_arm_cmpdf2.o)
                0x00002530                __gtdf2
                0x00002530                __gedf2
                0x00002538                __ltdf2
                0x00002538                __ledf2
                0x00002540                __nedf2
                0x00002540                __eqdf2
                0x00002540                __cmpdf2
                0x000025bc                __aeabi_cdrcmple
                0x000025cc                __aeabi_cdcmpeq
                0x000025cc                __aeabi_cdcmple
                0x000025dc                __aeabi_dcmpeq
                0x000025f0                __aeabi_dcmplt
                0x00002604                __aeabi_dcmple
                0x00002618                __aeabi_dcmpge
                0x0000262c                __aeabi_dcmpgt
 .text          0x00002640       0x50 c:/program files (x86)/cypress/psoc creator/3.3/psoc creator/import/gnu/arm/4.9.3/bin/../lib/gcc/arm-none-eabi/4.9.3/armv7-m\libgcc.a(_arm_fixdfsi.o)
                0x00002640                __aeabi_d2iz
                0x00002640                __fixdfsi
 .text          0x00002690      0x21c c:/program files (x86)/cypress/psoc creator/3.3/psoc creator/import/gnu/arm/4.9.3/bin/../lib/gcc/arm-none-eabi/4.9.3/armv7-m\libgcc.a(_arm_addsubsf3.o)
                0x00002690                __aeabi_frsub
                0x00002698                __subsf3
                0x00002698                __aeabi_fsub
                0x0000269c                __aeabi_fadd
                0x0000269c                __addsf3
                0x000027fc                __aeabi_ui2f
                0x000027fc                __floatunsisf
                0x00002804                __aeabi_i2f
                0x00002804                __floatsisf
                0x00002820                __aeabi_ul2f
                0x00002820                __floatundisf
                0x00002830                __aeabi_l2f
                0x00002830                __floatdisf
 .text          0x000028ac      0x2a0 c:/program files (x86)/cypress/psoc creator/3.3/psoc creator/import/gnu/arm/4.9.3/bin/../lib/gcc/arm-none-eabi/4.9.3/armv7-m\libgcc.a(_arm_muldivsf3.o)
                0x000028ac                __mulsf3
                0x000028ac                __aeabi_fmul
                0x00002a14                __aeabi_fdiv
                0x00002a14                __divsf3
 .text          0x00002b4c       0x4c c:/program files (x86)/cypress/psoc creator/3.3/psoc creator/import/gnu/arm/4.9.3/bin/../lib/gcc/arm-none-eabi/4.9.3/armv7-m\libgcc.a(_arm_fixsfsi.o)
                0x00002b4c                __aeabi_f2iz
                0x00002b4c                __fixsfsi
 .text.__errno  0x00002b98        0xc c:/program files (x86)/cypress/psoc creator/3.3/psoc creator/import/gnu/arm/4.9.3/bin/../lib/gcc/arm-none-eabi/4.9.3/../../../../arm-none-eabi/lib/armv7-m\libg_nano.a(lib_a-errno.o)
                0x00002b98                __errno
 .text.__libc_init_array
                0x00002ba4       0x4c c:/program files (x86)/cypress/psoc creator/3.3/psoc creator/import/gnu/arm/4.9.3/bin/../lib/gcc/arm-none-eabi/4.9.3/../../../../arm-none-eabi/lib/armv7-m\libg_nano.a(lib_a-init.o)
                0x00002ba4                __libc_init_array
 .text.memcpy   0x00002bf0       0x16 c:/program files (x86)/cypress/psoc creator/3.3/psoc creator/import/gnu/arm/4.9.3/bin/../lib/gcc/arm-none-eabi/4.9.3/../../../../arm-none-eabi/lib/armv7-m\libg_nano.a(lib_a-memcpy.o)
                0x00002bf0                memcpy
 .text.memset   0x00002c06       0x10 c:/program files (x86)/cypress/psoc creator/3.3/psoc creator/import/gnu/arm/4.9.3/bin/../lib/gcc/arm-none-eabi/4.9.3/../../../../arm-none-eabi/lib/armv7-m\libg_nano.a(lib_a-memset.o)
                0x00002c06                memset
 *fill*         0x00002c16        0x2 
 .text.sprintf  0x00002c18       0x48 c:/program files (x86)/cypress/psoc creator/3.3/psoc creator/import/gnu/arm/4.9.3/bin/../lib/gcc/arm-none-eabi/4.9.3/../../../../arm-none-eabi/lib/armv7-m\libg_nano.a(lib_a-sprintf.o)
                0x00002c18                siprintf
                0x00002c18                sprintf
 .text.__ssputs_r
                0x00002c60       0xb2 c:/program files (x86)/cypress/psoc creator/3.3/psoc creator/import/gnu/arm/4.9.3/bin/../lib/gcc/arm-none-eabi/4.9.3/../../../../arm-none-eabi/lib/armv7-m\libg_nano.a(lib_a-nano-svfprintf.o)
                0x00002c60                __ssputs_r
 *fill*         0x00002d12        0x2 
 .text._svfprintf_r
                0x00002d14      0x1e4 c:/program files (x86)/cypress/psoc creator/3.3/psoc creator/import/gnu/arm/4.9.3/bin/../lib/gcc/arm-none-eabi/4.9.3/../../../../arm-none-eabi/lib/armv7-m\libg_nano.a(lib_a-nano-svfprintf.o)
                0x00002d14                _svfiprintf_r
                0x00002d14                _svfprintf_r
 .text._printf_common
                0x00002ef8       0xea c:/program files (x86)/cypress/psoc creator/3.3/psoc creator/import/gnu/arm/4.9.3/bin/../lib/gcc/arm-none-eabi/4.9.3/../../../../arm-none-eabi/lib/armv7-m\libg_nano.a(lib_a-nano-vfprintf_i.o)
                0x00002ef8                _printf_common
 *fill*         0x00002fe2        0x2 
 .text._printf_i
                0x00002fe4      0x240 c:/program files (x86)/cypress/psoc creator/3.3/psoc creator/import/gnu/arm/4.9.3/bin/../lib/gcc/arm-none-eabi/4.9.3/../../../../arm-none-eabi/lib/armv7-m\libg_nano.a(lib_a-nano-vfprintf_i.o)
                0x00002fe4                _printf_i
 .text.memchr   0x00003224       0x1c c:/program files (x86)/cypress/psoc creator/3.3/psoc creator/import/gnu/arm/4.9.3/bin/../lib/gcc/arm-none-eabi/4.9.3/../../../../arm-none-eabi/lib/armv7-m\libg_nano.a(lib_a-memchr.o)
                0x00003224                memchr
 .text.memmove  0x00003240       0x36 c:/program files (x86)/cypress/psoc creator/3.3/psoc creator/import/gnu/arm/4.9.3/bin/../lib/gcc/arm-none-eabi/4.9.3/../../../../arm-none-eabi/lib/armv7-m\libg_nano.a(lib_a-memmove.o)
                0x00003240                memmove
 *fill*         0x00003276        0x2 
 .text._free_r  0x00003278       0x88 c:/program files (x86)/cypress/psoc creator/3.3/psoc creator/import/gnu/arm/4.9.3/bin/../lib/gcc/arm-none-eabi/4.9.3/../../../../arm-none-eabi/lib/armv7-m\libg_nano.a(lib_a-nano-freer.o)
                0x00003278                _free_r
 .text._malloc_r
                0x00003300       0xac c:/program files (x86)/cypress/psoc creator/3.3/psoc creator/import/gnu/arm/4.9.3/bin/../lib/gcc/arm-none-eabi/4.9.3/../../../../arm-none-eabi/lib/armv7-m\libg_nano.a(lib_a-nano-mallocr.o)
                0x00003300                _malloc_r
 .text._realloc_r
                0x000033ac       0x4c c:/program files (x86)/cypress/psoc creator/3.3/psoc creator/import/gnu/arm/4.9.3/bin/../lib/gcc/arm-none-eabi/4.9.3/../../../../arm-none-eabi/lib/armv7-m\libg_nano.a(lib_a-nano-reallocr.o)
                0x000033ac                _realloc_r
 .text._sbrk_r  0x000033f8       0x20 c:/program files (x86)/cypress/psoc creator/3.3/psoc creator/import/gnu/arm/4.9.3/bin/../lib/gcc/arm-none-eabi/4.9.3/../../../../arm-none-eabi/lib/armv7-m\libg_nano.a(lib_a-sbrkr.o)
                0x000033f8                _sbrk_r
 .text._malloc_usable_size_r
                0x00003418       0x14 c:/program files (x86)/cypress/psoc creator/3.3/psoc creator/import/gnu/arm/4.9.3/bin/../lib/gcc/arm-none-eabi/4.9.3/../../../../arm-none-eabi/lib/armv7-m\libg_nano.a(lib_a-nano-msizer.o)
                0x00003418                _malloc_usable_size_r
 *(.plt)
 *(.gnu.warning)
 *(.glue_7t)
 .glue_7t       0x00000000        0x0 linker stubs
 *(.glue_7)
 .glue_7        0x00000000        0x0 linker stubs
 *(.vfp11_veneer)
 .vfp11_veneer  0x00000000        0x0 linker stubs
 *(.bootloader)
 *(.ARM.extab* .gnu.linkonce.armextab.*)
 *(.gcc_except_table)

.v4_bx          0x0000342c        0x0
 .v4_bx         0x00000000        0x0 linker stubs

.iplt           0x0000342c        0x0
 .iplt          0x00000000        0x0 c:/program files (x86)/cypress/psoc creator/3.3/psoc creator/import/gnu/arm/4.9.3/bin/../lib/gcc/arm-none-eabi/4.9.3/armv7-m/crtbegin.o

.eh_frame_hdr
 *(.eh_frame_hdr)

.eh_frame       0x0000342c        0x4
 *(.eh_frame)
 .eh_frame      0x0000342c        0x0 c:/program files (x86)/cypress/psoc creator/3.3/psoc creator/import/gnu/arm/4.9.3/bin/../lib/gcc/arm-none-eabi/4.9.3/armv7-m/crtbegin.o
 .eh_frame      0x0000342c        0x4 c:/program files (x86)/cypress/psoc creator/3.3/psoc creator/import/gnu/arm/4.9.3/bin/../lib/gcc/arm-none-eabi/4.9.3/armv7-m/crtend.o
                0x00003430                PROVIDE (__exidx_start, .)

.ARM.exidx
 *(.ARM.exidx* .gnu.linkonce.armexidx.*)
                0x00003430                __exidx_end = .

.rodata         0x00003430      0x108
 *(.rodata .rodata.* .gnu.linkonce.r.*)
 .rodata        0x00003430       0x4c .\ARM_GCC_493\Debug\main.o
 .rodata        0x0000347c       0x48 .\ARM_GCC_493\Debug\CE95277 ADC and UART.a(cyfitter_cfg.o)
                0x0000347c                ADC_DelSig_1_AMux__addrTable
                0x00003484                ADC_DelSig_1_AMux__maskTable
 .rodata.str1.4
                0x000034c4        0x8 c:/program files (x86)/cypress/psoc creator/3.3/psoc creator/import/gnu/arm/4.9.3/bin/../lib/gcc/arm-none-eabi/4.9.3/../../../../arm-none-eabi/lib/armv7-m\libm.a(lib_a-w_sqrt.o)
 .rodata.str1.1
                0x000034cc        0x2 c:/program files (x86)/cypress/psoc creator/3.3/psoc creator/import/gnu/arm/4.9.3/bin/../lib/gcc/arm-none-eabi/4.9.3/../../../../arm-none-eabi/lib/armv7-m\libg_nano.a(lib_a-impure.o)
 .rodata.str1.1
                0x000034ce       0x11 c:/program files (x86)/cypress/psoc creator/3.3/psoc creator/import/gnu/arm/4.9.3/bin/../lib/gcc/arm-none-eabi/4.9.3/../../../../arm-none-eabi/lib/armv7-m\libg_nano.a(lib_a-nano-svfprintf.o)
 .rodata.str1.1
                0x000034df       0x22 c:/program files (x86)/cypress/psoc creator/3.3/psoc creator/import/gnu/arm/4.9.3/bin/../lib/gcc/arm-none-eabi/4.9.3/../../../../arm-none-eabi/lib/armv7-m\libg_nano.a(lib_a-nano-vfprintf_i.o)
                0x00003504                . = ALIGN (0x4)
 *fill*         0x00003501        0x3 
 *(.init)
 .init          0x00003504        0x4 c:/program files (x86)/cypress/psoc creator/3.3/psoc creator/import/gnu/arm/4.9.3/bin/../lib/gcc/arm-none-eabi/4.9.3/armv7-m/crti.o
                0x00003504                _init
 .init          0x00003508        0x8 c:/program files (x86)/cypress/psoc creator/3.3/psoc creator/import/gnu/arm/4.9.3/bin/../lib/gcc/arm-none-eabi/4.9.3/armv7-m/crtn.o
                0x00003510                . = ALIGN (0x4)
                0x00003510                __preinit_array_start = .
 *(.preinit_array)
                0x00003510                __preinit_array_end = .
                0x00003510                . = ALIGN (0x4)
                0x00003510                __init_array_start = .
 *(SORT(.init_array.*))
 *(.init_array)
 .init_array    0x00003510        0x4 c:/program files (x86)/cypress/psoc creator/3.3/psoc creator/import/gnu/arm/4.9.3/bin/../lib/gcc/arm-none-eabi/4.9.3/armv7-m/crtbegin.o
 .init_array    0x00003514        0x4 .\ARM_GCC_493\Debug\Cm3Start.o
                0x00003518                __init_array_end = .
                0x00003518                . = ALIGN (0x4)
 *(.fini)
 .fini          0x00003518        0x4 c:/program files (x86)/cypress/psoc creator/3.3/psoc creator/import/gnu/arm/4.9.3/bin/../lib/gcc/arm-none-eabi/4.9.3/armv7-m/crti.o
                0x00003518                _fini
 .fini          0x0000351c        0x8 c:/program files (x86)/cypress/psoc creator/3.3/psoc creator/import/gnu/arm/4.9.3/bin/../lib/gcc/arm-none-eabi/4.9.3/armv7-m/crtn.o
                0x00003524                . = ALIGN (0x4)
                0x00003524                __fini_array_start = .
 *(.fini_array)
 .fini_array    0x00003524        0x4 c:/program files (x86)/cypress/psoc creator/3.3/psoc creator/import/gnu/arm/4.9.3/bin/../lib/gcc/arm-none-eabi/4.9.3/armv7-m/crtbegin.o
 *(SORT(.fini_array.*))
                0x00003528                __fini_array_end = .
                0x00003528                . = ALIGN (0x4)
 *crtbegin.o(.ctors)
 *(EXCLUDE_FILE(*crtend.o) .ctors)
 *(SORT(.ctors.*))
 *crtend.o(.ctors)
                0x00003528                . = ALIGN (0x4)
 *crtbegin.o(.dtors)
 *(EXCLUDE_FILE(*crtend.o) .dtors)
 *(SORT(.dtors.*))
 *crtend.o(.dtors)
                0x00003528                . = ALIGN (0x4)
                0x00003528                __cy_regions = .
                0x00003528        0x4 LONG 0x3538 __cy_region_init_ram
                0x0000352c        0x4 LONG 0x1fff8108 __cy_region_start_data
                0x00003530        0x4 LONG 0x88 __cy_region_init_size_ram
                0x00003534        0x4 LONG 0x48 __cy_region_zero_size_ram
                0x00003538                __cy_regions_end = .
                0x00003538                . = ALIGN (0x8)
                0x00003538                _etext = .

.cy_checksum_exclude
                0x00003538        0x0
 *(.cy_checksum_exclude)

.ramvectors     0x1fff8000      0x100
                0x1fff8000                __cy_region_start_ram = .
 *(.ramvectors)
 .ramvectors    0x1fff8000      0x100 .\ARM_GCC_493\Debug\Cm3Start.o
                0x1fff8000                CyRamVectors

.noinit         0x1fff8100        0x5
 *(.noinit)
 .noinit        0x1fff8100        0x4 .\ARM_GCC_493\Debug\Cm3Start.o
 .noinit        0x1fff8104        0x1 .\ARM_GCC_493\Debug\CE95277 ADC and UART.a(CyLib.o)
                0x1fff8104                CyResetStatus

.data           0x1fff8108       0x88 load address 0x00003538
                0x1fff8108                __cy_region_start_data = .
 *(.jcr)
 .jcr           0x1fff8108        0x0 c:/program files (x86)/cypress/psoc creator/3.3/psoc creator/import/gnu/arm/4.9.3/bin/../lib/gcc/arm-none-eabi/4.9.3/armv7-m/crtbegin.o
 .jcr           0x1fff8108        0x4 c:/program files (x86)/cypress/psoc creator/3.3/psoc creator/import/gnu/arm/4.9.3/bin/../lib/gcc/arm-none-eabi/4.9.3/armv7-m/crtend.o
 *(.got.plt)
 *(.got)
 *(.shdata)
 *(.data .data.* .gnu.linkonce.d.*)
 .data          0x1fff810c        0x4 .\ARM_GCC_493\Debug\Cm3Start.o
 .data          0x1fff8110        0x1 .\ARM_GCC_493\Debug\CE95277 ADC and UART.a(ADC_DelSig_1.o)
                0x1fff8110                ADC_DelSig_1_Config
 .data          0x1fff8111        0x1 .\ARM_GCC_493\Debug\CE95277 ADC and UART.a(ADC_DelSig_1_AMux.o)
 *fill*         0x1fff8112        0x2 
 .data          0x1fff8114       0x10 .\ARM_GCC_493\Debug\CE95277 ADC and UART.a(CyLib.o)
                0x1fff8114                cydelay_freq_hz
                0x1fff8118                cydelay_freq_khz
                0x1fff811c                cydelay_freq_mhz
                0x1fff8120                cydelay_32k_ms
 .data.__fdlib_version
                0x1fff8124        0x1 c:/program files (x86)/cypress/psoc creator/3.3/psoc creator/import/gnu/arm/4.9.3/bin/../lib/gcc/arm-none-eabi/4.9.3/../../../../arm-none-eabi/lib/armv7-m\libm.a(lib_a-s_lib_ver.o)
                0x1fff8124                __fdlib_version
 *fill*         0x1fff8125        0x3 
 .data.impure_data
                0x1fff8128       0x60 c:/program files (x86)/cypress/psoc creator/3.3/psoc creator/import/gnu/arm/4.9.3/bin/../lib/gcc/arm-none-eabi/4.9.3/../../../../arm-none-eabi/lib/armv7-m\libg_nano.a(lib_a-impure.o)
 .data._impure_ptr
                0x1fff8188        0x4 c:/program files (x86)/cypress/psoc creator/3.3/psoc creator/import/gnu/arm/4.9.3/bin/../lib/gcc/arm-none-eabi/4.9.3/../../../../arm-none-eabi/lib/armv7-m\libg_nano.a(lib_a-impure.o)
                0x1fff8188                _impure_ptr
                0x1fff8190                . = ALIGN (0x8)
 *fill*         0x1fff818c        0x4 
 *(.ram)
                0x1fff8190                _edata = .

.igot.plt       0x1fff8190        0x0 load address 0x000035c0
 .igot.plt      0x00000000        0x0 c:/program files (x86)/cypress/psoc creator/3.3/psoc creator/import/gnu/arm/4.9.3/bin/../lib/gcc/arm-none-eabi/4.9.3/armv7-m/crtbegin.o

.bss            0x1fff8190       0x48 load address 0x000035c0
                0x1fff8190                PROVIDE (__bss_start__, .)
 *(.shbss)
 *(.bss .bss.* .gnu.linkonce.b.*)
 .bss           0x1fff8190       0x1c c:/program files (x86)/cypress/psoc creator/3.3/psoc creator/import/gnu/arm/4.9.3/bin/../lib/gcc/arm-none-eabi/4.9.3/armv7-m/crtbegin.o
 .bss           0x1fff81ac       0x14 .\ARM_GCC_493\Debug\CE95277 ADC and UART.a(ADC_DelSig_1.o)
                0x1fff81ac                ADC_DelSig_1_convDone
                0x1fff81ad                ADC_DelSig_1_stopConversion
                0x1fff81ae                ADC_DelSig_1_initVar
                0x1fff81af                ADC_DelSig_1_started
 .bss           0x1fff81c0        0x1 .\ARM_GCC_493\Debug\CE95277 ADC and UART.a(Sample_Hold_1.o)
                0x1fff81c0                Sample_Hold_1_initVar
 .bss           0x1fff81c1        0x2 .\ARM_GCC_493\Debug\CE95277 ADC and UART.a(UART_1.o)
                0x1fff81c1                UART_1_initVar
 *fill*         0x1fff81c3        0x1 
 .bss.__malloc_sbrk_start
                0x1fff81c4        0x4 c:/program files (x86)/cypress/psoc creator/3.3/psoc creator/import/gnu/arm/4.9.3/bin/../lib/gcc/arm-none-eabi/4.9.3/../../../../arm-none-eabi/lib/armv7-m\libg_nano.a(lib_a-nano-mallocr.o)
                0x1fff81c4                __malloc_sbrk_start
 .bss.__malloc_free_list
                0x1fff81c8        0x4 c:/program files (x86)/cypress/psoc creator/3.3/psoc creator/import/gnu/arm/4.9.3/bin/../lib/gcc/arm-none-eabi/4.9.3/../../../../arm-none-eabi/lib/armv7-m\libg_nano.a(lib_a-nano-mallocr.o)
                0x1fff81c8                __malloc_free_list
 *(COMMON)
 COMMON         0x1fff81cc        0x8 .\ARM_GCC_493\Debug\CE95277 ADC and UART.a(ADC_DelSig_1.o)
                0x1fff81cc                ADC_DelSig_1_CountsPerVolt
                0x1fff81d0                ADC_DelSig_1_Offset
 COMMON         0x1fff81d4        0x4 c:/program files (x86)/cypress/psoc creator/3.3/psoc creator/import/gnu/arm/4.9.3/bin/../lib/gcc/arm-none-eabi/4.9.3/../../../../arm-none-eabi/lib/armv7-m\libg_nano.a(lib_a-reent.o)
                0x1fff81d4                errno
                0x1fff81d8                . = ALIGN (0x8)
 *(.ram.b)
                0x1fff81d8                _end = .
                0x1fff81d8                __end = .
                0x1fff81d8                PROVIDE (end, .)
                0x1fff81d8                PROVIDE (__bss_end__, .)
                0x00003538                __cy_region_init_ram = LOADADDR (.data)
                0x00000088                __cy_region_init_size_ram = (_edata - ADDR (.data))
                0x00000048                __cy_region_zero_size_ram = (_end - _edata)

.heap           0x1fff81d8       0x80 load address 0x000035c0
                0x1fff81d8                . = _end
                0x1fff8258                . = (. + 0x80)
 *fill*         0x1fff81d8       0x80 
                0x1fff8258                __cy_heap_limit = .

.stack          0x20007800      0x800
                0x20007800                __cy_stack_limit = .
                0x20008000                . = (. + 0x800)
 *fill*         0x20007800      0x800 
                0x00000001                ASSERT ((__cy_stack_limit >= __cy_heap_limit), region RAM overflowed with stack)
                0x00000000                cy_checksum_exclude_size = (CY_APPL_LOADABLE == 0x1)?SIZEOF (.cy_checksum_exclude):0x0
                0x00000001                ASSERT ((cy_checksum_exclude_size <= CY_CHECKSUM_EXCLUDE_SIZE), CY_BOOT: Section .cy_checksum_exclude size exceedes specified limit.)

.cyloadermeta
 *(.cyloadermeta)

.cyloadablemeta
 *(.cyloadablemeta)

.cyconfigecc    0x80000000      0x428
 *(.cyconfigecc)
 .cyconfigecc   0x80000000      0x428 .\ARM_GCC_493\Debug\cymetadata.o
                0x80000000                cy_meta_configecc

.cycustnvl      0x90000000        0x4
 *(.cycustnvl)
 .cycustnvl     0x90000000        0x4 .\ARM_GCC_493\Debug\cymetadata.o
                0x90000000                cy_meta_custnvl

.cywolatch      0x90100000        0x4
 *(.cywolatch)
 .cywolatch     0x90100000        0x4 .\ARM_GCC_493\Debug\cymetadata.o
                0x90100000                cy_meta_wonvl

.cyeeprom       0x90200000        0x0
 *(.cyeeprom)
                0x00000001                ASSERT ((. <= ((0x90200000 + ee_offset) + ee_size)), .cyeeprom data will not fit in EEPROM)

.cyflashprotect
                0x90400000      0x100
 *(.cyflashprotect)
 .cyflashprotect
                0x90400000      0x100 .\ARM_GCC_493\Debug\cymetadata.o
                0x90400000                cy_meta_flashprotect

.cymeta         0x90500000        0xc
 *(.cymeta)
 .cymeta        0x90500000        0xc .\ARM_GCC_493\Debug\cymetadata.o
                0x90500000                cy_metadata

.rel.dyn        0x000035c0        0x0 load address 0x9050000c
 .rel.iplt      0x00000000        0x0 c:/program files (x86)/cypress/psoc creator/3.3/psoc creator/import/gnu/arm/4.9.3/bin/../lib/gcc/arm-none-eabi/4.9.3/armv7-m/crtbegin.o

.stab
 *(.stab)

.stabstr
 *(.stabstr)

.debug
 *(.debug)

.line
 *(.line)

.debug_srcinfo
 *(.debug_srcinfo)

.debug_sfnames
 *(.debug_sfnames)

.debug_aranges  0x00000000      0x918
 *(.debug_aranges)
 .debug_aranges
                0x00000000       0x20 .\ARM_GCC_493\Debug\main.o
 .debug_aranges
                0x00000020       0x18 .\ARM_GCC_493\Debug\cymetadata.o
 .debug_aranges
                0x00000038       0x48 .\ARM_GCC_493\Debug\Cm3Start.o
 .debug_aranges
                0x00000080       0x70 .\ARM_GCC_493\Debug\CE95277 ADC and UART.a(cyfitter_cfg.o)
 .debug_aranges
                0x000000f0       0xe8 .\ARM_GCC_493\Debug\CE95277 ADC and UART.a(ADC_DelSig_1.o)
 .debug_aranges
                0x000001d8       0x38 .\ARM_GCC_493\Debug\CE95277 ADC and UART.a(ADC_DelSig_1_INT.o)
 .debug_aranges
                0x00000210       0x40 .\ARM_GCC_493\Debug\CE95277 ADC and UART.a(Sample_Hold_1.o)
 .debug_aranges
                0x00000250       0xf0 .\ARM_GCC_493\Debug\CE95277 ADC and UART.a(UART_1.o)
 .debug_aranges
                0x00000340       0x30 .\ARM_GCC_493\Debug\CE95277 ADC and UART.a(ADC_DelSig_1_AMux.o)
 .debug_aranges
                0x00000370       0x70 .\ARM_GCC_493\Debug\CE95277 ADC and UART.a(ADC_DelSig_1_Ext_CP_Clk.o)
 .debug_aranges
                0x000003e0       0x80 .\ARM_GCC_493\Debug\CE95277 ADC and UART.a(ADC_DelSig_1_theACLK.o)
 .debug_aranges
                0x00000460       0x70 .\ARM_GCC_493\Debug\CE95277 ADC and UART.a(UART_1_IntClock.o)
 .debug_aranges
                0x000004d0       0x20 .\ARM_GCC_493\Debug\CE95277 ADC and UART.a(CyBootAsmGnu.o)
 .debug_aranges
                0x000004f0      0x298 .\ARM_GCC_493\Debug\CE95277 ADC and UART.a(CyLib.o)
 .debug_aranges
                0x00000788       0x98 .\ARM_GCC_493\Debug\CE95277 ADC and UART.a(cyPm.o)
 .debug_aranges
                0x00000820       0x80 .\ARM_GCC_493\Debug\CE95277 ADC and UART.a(CyFlash.o)
 .debug_aranges
                0x000008a0       0x78 .\ARM_GCC_493\Debug\CE95277 ADC and UART.a(CySpc.o)

.debug_pubnames
 *(.debug_pubnames)

.debug_info     0x00000000     0x3d81
 *(.debug_info .gnu.linkonce.wi.*)
 .debug_info    0x00000000      0x1d1 .\ARM_GCC_493\Debug\main.o
 .debug_info    0x000001d1      0x13b .\ARM_GCC_493\Debug\cymetadata.o
 .debug_info    0x0000030c      0x313 .\ARM_GCC_493\Debug\Cm3Start.o
 .debug_info    0x0000061f      0x4ef .\ARM_GCC_493\Debug\CE95277 ADC and UART.a(cyfitter_cfg.o)
 .debug_info    0x00000b0e      0x725 .\ARM_GCC_493\Debug\CE95277 ADC and UART.a(ADC_DelSig_1.o)
 .debug_info    0x00001233       0xcc .\ARM_GCC_493\Debug\CE95277 ADC and UART.a(ADC_DelSig_1_INT.o)
 .debug_info    0x000012ff      0x12c .\ARM_GCC_493\Debug\CE95277 ADC and UART.a(Sample_Hold_1.o)
 .debug_info    0x0000142b      0x503 .\ARM_GCC_493\Debug\CE95277 ADC and UART.a(UART_1.o)
 .debug_info    0x0000192e      0x10a .\ARM_GCC_493\Debug\CE95277 ADC and UART.a(ADC_DelSig_1_AMux.o)
 .debug_info    0x00001a38      0x25d .\ARM_GCC_493\Debug\CE95277 ADC and UART.a(ADC_DelSig_1_Ext_CP_Clk.o)
 .debug_info    0x00001c95      0x299 .\ARM_GCC_493\Debug\CE95277 ADC and UART.a(ADC_DelSig_1_theACLK.o)
 .debug_info    0x00001f2e      0x25d .\ARM_GCC_493\Debug\CE95277 ADC and UART.a(UART_1_IntClock.o)
 .debug_info    0x0000218b       0xa4 .\ARM_GCC_493\Debug\CE95277 ADC and UART.a(CyBootAsmGnu.o)
 .debug_info    0x0000222f      0xe34 .\ARM_GCC_493\Debug\CE95277 ADC and UART.a(CyLib.o)
 .debug_info    0x00003063      0x561 .\ARM_GCC_493\Debug\CE95277 ADC and UART.a(cyPm.o)
 .debug_info    0x000035c4      0x36a .\ARM_GCC_493\Debug\CE95277 ADC and UART.a(CyFlash.o)
 .debug_info    0x0000392e      0x453 .\ARM_GCC_493\Debug\CE95277 ADC and UART.a(CySpc.o)

.debug_abbrev   0x00000000     0x1279
 *(.debug_abbrev)
 .debug_abbrev  0x00000000       0xaf .\ARM_GCC_493\Debug\main.o
 .debug_abbrev  0x000000af       0x66 .\ARM_GCC_493\Debug\cymetadata.o
 .debug_abbrev  0x00000115      0x1a7 .\ARM_GCC_493\Debug\Cm3Start.o
 .debug_abbrev  0x000002bc      0x1ca .\ARM_GCC_493\Debug\CE95277 ADC and UART.a(cyfitter_cfg.o)
 .debug_abbrev  0x00000486      0x19d .\ARM_GCC_493\Debug\CE95277 ADC and UART.a(ADC_DelSig_1.o)
 .debug_abbrev  0x00000623       0x42 .\ARM_GCC_493\Debug\CE95277 ADC and UART.a(ADC_DelSig_1_INT.o)
 .debug_abbrev  0x00000665       0xb7 .\ARM_GCC_493\Debug\CE95277 ADC and UART.a(Sample_Hold_1.o)
 .debug_abbrev  0x0000071c      0x163 .\ARM_GCC_493\Debug\CE95277 ADC and UART.a(UART_1.o)
 .debug_abbrev  0x0000087f       0x6f .\ARM_GCC_493\Debug\CE95277 ADC and UART.a(ADC_DelSig_1_AMux.o)
 .debug_abbrev  0x000008ee      0x11d .\ARM_GCC_493\Debug\CE95277 ADC and UART.a(ADC_DelSig_1_Ext_CP_Clk.o)
 .debug_abbrev  0x00000a0b      0x11d .\ARM_GCC_493\Debug\CE95277 ADC and UART.a(ADC_DelSig_1_theACLK.o)
 .debug_abbrev  0x00000b28      0x11d .\ARM_GCC_493\Debug\CE95277 ADC and UART.a(UART_1_IntClock.o)
 .debug_abbrev  0x00000c45       0x14 .\ARM_GCC_493\Debug\CE95277 ADC and UART.a(CyBootAsmGnu.o)
 .debug_abbrev  0x00000c59      0x217 .\ARM_GCC_493\Debug\CE95277 ADC and UART.a(CyLib.o)
 .debug_abbrev  0x00000e70      0x161 .\ARM_GCC_493\Debug\CE95277 ADC and UART.a(cyPm.o)
 .debug_abbrev  0x00000fd1      0x13c .\ARM_GCC_493\Debug\CE95277 ADC and UART.a(CyFlash.o)
 .debug_abbrev  0x0000110d      0x16c .\ARM_GCC_493\Debug\CE95277 ADC and UART.a(CySpc.o)

.debug_line     0x00000000     0x2520
 *(.debug_line)
 .debug_line    0x00000000      0x1df .\ARM_GCC_493\Debug\main.o
 .debug_line    0x000001df       0x53 .\ARM_GCC_493\Debug\cymetadata.o
 .debug_line    0x00000232      0x1d6 .\ARM_GCC_493\Debug\Cm3Start.o
 .debug_line    0x00000408      0x24c .\ARM_GCC_493\Debug\CE95277 ADC and UART.a(cyfitter_cfg.o)
 .debug_line    0x00000654      0x3d9 .\ARM_GCC_493\Debug\CE95277 ADC and UART.a(ADC_DelSig_1.o)
 .debug_line    0x00000a2d       0x97 .\ARM_GCC_493\Debug\CE95277 ADC and UART.a(ADC_DelSig_1_INT.o)
 .debug_line    0x00000ac4       0xc4 .\ARM_GCC_493\Debug\CE95277 ADC and UART.a(Sample_Hold_1.o)
 .debug_line    0x00000b88      0x2e6 .\ARM_GCC_493\Debug\CE95277 ADC and UART.a(UART_1.o)
 .debug_line    0x00000e6e       0xa8 .\ARM_GCC_493\Debug\CE95277 ADC and UART.a(ADC_DelSig_1_AMux.o)
 .debug_line    0x00000f16      0x1cb .\ARM_GCC_493\Debug\CE95277 ADC and UART.a(ADC_DelSig_1_Ext_CP_Clk.o)
 .debug_line    0x000010e1      0x1ec .\ARM_GCC_493\Debug\CE95277 ADC and UART.a(ADC_DelSig_1_theACLK.o)
 .debug_line    0x000012cd      0x1c3 .\ARM_GCC_493\Debug\CE95277 ADC and UART.a(UART_1_IntClock.o)
 .debug_line    0x00001490       0x7f .\ARM_GCC_493\Debug\CE95277 ADC and UART.a(CyBootAsmGnu.o)
 .debug_line    0x0000150f      0x872 .\ARM_GCC_493\Debug\CE95277 ADC and UART.a(CyLib.o)
 .debug_line    0x00001d81      0x381 .\ARM_GCC_493\Debug\CE95277 ADC and UART.a(cyPm.o)
 .debug_line    0x00002102      0x207 .\ARM_GCC_493\Debug\CE95277 ADC and UART.a(CyFlash.o)
 .debug_line    0x00002309      0x217 .\ARM_GCC_493\Debug\CE95277 ADC and UART.a(CySpc.o)

.debug_frame    0x00000000     0x28d4
 *(.debug_frame)
 .debug_frame   0x00000000       0x38 .\ARM_GCC_493\Debug\main.o
 .debug_frame   0x00000038       0xd8 .\ARM_GCC_493\Debug\Cm3Start.o
 .debug_frame   0x00000110      0x1bc .\ARM_GCC_493\Debug\CE95277 ADC and UART.a(cyfitter_cfg.o)
 .debug_frame   0x000002cc      0x40c .\ARM_GCC_493\Debug\CE95277 ADC and UART.a(ADC_DelSig_1.o)
 .debug_frame   0x000006d8       0xa0 .\ARM_GCC_493\Debug\CE95277 ADC and UART.a(ADC_DelSig_1_INT.o)
 .debug_frame   0x00000778       0xb8 .\ARM_GCC_493\Debug\CE95277 ADC and UART.a(Sample_Hold_1.o)
 .debug_frame   0x00000830      0x42c .\ARM_GCC_493\Debug\CE95277 ADC and UART.a(UART_1.o)
 .debug_frame   0x00000c5c       0x88 .\ARM_GCC_493\Debug\CE95277 ADC and UART.a(ADC_DelSig_1_AMux.o)
 .debug_frame   0x00000ce4      0x1b4 .\ARM_GCC_493\Debug\CE95277 ADC and UART.a(ADC_DelSig_1_Ext_CP_Clk.o)
 .debug_frame   0x00000e98      0x200 .\ARM_GCC_493\Debug\CE95277 ADC and UART.a(ADC_DelSig_1_theACLK.o)
 .debug_frame   0x00001098      0x1b4 .\ARM_GCC_493\Debug\CE95277 ADC and UART.a(UART_1_IntClock.o)
 .debug_frame   0x0000124c      0xbe8 .\ARM_GCC_493\Debug\CE95277 ADC and UART.a(CyLib.o)
 .debug_frame   0x00001e34      0x234 .\ARM_GCC_493\Debug\CE95277 ADC and UART.a(cyPm.o)
 .debug_frame   0x00002068      0x210 .\ARM_GCC_493\Debug\CE95277 ADC and UART.a(CyFlash.o)
 .debug_frame   0x00002278      0x1f8 .\ARM_GCC_493\Debug\CE95277 ADC and UART.a(CySpc.o)
 .debug_frame   0x00002470       0x44 c:/program files (x86)/cypress/psoc creator/3.3/psoc creator/import/gnu/arm/4.9.3/bin/../lib/gcc/arm-none-eabi/4.9.3/../../../../arm-none-eabi/lib/armv7-m\libm.a(lib_a-w_sqrt.o)
 .debug_frame   0x000024b4       0x30 c:/program files (x86)/cypress/psoc creator/3.3/psoc creator/import/gnu/arm/4.9.3/bin/../lib/gcc/arm-none-eabi/4.9.3/../../../../arm-none-eabi/lib/armv7-m\libm.a(lib_a-e_sqrt.o)
 .debug_frame   0x000024e4       0x34 c:/program files (x86)/cypress/psoc creator/3.3/psoc creator/import/gnu/arm/4.9.3/bin/../lib/gcc/arm-none-eabi/4.9.3/../../../../arm-none-eabi/lib/armv7-m\libm.a(lib_a-s_fpclassify.o)
 .debug_frame   0x00002518       0x20 c:/program files (x86)/cypress/psoc creator/3.3/psoc creator/import/gnu/arm/4.9.3/bin/../lib/gcc/arm-none-eabi/4.9.3/../../../../arm-none-eabi/lib/armv7-m\libm.a(lib_a-s_matherr.o)
 .debug_frame   0x00002538       0x20 c:/program files (x86)/cypress/psoc creator/3.3/psoc creator/import/gnu/arm/4.9.3/bin/../lib/gcc/arm-none-eabi/4.9.3/../../../../arm-none-eabi/lib/armv7-m\libg_nano.a(lib_a-errno.o)
 .debug_frame   0x00002558       0x28 c:/program files (x86)/cypress/psoc creator/3.3/psoc creator/import/gnu/arm/4.9.3/bin/../lib/gcc/arm-none-eabi/4.9.3/../../../../arm-none-eabi/lib/armv7-m\libg_nano.a(lib_a-exit.o)
 .debug_frame   0x00002580       0x2c c:/program files (x86)/cypress/psoc creator/3.3/psoc creator/import/gnu/arm/4.9.3/bin/../lib/gcc/arm-none-eabi/4.9.3/../../../../arm-none-eabi/lib/armv7-m\libg_nano.a(lib_a-init.o)
 .debug_frame   0x000025ac       0x28 c:/program files (x86)/cypress/psoc creator/3.3/psoc creator/import/gnu/arm/4.9.3/bin/../lib/gcc/arm-none-eabi/4.9.3/../../../../arm-none-eabi/lib/armv7-m\libg_nano.a(lib_a-memcpy.o)
 .debug_frame   0x000025d4       0x20 c:/program files (x86)/cypress/psoc creator/3.3/psoc creator/import/gnu/arm/4.9.3/bin/../lib/gcc/arm-none-eabi/4.9.3/../../../../arm-none-eabi/lib/armv7-m\libg_nano.a(lib_a-memset.o)
 .debug_frame   0x000025f4       0x70 c:/program files (x86)/cypress/psoc creator/3.3/psoc creator/import/gnu/arm/4.9.3/bin/../lib/gcc/arm-none-eabi/4.9.3/../../../../arm-none-eabi/lib/armv7-m\libg_nano.a(lib_a-sprintf.o)
 .debug_frame   0x00002664       0x8c c:/program files (x86)/cypress/psoc creator/3.3/psoc creator/import/gnu/arm/4.9.3/bin/../lib/gcc/arm-none-eabi/4.9.3/../../../../arm-none-eabi/lib/armv7-m\libg_nano.a(lib_a-nano-svfprintf.o)
 .debug_frame   0x000026f0       0x58 c:/program files (x86)/cypress/psoc creator/3.3/psoc creator/import/gnu/arm/4.9.3/bin/../lib/gcc/arm-none-eabi/4.9.3/../../../../arm-none-eabi/lib/armv7-m\libg_nano.a(lib_a-nano-vfprintf_i.o)
 .debug_frame   0x00002748       0x28 c:/program files (x86)/cypress/psoc creator/3.3/psoc creator/import/gnu/arm/4.9.3/bin/../lib/gcc/arm-none-eabi/4.9.3/../../../../arm-none-eabi/lib/armv7-m\libg_nano.a(lib_a-memchr.o)
 .debug_frame   0x00002770       0x28 c:/program files (x86)/cypress/psoc creator/3.3/psoc creator/import/gnu/arm/4.9.3/bin/../lib/gcc/arm-none-eabi/4.9.3/../../../../arm-none-eabi/lib/armv7-m\libg_nano.a(lib_a-memmove.o)
 .debug_frame   0x00002798       0x2c c:/program files (x86)/cypress/psoc creator/3.3/psoc creator/import/gnu/arm/4.9.3/bin/../lib/gcc/arm-none-eabi/4.9.3/../../../../arm-none-eabi/lib/armv7-m\libg_nano.a(lib_a-nano-freer.o)
 .debug_frame   0x000027c4       0x2c c:/program files (x86)/cypress/psoc creator/3.3/psoc creator/import/gnu/arm/4.9.3/bin/../lib/gcc/arm-none-eabi/4.9.3/../../../../arm-none-eabi/lib/armv7-m\libg_nano.a(lib_a-nano-mallocr.o)
 .debug_frame   0x000027f0       0x3c c:/program files (x86)/cypress/psoc creator/3.3/psoc creator/import/gnu/arm/4.9.3/bin/../lib/gcc/arm-none-eabi/4.9.3/../../../../arm-none-eabi/lib/armv7-m\libg_nano.a(lib_a-nano-reallocr.o)
 .debug_frame   0x0000282c       0x2c c:/program files (x86)/cypress/psoc creator/3.3/psoc creator/import/gnu/arm/4.9.3/bin/../lib/gcc/arm-none-eabi/4.9.3/../../../../arm-none-eabi/lib/armv7-m\libg_nano.a(lib_a-sbrkr.o)
 .debug_frame   0x00002858       0x20 c:/program files (x86)/cypress/psoc creator/3.3/psoc creator/import/gnu/arm/4.9.3/bin/../lib/gcc/arm-none-eabi/4.9.3/../../../../arm-none-eabi/lib/armv7-m\libg_nano.a(lib_a-nano-msizer.o)
 .debug_frame   0x00002878       0x5c c:/program files (x86)/cypress/psoc creator/3.3/psoc creator/import/gnu/arm/4.9.3/bin/../lib/gcc/arm-none-eabi/4.9.3/../../../../arm-none-eabi/lib/armv7-m\libg_nano.a(lib_a-reent.o)

.debug_str      0x00000000     0x2196
 *(.debug_str)
 .debug_str     0x00000000      0x1e1 .\ARM_GCC_493\Debug\main.o
                                0x23c (size before relaxing)
 .debug_str     0x000001e1       0x77 .\ARM_GCC_493\Debug\cymetadata.o
                                0x1fe (size before relaxing)
 .debug_str     0x00000258      0x13e .\ARM_GCC_493\Debug\Cm3Start.o
                                0x2df (size before relaxing)
 .debug_str     0x00000396      0x1fc .\ARM_GCC_493\Debug\CE95277 ADC and UART.a(cyfitter_cfg.o)
                                0x3b0 (size before relaxing)
 .debug_str     0x00000592      0x440 .\ARM_GCC_493\Debug\CE95277 ADC and UART.a(ADC_DelSig_1.o)
                                0x62b (size before relaxing)
 .debug_str     0x000009d2       0x74 .\ARM_GCC_493\Debug\CE95277 ADC and UART.a(ADC_DelSig_1_INT.o)
                                0x1f5 (size before relaxing)
 .debug_str     0x00000a46       0xab .\ARM_GCC_493\Debug\CE95277 ADC and UART.a(Sample_Hold_1.o)
                                0x23d (size before relaxing)
 .debug_str     0x00000af1      0x2a3 .\ARM_GCC_493\Debug\CE95277 ADC and UART.a(UART_1.o)
                                0x463 (size before relaxing)
 .debug_str     0x00000d94       0x9e .\ARM_GCC_493\Debug\CE95277 ADC and UART.a(ADC_DelSig_1_AMux.o)
                                0x224 (size before relaxing)
 .debug_str     0x00000e32      0x222 .\ARM_GCC_493\Debug\CE95277 ADC and UART.a(ADC_DelSig_1_Ext_CP_Clk.o)
                                0x3c2 (size before relaxing)
 .debug_str     0x00001054      0x20a .\ARM_GCC_493\Debug\CE95277 ADC and UART.a(ADC_DelSig_1_theACLK.o)
                                0x3f3 (size before relaxing)
 .debug_str     0x0000125e      0x179 .\ARM_GCC_493\Debug\CE95277 ADC and UART.a(UART_1_IntClock.o)
                                0x362 (size before relaxing)
 .debug_str     0x000013d7      0x7f0 .\ARM_GCC_493\Debug\CE95277 ADC and UART.a(CyLib.o)
                                0x9da (size before relaxing)
 .debug_str     0x00001bc7      0x367 .\ARM_GCC_493\Debug\CE95277 ADC and UART.a(cyPm.o)
                                0x53f (size before relaxing)
 .debug_str     0x00001f2e      0x147 .\ARM_GCC_493\Debug\CE95277 ADC and UART.a(CyFlash.o)
                                0x2fe (size before relaxing)
 .debug_str     0x00002075      0x121 .\ARM_GCC_493\Debug\CE95277 ADC and UART.a(CySpc.o)
                                0x2fb (size before relaxing)

.debug_loc
 *(.debug_loc)

.debug_macinfo
 *(.debug_macinfo)

.debug_ranges   0x00000000      0x7f0
 *(.debug_ranges)
 .debug_ranges  0x00000000       0x10 .\ARM_GCC_493\Debug\main.o
 .debug_ranges  0x00000010       0x38 .\ARM_GCC_493\Debug\Cm3Start.o
 .debug_ranges  0x00000048       0x60 .\ARM_GCC_493\Debug\CE95277 ADC and UART.a(cyfitter_cfg.o)
 .debug_ranges  0x000000a8       0xd8 .\ARM_GCC_493\Debug\CE95277 ADC and UART.a(ADC_DelSig_1.o)
 .debug_ranges  0x00000180       0x28 .\ARM_GCC_493\Debug\CE95277 ADC and UART.a(ADC_DelSig_1_INT.o)
 .debug_ranges  0x000001a8       0x30 .\ARM_GCC_493\Debug\CE95277 ADC and UART.a(Sample_Hold_1.o)
 .debug_ranges  0x000001d8       0xe0 .\ARM_GCC_493\Debug\CE95277 ADC and UART.a(UART_1.o)
 .debug_ranges  0x000002b8       0x20 .\ARM_GCC_493\Debug\CE95277 ADC and UART.a(ADC_DelSig_1_AMux.o)
 .debug_ranges  0x000002d8       0x60 .\ARM_GCC_493\Debug\CE95277 ADC and UART.a(ADC_DelSig_1_Ext_CP_Clk.o)
 .debug_ranges  0x00000338       0x70 .\ARM_GCC_493\Debug\CE95277 ADC and UART.a(ADC_DelSig_1_theACLK.o)
 .debug_ranges  0x000003a8       0x60 .\ARM_GCC_493\Debug\CE95277 ADC and UART.a(UART_1_IntClock.o)
 .debug_ranges  0x00000408      0x288 .\ARM_GCC_493\Debug\CE95277 ADC and UART.a(CyLib.o)
 .debug_ranges  0x00000690       0x88 .\ARM_GCC_493\Debug\CE95277 ADC and UART.a(cyPm.o)
 .debug_ranges  0x00000718       0x70 .\ARM_GCC_493\Debug\CE95277 ADC and UART.a(CyFlash.o)
 .debug_ranges  0x00000788       0x68 .\ARM_GCC_493\Debug\CE95277 ADC and UART.a(CySpc.o)

.comment        0x00000000       0x70
 .comment       0x00000000       0x70 .\ARM_GCC_493\Debug\main.o
                                 0x71 (size before relaxing)
 .comment       0x00000000       0x71 .\ARM_GCC_493\Debug\cymetadata.o
 .comment       0x00000000       0x71 .\ARM_GCC_493\Debug\Cm3Start.o
 .comment       0x00000000       0x71 .\ARM_GCC_493\Debug\CE95277 ADC and UART.a(cyfitter_cfg.o)
 .comment       0x00000000       0x71 .\ARM_GCC_493\Debug\CE95277 ADC and UART.a(ADC_DelSig_1.o)
 .comment       0x00000000       0x71 .\ARM_GCC_493\Debug\CE95277 ADC and UART.a(ADC_DelSig_1_INT.o)
 .comment       0x00000000       0x71 .\ARM_GCC_493\Debug\CE95277 ADC and UART.a(Sample_Hold_1.o)
 .comment       0x00000000       0x71 .\ARM_GCC_493\Debug\CE95277 ADC and UART.a(UART_1.o)
 .comment       0x00000000       0x71 .\ARM_GCC_493\Debug\CE95277 ADC and UART.a(ADC_DelSig_1_AMux.o)
 .comment       0x00000000       0x71 .\ARM_GCC_493\Debug\CE95277 ADC and UART.a(ADC_DelSig_1_Ext_CP_Clk.o)
 .comment       0x00000000       0x71 .\ARM_GCC_493\Debug\CE95277 ADC and UART.a(ADC_DelSig_1_theACLK.o)
 .comment       0x00000000       0x71 .\ARM_GCC_493\Debug\CE95277 ADC and UART.a(UART_1_IntClock.o)
 .comment       0x00000000       0x71 .\ARM_GCC_493\Debug\CE95277 ADC and UART.a(CyLib.o)
 .comment       0x00000000       0x71 .\ARM_GCC_493\Debug\CE95277 ADC and UART.a(cyPm.o)
 .comment       0x00000000       0x71 .\ARM_GCC_493\Debug\CE95277 ADC and UART.a(CyFlash.o)
 .comment       0x00000000       0x71 .\ARM_GCC_493\Debug\CE95277 ADC and UART.a(CySpc.o)

.debug_weaknames
 *(.debug_weaknames)

.debug_funcnames
 *(.debug_funcnames)

.debug_typenames
 *(.debug_typenames)

.debug_varnames
 *(.debug_varnames)

.note.gnu.arm.ident
 *(.note.gnu.arm.ident)

.ARM.attributes
                0x00000000       0x29
 *(.ARM.attributes)
 .ARM.attributes
                0x00000000       0x1d c:/program files (x86)/cypress/psoc creator/3.3/psoc creator/import/gnu/arm/4.9.3/bin/../lib/gcc/arm-none-eabi/4.9.3/armv7-m/crti.o
 .ARM.attributes
                0x0000001d       0x2d c:/program files (x86)/cypress/psoc creator/3.3/psoc creator/import/gnu/arm/4.9.3/bin/../lib/gcc/arm-none-eabi/4.9.3/armv7-m/crtbegin.o
 .ARM.attributes
                0x0000004a       0x1b c:/program files (x86)/cypress/psoc creator/3.3/psoc creator/import/gnu/arm/4.9.3/bin/../lib/gcc/arm-none-eabi/4.9.3/../../../../arm-none-eabi/lib/armv7-m/crt0.o
 .ARM.attributes
                0x00000065       0x33 .\ARM_GCC_493\Debug\main.o
 .ARM.attributes
                0x00000098       0x33 .\ARM_GCC_493\Debug\cymetadata.o
 .ARM.attributes
                0x000000cb       0x33 .\ARM_GCC_493\Debug\Cm3Start.o
 .ARM.attributes
                0x000000fe       0x33 .\ARM_GCC_493\Debug\CE95277 ADC and UART.a(cyfitter_cfg.o)
 .ARM.attributes
                0x00000131       0x33 .\ARM_GCC_493\Debug\CE95277 ADC and UART.a(ADC_DelSig_1.o)
 .ARM.attributes
                0x00000164       0x33 .\ARM_GCC_493\Debug\CE95277 ADC and UART.a(ADC_DelSig_1_INT.o)
 .ARM.attributes
                0x00000197       0x33 .\ARM_GCC_493\Debug\CE95277 ADC and UART.a(Sample_Hold_1.o)
 .ARM.attributes
                0x000001ca       0x33 .\ARM_GCC_493\Debug\CE95277 ADC and UART.a(UART_1.o)
 .ARM.attributes
                0x000001fd       0x33 .\ARM_GCC_493\Debug\CE95277 ADC and UART.a(ADC_DelSig_1_AMux.o)
 .ARM.attributes
                0x00000230       0x33 .\ARM_GCC_493\Debug\CE95277 ADC and UART.a(ADC_DelSig_1_Ext_CP_Clk.o)
 .ARM.attributes
                0x00000263       0x33 .\ARM_GCC_493\Debug\CE95277 ADC and UART.a(ADC_DelSig_1_theACLK.o)
 .ARM.attributes
                0x00000296       0x33 .\ARM_GCC_493\Debug\CE95277 ADC and UART.a(UART_1_IntClock.o)
 .ARM.attributes
                0x000002c9       0x21 .\ARM_GCC_493\Debug\CE95277 ADC and UART.a(CyBootAsmGnu.o)
 .ARM.attributes
                0x000002ea       0x33 .\ARM_GCC_493\Debug\CE95277 ADC and UART.a(CyLib.o)
 .ARM.attributes
                0x0000031d       0x33 .\ARM_GCC_493\Debug\CE95277 ADC and UART.a(cyPm.o)
 .ARM.attributes
                0x00000350       0x33 .\ARM_GCC_493\Debug\CE95277 ADC and UART.a(CyFlash.o)
 .ARM.attributes
                0x00000383       0x33 .\ARM_GCC_493\Debug\CE95277 ADC and UART.a(CySpc.o)
 .ARM.attributes
                0x000003b6       0x2d c:/program files (x86)/cypress/psoc creator/3.3/psoc creator/import/gnu/arm/4.9.3/bin/../lib/gcc/arm-none-eabi/4.9.3/../../../../arm-none-eabi/lib/armv7-m\libm.a(lib_a-w_sqrt.o)
 .ARM.attributes
                0x000003e3       0x2d c:/program files (x86)/cypress/psoc creator/3.3/psoc creator/import/gnu/arm/4.9.3/bin/../lib/gcc/arm-none-eabi/4.9.3/../../../../arm-none-eabi/lib/armv7-m\libm.a(lib_a-e_sqrt.o)
 .ARM.attributes
                0x00000410       0x2d c:/program files (x86)/cypress/psoc creator/3.3/psoc creator/import/gnu/arm/4.9.3/bin/../lib/gcc/arm-none-eabi/4.9.3/../../../../arm-none-eabi/lib/armv7-m\libm.a(lib_a-s_fpclassify.o)
 .ARM.attributes
                0x0000043d       0x2d c:/program files (x86)/cypress/psoc creator/3.3/psoc creator/import/gnu/arm/4.9.3/bin/../lib/gcc/arm-none-eabi/4.9.3/../../../../arm-none-eabi/lib/armv7-m\libm.a(lib_a-s_lib_ver.o)
 .ARM.attributes
                0x0000046a       0x2d c:/program files (x86)/cypress/psoc creator/3.3/psoc creator/import/gnu/arm/4.9.3/bin/../lib/gcc/arm-none-eabi/4.9.3/../../../../arm-none-eabi/lib/armv7-m\libm.a(lib_a-s_matherr.o)
 .ARM.attributes
                0x00000497       0x1d c:/program files (x86)/cypress/psoc creator/3.3/psoc creator/import/gnu/arm/4.9.3/bin/../lib/gcc/arm-none-eabi/4.9.3/armv7-m\libgcc.a(_arm_addsubdf3.o)
 .ARM.attributes
                0x000004b4       0x1d c:/program files (x86)/cypress/psoc creator/3.3/psoc creator/import/gnu/arm/4.9.3/bin/../lib/gcc/arm-none-eabi/4.9.3/armv7-m\libgcc.a(_arm_muldivdf3.o)
 .ARM.attributes
                0x000004d1       0x1d c:/program files (x86)/cypress/psoc creator/3.3/psoc creator/import/gnu/arm/4.9.3/bin/../lib/gcc/arm-none-eabi/4.9.3/armv7-m\libgcc.a(_arm_cmpdf2.o)
 .ARM.attributes
                0x000004ee       0x1d c:/program files (x86)/cypress/psoc creator/3.3/psoc creator/import/gnu/arm/4.9.3/bin/../lib/gcc/arm-none-eabi/4.9.3/armv7-m\libgcc.a(_arm_fixdfsi.o)
 .ARM.attributes
                0x0000050b       0x1d c:/program files (x86)/cypress/psoc creator/3.3/psoc creator/import/gnu/arm/4.9.3/bin/../lib/gcc/arm-none-eabi/4.9.3/armv7-m\libgcc.a(_arm_addsubsf3.o)
 .ARM.attributes
                0x00000528       0x1d c:/program files (x86)/cypress/psoc creator/3.3/psoc creator/import/gnu/arm/4.9.3/bin/../lib/gcc/arm-none-eabi/4.9.3/armv7-m\libgcc.a(_arm_muldivsf3.o)
 .ARM.attributes
                0x00000545       0x1d c:/program files (x86)/cypress/psoc creator/3.3/psoc creator/import/gnu/arm/4.9.3/bin/../lib/gcc/arm-none-eabi/4.9.3/armv7-m\libgcc.a(_arm_fixsfsi.o)
 .ARM.attributes
                0x00000562       0x1d c:/program files (x86)/cypress/psoc creator/3.3/psoc creator/import/gnu/arm/4.9.3/bin/../lib/gcc/arm-none-eabi/4.9.3/armv7-m\libgcc.a(_arm_fixunssfsi.o)
 .ARM.attributes
                0x0000057f       0x2d c:/program files (x86)/cypress/psoc creator/3.3/psoc creator/import/gnu/arm/4.9.3/bin/../lib/gcc/arm-none-eabi/4.9.3/../../../../arm-none-eabi/lib/armv7-m\libg_nano.a(lib_a-errno.o)
 .ARM.attributes
                0x000005ac       0x2d c:/program files (x86)/cypress/psoc creator/3.3/psoc creator/import/gnu/arm/4.9.3/bin/../lib/gcc/arm-none-eabi/4.9.3/../../../../arm-none-eabi/lib/armv7-m\libg_nano.a(lib_a-exit.o)
 .ARM.attributes
                0x000005d9       0x2d c:/program files (x86)/cypress/psoc creator/3.3/psoc creator/import/gnu/arm/4.9.3/bin/../lib/gcc/arm-none-eabi/4.9.3/../../../../arm-none-eabi/lib/armv7-m\libg_nano.a(lib_a-impure.o)
 .ARM.attributes
                0x00000606       0x2d c:/program files (x86)/cypress/psoc creator/3.3/psoc creator/import/gnu/arm/4.9.3/bin/../lib/gcc/arm-none-eabi/4.9.3/../../../../arm-none-eabi/lib/armv7-m\libg_nano.a(lib_a-init.o)
 .ARM.attributes
                0x00000633       0x2d c:/program files (x86)/cypress/psoc creator/3.3/psoc creator/import/gnu/arm/4.9.3/bin/../lib/gcc/arm-none-eabi/4.9.3/../../../../arm-none-eabi/lib/armv7-m\libg_nano.a(lib_a-memcpy.o)
 .ARM.attributes
                0x00000660       0x2d c:/program files (x86)/cypress/psoc creator/3.3/psoc creator/import/gnu/arm/4.9.3/bin/../lib/gcc/arm-none-eabi/4.9.3/../../../../arm-none-eabi/lib/armv7-m\libg_nano.a(lib_a-memset.o)
 .ARM.attributes
                0x0000068d       0x2d c:/program files (x86)/cypress/psoc creator/3.3/psoc creator/import/gnu/arm/4.9.3/bin/../lib/gcc/arm-none-eabi/4.9.3/../../../../arm-none-eabi/lib/armv7-m\libg_nano.a(lib_a-sprintf.o)
 .ARM.attributes
                0x000006ba       0x2d c:/program files (x86)/cypress/psoc creator/3.3/psoc creator/import/gnu/arm/4.9.3/bin/../lib/gcc/arm-none-eabi/4.9.3/../../../../arm-none-eabi/lib/armv7-m\libg_nano.a(lib_a-nano-svfprintf.o)
 .ARM.attributes
                0x000006e7       0x2d c:/program files (x86)/cypress/psoc creator/3.3/psoc creator/import/gnu/arm/4.9.3/bin/../lib/gcc/arm-none-eabi/4.9.3/../../../../arm-none-eabi/lib/armv7-m\libg_nano.a(lib_a-nano-vfprintf_i.o)
 .ARM.attributes
                0x00000714       0x2d c:/program files (x86)/cypress/psoc creator/3.3/psoc creator/import/gnu/arm/4.9.3/bin/../lib/gcc/arm-none-eabi/4.9.3/../../../../arm-none-eabi/lib/armv7-m\libg_nano.a(lib_a-memchr.o)
 .ARM.attributes
                0x00000741       0x2d c:/program files (x86)/cypress/psoc creator/3.3/psoc creator/import/gnu/arm/4.9.3/bin/../lib/gcc/arm-none-eabi/4.9.3/../../../../arm-none-eabi/lib/armv7-m\libg_nano.a(lib_a-memmove.o)
 .ARM.attributes
                0x0000076e       0x2d c:/program files (x86)/cypress/psoc creator/3.3/psoc creator/import/gnu/arm/4.9.3/bin/../lib/gcc/arm-none-eabi/4.9.3/../../../../arm-none-eabi/lib/armv7-m\libg_nano.a(lib_a-nano-freer.o)
 .ARM.attributes
                0x0000079b       0x2d c:/program files (x86)/cypress/psoc creator/3.3/psoc creator/import/gnu/arm/4.9.3/bin/../lib/gcc/arm-none-eabi/4.9.3/../../../../arm-none-eabi/lib/armv7-m\libg_nano.a(lib_a-nano-mallocr.o)
 .ARM.attributes
                0x000007c8       0x2d c:/program files (x86)/cypress/psoc creator/3.3/psoc creator/import/gnu/arm/4.9.3/bin/../lib/gcc/arm-none-eabi/4.9.3/../../../../arm-none-eabi/lib/armv7-m\libg_nano.a(lib_a-nano-reallocr.o)
 .ARM.attributes
                0x000007f5       0x2d c:/program files (x86)/cypress/psoc creator/3.3/psoc creator/import/gnu/arm/4.9.3/bin/../lib/gcc/arm-none-eabi/4.9.3/../../../../arm-none-eabi/lib/armv7-m\libg_nano.a(lib_a-sbrkr.o)
 .ARM.attributes
                0x00000822       0x2d c:/program files (x86)/cypress/psoc creator/3.3/psoc creator/import/gnu/arm/4.9.3/bin/../lib/gcc/arm-none-eabi/4.9.3/../../../../arm-none-eabi/lib/armv7-m\libg_nano.a(lib_a-nano-msizer.o)
 .ARM.attributes
                0x0000084f       0x2d c:/program files (x86)/cypress/psoc creator/3.3/psoc creator/import/gnu/arm/4.9.3/bin/../lib/gcc/arm-none-eabi/4.9.3/../../../../arm-none-eabi/lib/armv7-m\libg_nano.a(lib_a-reent.o)
 .ARM.attributes
                0x0000087c       0x2d c:/program files (x86)/cypress/psoc creator/3.3/psoc creator/import/gnu/arm/4.9.3/bin/../lib/gcc/arm-none-eabi/4.9.3/armv7-m/crtend.o
 .ARM.attributes
                0x000008a9       0x1d c:/program files (x86)/cypress/psoc creator/3.3/psoc creator/import/gnu/arm/4.9.3/bin/../lib/gcc/arm-none-eabi/4.9.3/armv7-m/crtn.o

/DISCARD/
 *(.note.GNU-stack)
OUTPUT(.\ARM_GCC_493\Debug\CE95277 ADC and UART.elf elf32-littlearm)
