Archive member included because of file (symbol)

.\ARM_GCC_493\Debug\power.a(cyfitter_cfg.o)
                              .\ARM_GCC_493\Debug\Cm3Start.o (cyfitter_cfg)
.\ARM_GCC_493\Debug\power.a(ADC_DelSig_1.o)
                              .\ARM_GCC_493\Debug\main.o (ADC_DelSig_1_Start)
.\ARM_GCC_493\Debug\power.a(ADC_DelSig_1_INT.o)
                              .\ARM_GCC_493\Debug\power.a(ADC_DelSig_1.o) (ADC_DelSig_1_ISR1)
.\ARM_GCC_493\Debug\power.a(Sample_Hold_1.o)
                              .\ARM_GCC_493\Debug\main.o (Sample_Hold_1_Start)
.\ARM_GCC_493\Debug\power.a(UART_1.o)
                              .\ARM_GCC_493\Debug\main.o (UART_1_Start)
.\ARM_GCC_493\Debug\power.a(ADC_DelSig_1_AMux.o)
                              .\ARM_GCC_493\Debug\power.a(ADC_DelSig_1.o) (ADC_DelSig_1_AMux_Select)
.\ARM_GCC_493\Debug\power.a(ADC_DelSig_1_Ext_CP_Clk.o)
                              .\ARM_GCC_493\Debug\power.a(ADC_DelSig_1.o) (ADC_DelSig_1_Ext_CP_Clk_SetDividerRegister)
.\ARM_GCC_493\Debug\power.a(ADC_DelSig_1_theACLK.o)
                              .\ARM_GCC_493\Debug\power.a(ADC_DelSig_1.o) (ADC_DelSig_1_theACLK_SetDividerRegister)
.\ARM_GCC_493\Debug\power.a(UART_1_IntClock.o)
                              .\ARM_GCC_493\Debug\power.a(UART_1.o) (UART_1_IntClock_Start)
.\ARM_GCC_493\Debug\power.a(CyBootAsmGnu.o)
                              .\ARM_GCC_493\Debug\power.a(cyfitter_cfg.o) (CyDelayCycles)
.\ARM_GCC_493\Debug\power.a(CyLib.o)
                              .\ARM_GCC_493\Debug\Cm3Start.o (CyResetStatus)
.\ARM_GCC_493\Debug\power.a(cyPm.o)
                              .\ARM_GCC_493\Debug\power.a(CyLib.o) (CyPmReadStatus)
.\ARM_GCC_493\Debug\power.a(CyFlash.o)
                              .\ARM_GCC_493\Debug\power.a(cyPm.o) (CyFlash_SetWaitCycles)
.\ARM_GCC_493\Debug\power.a(CySpc.o)
                              .\ARM_GCC_493\Debug\power.a(CyFlash.o) (CySpcStart)
c:/program files (x86)/cypress/psoc creator/3.3/psoc creator/import/gnu/arm/4.9.3/bin/../lib/gcc/arm-none-eabi/4.9.3/../../../../arm-none-eabi/lib/armv7-m\libm.a(lib_a-w_sqrt.o)
                              .\ARM_GCC_493\Debug\main.o (sqrt)
c:/program files (x86)/cypress/psoc creator/3.3/psoc creator/import/gnu/arm/4.9.3/bin/../lib/gcc/arm-none-eabi/4.9.3/../../../../arm-none-eabi/lib/armv7-m\libm.a(lib_a-e_sqrt.o)
                              c:/program files (x86)/cypress/psoc creator/3.3/psoc creator/import/gnu/arm/4.9.3/bin/../lib/gcc/arm-none-eabi/4.9.3/../../../../arm-none-eabi/lib/armv7-m\libm.a(lib_a-w_sqrt.o) (__ieee754_sqrt)
c:/program files (x86)/cypress/psoc creator/3.3/psoc creator/import/gnu/arm/4.9.3/bin/../lib/gcc/arm-none-eabi/4.9.3/../../../../arm-none-eabi/lib/armv7-m\libm.a(lib_a-s_fpclassify.o)
                              c:/program files (x86)/cypress/psoc creator/3.3/psoc creator/import/gnu/arm/4.9.3/bin/../lib/gcc/arm-none-eabi/4.9.3/../../../../arm-none-eabi/lib/armv7-m\libm.a(lib_a-w_sqrt.o) (__fpclassifyd)
c:/program files (x86)/cypress/psoc creator/3.3/psoc creator/import/gnu/arm/4.9.3/bin/../lib/gcc/arm-none-eabi/4.9.3/../../../../arm-none-eabi/lib/armv7-m\libm.a(lib_a-s_lib_ver.o)
                              c:/program files (x86)/cypress/psoc creator/3.3/psoc creator/import/gnu/arm/4.9.3/bin/../lib/gcc/arm-none-eabi/4.9.3/../../../../arm-none-eabi/lib/armv7-m\libm.a(lib_a-w_sqrt.o) (__fdlib_version)
c:/program files (x86)/cypress/psoc creator/3.3/psoc creator/import/gnu/arm/4.9.3/bin/../lib/gcc/arm-none-eabi/4.9.3/../../../../arm-none-eabi/lib/armv7-m\libm.a(lib_a-s_matherr.o)
                              c:/program files (x86)/cypress/psoc creator/3.3/psoc creator/import/gnu/arm/4.9.3/bin/../lib/gcc/arm-none-eabi/4.9.3/../../../../arm-none-eabi/lib/armv7-m\libm.a(lib_a-w_sqrt.o) (matherr)
c:/program files (x86)/cypress/psoc creator/3.3/psoc creator/import/gnu/arm/4.9.3/bin/../lib/gcc/arm-none-eabi/4.9.3/armv7-m\libgcc.a(_arm_addsubdf3.o)
                              c:/program files (x86)/cypress/psoc creator/3.3/psoc creator/import/gnu/arm/4.9.3/bin/../lib/gcc/arm-none-eabi/4.9.3/../../../../arm-none-eabi/lib/armv7-m\libm.a(lib_a-e_sqrt.o) (__aeabi_dsub)
c:/program files (x86)/cypress/psoc creator/3.3/psoc creator/import/gnu/arm/4.9.3/bin/../lib/gcc/arm-none-eabi/4.9.3/armv7-m\libgcc.a(_arm_muldivdf3.o)
                              c:/program files (x86)/cypress/psoc creator/3.3/psoc creator/import/gnu/arm/4.9.3/bin/../lib/gcc/arm-none-eabi/4.9.3/../../../../arm-none-eabi/lib/armv7-m\libm.a(lib_a-e_sqrt.o) (__aeabi_dmul)
c:/program files (x86)/cypress/psoc creator/3.3/psoc creator/import/gnu/arm/4.9.3/bin/../lib/gcc/arm-none-eabi/4.9.3/armv7-m\libgcc.a(_arm_cmpdf2.o)
                              c:/program files (x86)/cypress/psoc creator/3.3/psoc creator/import/gnu/arm/4.9.3/bin/../lib/gcc/arm-none-eabi/4.9.3/../../../../arm-none-eabi/lib/armv7-m\libm.a(lib_a-w_sqrt.o) (__aeabi_dcmplt)
[...]
Memory Configuration

Name             Origin             Length             Attributes
rom              0x00000000         0x00040000         xr
ram              0x1fff8000         0x00010000         xrw
*default*        0x00000000         0xffffffff

Linker script and memory map

LOAD c:/program files (x86)/cypress/psoc creator/3.3/psoc creator/import/gnu/arm/4.9.3/bin/../lib/gcc/arm-none-eabi/4.9.3/armv7-m/crti.o
LOAD c:/program files (x86)/cypress/psoc creator/3.3/psoc creator/import/gnu/arm/4.9.3/bin/../lib/gcc/arm-none-eabi/4.9.3/armv7-m/crtbegin.o
LOAD c:/program files (x86)/cypress/psoc creator/3.3/psoc creator/import/gnu/arm/4.9.3/bin/../lib/gcc/arm-none-eabi/4.9.3/../../../../arm-none-eabi/lib/armv7-m/crt0.o
START GROUP
LOAD .\ARM_GCC_493\Debug\main.o
LOAD .\ARM_GCC_493\Debug\cymetadata.o
LOAD .\ARM_GCC_493\Debug\Cm3Start.o
LOAD .\ARM_GCC_493\Debug\power.a
LOAD C:\Program Files (x86)\Cypress\PSoC Creator\3.3\PSoC Creator\psoc\content\cycomponentlibrary\CyComponentLibrary.cylib\CortexM3\ARM_GCC_493\Debug\CyComponentLibrary.a
LOAD c:/program files (x86)/cypress/psoc creator/3.3/psoc creator/import/gnu/arm/4.9.3/bin/../lib/gcc/arm-none-eabi/4.9.3/../../../../arm-none-eabi/lib/armv7-m\libm.a
END GROUP
START GROUP
LOAD c:/program files (x86)/cypress/psoc creator/3.3/psoc creator/import/gnu/arm/4.9.3/bin/../lib/gcc/arm-none-eabi/4.9.3/armv7-m\libgcc.a
LOAD c:/program files (x86)/cypress/psoc creator/3.3/psoc creator/import/gnu/arm/4.9.3/bin/../lib/gcc/arm-none-eabi/4.9.3/../../../../arm-none-eabi/lib/armv7-m\libg_nano.a
LOAD c:/program files (x86)/cypress/psoc creator/3.3/psoc creator/import/gnu/arm/4.9.3/bin/../lib/gcc/arm-none-eabi/4.9.3/../../../../arm-none-eabi/lib/armv7-m\libc_nano.a
END GROUP
START GROUP
LOAD c:/program files (x86)/cypress/psoc creator/3.3/psoc creator/import/gnu/arm/4.9.3/bin/../lib/gcc/arm-none-eabi/4.9.3/armv7-m\libgcc.a
LOAD c:/program files (x86)/cypress/psoc creator/3.3/psoc creator/import/gnu/arm/4.9.3/bin/../lib/gcc/arm-none-eabi/4.9.3/../../../../arm-none-eabi/lib/armv7-m\libc_nano.a
END GROUP
LOAD c:/program files (x86)/cypress/psoc creator/3.3/psoc creator/import/gnu/arm/4.9.3/bin/../lib/gcc/arm-none-eabi/4.9.3/armv7-m/crtend.o
LOAD c:/program files (x86)/cypress/psoc creator/3.3/psoc creator/import/gnu/arm/4.9.3/bin/../lib/gcc/arm-none-eabi/4.9.3/armv7-m/crtn.o
START GROUP
LOAD c:/program files (x86)/cypress/psoc creator/3.3/psoc creator/import/gnu/arm/4.9.3/bin/../lib/gcc/arm-none-eabi/4.9.3/armv7-m\libgcc.a
LOAD c:/program files (x86)/cypress/psoc creator/3.3/psoc creator/import/gnu/arm/4.9.3/bin/../lib/gcc/arm-none-eabi/4.9.3/../../../../arm-none-eabi/lib/armv7-m\libc.a
LOAD c:/program files (x86)/cypress/psoc creator/3.3/psoc creator/import/gnu/arm/4.9.3/bin/../lib/gcc/arm-none-eabi/4.9.3/../../../../arm-none-eabi/lib/armv7-m\libnosys.a
END GROUP
                0x00000000                CY_APPL_ORIGIN = 0x0
                0x00000100                CY_FLASH_ROW_SIZE = 0x100
                0x00000020                CY_ECC_ROW_SIZE = 0x20
                0x00000000                CY_EE_IN_BTLDR = 0x0
                0x00000000                CY_APPL_LOADABLE = 0x0
                0x00000800                CY_EE_SIZE = 0x800
                0x00000001                CY_APPL_NUM = 0x1
                0x00000001                CY_APPL_MAX = 0x1
                0x00000040                CY_METADATA_SIZE = 0x40
                0x00000000                CY_APPL_LOADABLE = 0x0
                0x00000000                CY_CHECKSUM_EXCLUDE_SIZE = ALIGN (0x0, CY_FLASH_ROW_SIZE)
                0x1fff81d8                PROVIDE (__cy_heap_start, _end)
                0x00000001                PROVIDE (__cy_region_num, ((__cy_regions_end - __cy_regions) / 0x10))
                0x20008000                PROVIDE (__cy_stack, (ORIGIN (ram) + 0x10000))
                0x20007800                PROVIDE (__cy_heap_end, (__cy_stack - 0x800))

.cybootloader   0x00000000        0x0
 *(.cybootloader)
                0x00000000                appl1_start = CY_APPL_ORIGIN?CY_APPL_ORIGIN:ALIGN (CY_FLASH_ROW_SIZE)
                0x0001ff00                appl2_start = (appl1_start + ALIGN ((((0x40000 - appl1_start) - (0x2 * CY_FLASH_ROW_SIZE)) / 0x2), CY_FLASH_ROW_SIZE))
                0x00000000                appl_start = (CY_APPL_NUM == 0x1)?appl1_start:appl2_start
                0x00000000                ecc_offset = ((appl_start / CY_FLASH_ROW_SIZE) * CY_ECC_ROW_SIZE)
                0x00000000                ee_offset = (CY_APPL_LOADABLE && ! (CY_EE_IN_BTLDR))?((CY_EE_SIZE / CY_APPL_MAX) * (CY_APPL_NUM - 0x1)):0x0
                0x00000800                ee_size = (CY_APPL_LOADABLE && ! (CY_EE_IN_BTLDR))?(CY_EE_SIZE / CY_APPL_MAX):CY_EE_SIZE
                0x00000000                PROVIDE (CY_ECC_OFFSET, ecc_offset)

.text           0x00000000     0x340c
 CREATE_OBJECT_SYMBOLS
                0x00000000                PROVIDE (__cy_interrupt_vector, RomVectors)
 *(.romvectors)
 .romvectors    0x00000000       0x10 .\ARM_GCC_493\Debug\Cm3Start.o
                0x00000000                RomVectors
                0x00000001                ASSERT ((. != __cy_interrupt_vector), No interrupt vector)
                0x00000001                ASSERT (CY_APPL_ORIGIN?(SIZEOF (.cybootloader) <= CY_APPL_ORIGIN):0x1, Wrong image location)
                0x00000010                PROVIDE (__cy_reset, Reset)
 *(.text.Reset)
 .text.Reset    0x00000010       0x18 .\ARM_GCC_493\Debug\Cm3Start.o
                0x00000010                Reset
                0x00000001                ASSERT ((. != __cy_reset), No reset code)
 *(.dma_init)
                0x00000001                ASSERT ((((appl_start + .) <= 0x10000) || 0x1), DMA Init must be within the first 64k of flash)
 *(.text .text.* .gnu.linkonce.t.*)
 .text          0x00000028       0x5c c:/program files (x86)/cypress/psoc creator/3.3/psoc creator/import/gnu/arm/4.9.3/bin/../lib/gcc/arm-none-eabi/4.9.3/armv7-m/crtbegin.o
 .text.main     0x00000084      0x268 .\ARM_GCC_493\Debug\main.o
                0x00000084                main
 .text.IntDefaultHandler
                0x000002ec        0x8 .\ARM_GCC_493\Debug\Cm3Start.o
                0x000002ec                IntDefaultHandler
 .text._sbrk    0x000002f4       0x50 .\ARM_GCC_493\Debug\Cm3Start.o
                0x000002f4                _sbrk
 .text.Start_c  0x00000344       0x98 .\ARM_GCC_493\Debug\Cm3Start.o
                0x00000344                Start_c
 .text.initialize_psoc
                0x000003dc       0x8c .\ARM_GCC_493\Debug\Cm3Start.o
                0x000003dc                initialize_psoc
 .text.CYMEMZERO
                0x00000468       0x1c .\ARM_GCC_493\Debug\power.a(cyfitter_cfg.o)
 .text.CYCONFIGCPY
                0x00000484       0x1c .\ARM_GCC_493\Debug\power.a(cyfitter_cfg.o)
 .text.CyClockStartupError
                0x000004a0        0xc .\ARM_GCC_493\Debug\power.a(cyfitter_cfg.o)
 .text.cfg_write_bytes32
                0x000004ac       0x74 .\ARM_GCC_493\Debug\power.a(cyfitter_cfg.o)
 .text.ClockSetup
                0x00000520      0x158 .\ARM_GCC_493\Debug\power.a(cyfitter_cfg.o)
 .text.AnalogSetDefault
                0x00000678       0x6c .\ARM_GCC_493\Debug\power.a(cyfitter_cfg.o)
 .text.ADC_DelSig_1_AMux_Set
                0x000006e4       0x40 .\ARM_GCC_493\Debug\power.a(cyfitter_cfg.o)
                0x000006e4                ADC_DelSig_1_AMux_Set
 .text.ADC_DelSig_1_AMux_Unset
                0x00000724       0x44 .\ARM_GCC_493\Debug\power.a(cyfitter_cfg.o)
                0x00000724                ADC_DelSig_1_AMux_Unset
 .text.cyfitter_cfg
                0x00000768      0x174 .\ARM_GCC_493\Debug\power.a(cyfitter_cfg.o)
                0x00000768                cyfitter_cfg
 .text.ADC_DelSig_1_Init
                0x000008dc      0x158 .\ARM_GCC_493\Debug\power.a(ADC_DelSig_1.o)
                0x000008dc                ADC_DelSig_1_Init
 .text.ADC_DelSig_1_Enable
                0x00000a34      0x158 .\ARM_GCC_493\Debug\power.a(ADC_DelSig_1.o)
                0x00000a34                ADC_DelSig_1_Enable
 .text.ADC_DelSig_1_Start
                0x00000b8c       0x30 .\ARM_GCC_493\Debug\power.a(ADC_DelSig_1.o)
                0x00000b8c                ADC_DelSig_1_Start
 .text.ADC_DelSig_1_StartConvert
                0x00000bbc       0x20 .\ARM_GCC_493\Debug\power.a(ADC_DelSig_1.o)
                0x00000bbc                ADC_DelSig_1_StartConvert
 .text.ADC_DelSig_1_IsEndConversion
                0x00000bdc       0x50 .\ARM_GCC_493\Debug\power.a(ADC_DelSig_1.o)
                0x00000bdc                ADC_DelSig_1_IsEndConversion
 .text.ADC_DelSig_1_GetResult16
                0x00000c2c       0x7c .\ARM_GCC_493\Debug\power.a(ADC_DelSig_1.o)
                0x00000c2c                ADC_DelSig_1_GetResult16
 .text.ADC_DelSig_1_CountsTo_mVolts
                0x00000ca8       0x40 .\ARM_GCC_493\Debug\power.a(ADC_DelSig_1.o)
                0x00000ca8                ADC_DelSig_1_CountsTo_mVolts
 .text.ADC_DelSig_1_InitConfig
                0x00000ce8      0x408 .\ARM_GCC_493\Debug\power.a(ADC_DelSig_1.o)
 .text.ADC_DelSig_1_GainCompensation
                0x000010f0      0x16c .\ARM_GCC_493\Debug\power.a(ADC_DelSig_1.o)
 .text.ADC_DelSig_1_SetDSMRef0Reg
                0x0000125c       0x78 .\ARM_GCC_493\Debug\power.a(ADC_DelSig_1.o)
 .text.ADC_DelSig_1_ISR1
                0x000012d4        0xc .\ARM_GCC_493\Debug\power.a(ADC_DelSig_1_INT.o)
                0x000012d4                ADC_DelSig_1_ISR1
 .text.ADC_DelSig_1_ISR2
                0x000012e0        0xc .\ARM_GCC_493\Debug\power.a(ADC_DelSig_1_INT.o)
                0x000012e0                ADC_DelSig_1_ISR2
 .text.ADC_DelSig_1_ISR3
                0x000012ec        0xc .\ARM_GCC_493\Debug\power.a(ADC_DelSig_1_INT.o)
                0x000012ec                ADC_DelSig_1_ISR3
 .text.ADC_DelSig_1_ISR4
                0x000012f8        0xc .\ARM_GCC_493\Debug\power.a(ADC_DelSig_1_INT.o)
                0x000012f8                ADC_DelSig_1_ISR4
 .text.Sample_Hold_1_Init
                0x00001304       0x50 .\ARM_GCC_493\Debug\power.a(Sample_Hold_1.o)
                0x00001304                Sample_Hold_1_Init
 .text.Sample_Hold_1_Enable
                0x00001354       0x48 .\ARM_GCC_493\Debug\power.a(Sample_Hold_1.o)
                0x00001354                Sample_Hold_1_Enable
 .text.Sample_Hold_1_Start
                0x0000139c       0x20 .\ARM_GCC_493\Debug\power.a(Sample_Hold_1.o)
                0x0000139c                Sample_Hold_1_Start
 .text.Sample_Hold_1_Stop
                0x000013bc       0x34 .\ARM_GCC_493\Debug\power.a(Sample_Hold_1.o)
                0x000013bc                Sample_Hold_1_Stop
 .text.Sample_Hold_1_SetPower
                0x000013f0       0x38 .\ARM_GCC_493\Debug\power.a(Sample_Hold_1.o)
                0x000013f0                Sample_Hold_1_SetPower
 .text.UART_1_Start
                0x00001428       0x20 .\ARM_GCC_493\Debug\power.a(UART_1.o)
                0x00001428                UART_1_Start
 .text.UART_1_Init
                0x00001448       0x40 .\ARM_GCC_493\Debug\power.a(UART_1.o)
                0x00001448                UART_1_Init
 .text.UART_1_Enable
                0x00001488       0x5c .\ARM_GCC_493\Debug\power.a(UART_1.o)
                0x00001488                UART_1_Enable
 .text.UART_1_GetChar
                0x000014e4       0x44 .\ARM_GCC_493\Debug\power.a(UART_1.o)
                0x000014e4                UART_1_GetChar
 .text.UART_1_PutChar
                0x00001528       0x34 .\ARM_GCC_493\Debug\power.a(UART_1.o)
                0x00001528                UART_1_PutChar
 .text.UART_1_PutString
                0x0000155c       0x40 .\ARM_GCC_493\Debug\power.a(UART_1.o)
                0x0000155c                UART_1_PutString
 .text.ADC_DelSig_1_AMux_Start
                0x0000159c       0x30 .\ARM_GCC_493\Debug\power.a(ADC_DelSig_1_AMux.o)
                0x0000159c                ADC_DelSig_1_AMux_Start
 .text.ADC_DelSig_1_AMux_Select
                0x000015cc       0x28 .\ARM_GCC_493\Debug\power.a(ADC_DelSig_1_AMux.o)
                0x000015cc                ADC_DelSig_1_AMux_Select
 .text.ADC_DelSig_1_Ext_CP_Clk_SetDividerRegister
                0x000015f4      0x160 .\ARM_GCC_493\Debug\power.a(ADC_DelSig_1_Ext_CP_Clk.o)
                0x000015f4                ADC_DelSig_1_Ext_CP_Clk_SetDividerRegister
 .text.ADC_DelSig_1_Ext_CP_Clk_GetDividerRegister
                0x00001754       0x18 .\ARM_GCC_493\Debug\power.a(ADC_DelSig_1_Ext_CP_Clk.o)
                0x00001754                ADC_DelSig_1_Ext_CP_Clk_GetDividerRegister
 .text.ADC_DelSig_1_Ext_CP_Clk_SetModeRegister
                0x0000176c       0x34 .\ARM_GCC_493\Debug\power.a(ADC_DelSig_1_Ext_CP_Clk.o)
                0x0000176c                ADC_DelSig_1_Ext_CP_Clk_SetModeRegister
 .text.ADC_DelSig_1_Ext_CP_Clk_GetSourceRegister
                0x000017a0       0x20 .\ARM_GCC_493\Debug\power.a(ADC_DelSig_1_Ext_CP_Clk.o)
                0x000017a0                ADC_DelSig_1_Ext_CP_Clk_GetSourceRegister
 .text.ADC_DelSig_1_theACLK_SetDividerRegister
                0x000017c0      0x160 .\ARM_GCC_493\Debug\power.a(ADC_DelSig_1_theACLK.o)
                0x000017c0                ADC_DelSig_1_theACLK_SetDividerRegister
 .text.ADC_DelSig_1_theACLK_GetDividerRegister
                0x00001920       0x18 .\ARM_GCC_493\Debug\power.a(ADC_DelSig_1_theACLK.o)
                0x00001920                ADC_DelSig_1_theACLK_GetDividerRegister
 .text.ADC_DelSig_1_theACLK_SetModeRegister
                0x00001938       0x34 .\ARM_GCC_493\Debug\power.a(ADC_DelSig_1_theACLK.o)
                0x00001938                ADC_DelSig_1_theACLK_SetModeRegister
 .text.ADC_DelSig_1_theACLK_GetSourceRegister
                0x0000196c       0x20 .\ARM_GCC_493\Debug\power.a(ADC_DelSig_1_theACLK.o)
                0x0000196c                ADC_DelSig_1_theACLK_GetSourceRegister
 .text.UART_1_IntClock_Start
                0x0000198c       0x34 .\ARM_GCC_493\Debug\power.a(UART_1_IntClock.o)
                0x0000198c                UART_1_IntClock_Start
 .text          0x000019c0       0x58 .\ARM_GCC_493\Debug\power.a(CyBootAsmGnu.o)
                0x000019c0                CyDelayCycles
                0x000019fe                CyEnterCriticalSection
                0x00001a06                CyExitCriticalSection
 .text.CyHalt   0x00001a18       0x18 .\ARM_GCC_493\Debug\power.a(CyLib.o)
                0x00001a18                CyHalt
 .text.CyDelayUs
                0x00001a30       0x24 .\ARM_GCC_493\Debug\power.a(CyLib.o)
                0x00001a30                CyDelayUs
 .text.CyIntSetVector
                0x00001a54       0x50 .\ARM_GCC_493\Debug\power.a(CyLib.o)
                0x00001a54                CyIntSetVector
 .text.CyIntSetPriority
                0x00001aa4       0x44 .\ARM_GCC_493\Debug\power.a(CyLib.o)
                0x00001aa4                CyIntSetPriority
 .text.sqrt     0x00001ae8       0xac c:/program files (x86)/cypress/psoc creator/3.3/psoc creator/import/gnu/arm/4.9.3/bin/../lib/gcc/arm-none-eabi/4.9.3/../../../../arm-none-eabi/lib/armv7-m\libm.a(lib_a-w_sqrt.o)
                0x00001ae8                sqrt
 .text.__ieee754_sqrt
                0x00001b94      0x18c c:/program files (x86)/cypress/psoc creator/3.3/psoc creator/import/gnu/arm/4.9.3/bin/../lib/gcc/arm-none-eabi/4.9.3/../../../../arm-none-eabi/lib/armv7-m\libm.a(lib_a-e_sqrt.o)
                0x00001b94                __ieee754_sqrt
 .text.__fpclassifyd
                0x00001d20       0x58 c:/program files (x86)/cypress/psoc creator/3.3/psoc creator/import/gnu/arm/4.9.3/bin/../lib/gcc/arm-none-eabi/4.9.3/../../../../arm-none-eabi/lib/armv7-m\libm.a(lib_a-s_fpclassify.o)
                0x00001d20                __fpclassifyd
 .text.matherr  0x00001d78        0x4 c:/program files (x86)/cypress/psoc creator/3.3/psoc creator/import/gnu/arm/4.9.3/bin/../lib/gcc/arm-none-eabi/4.9.3/../../../../arm-none-eabi/lib/armv7-m\libm.a(lib_a-s_matherr.o)
                0x00001d78                matherr
 .text          0x00001d7c      0x370 c:/program files (x86)/cypress/psoc creator/3.3/psoc creator/import/gnu/arm/4.9.3/bin/../lib/gcc/arm-none-eabi/4.9.3/armv7-m\libgcc.a(_arm_addsubdf3.o)
                0x00001d7c                __aeabi_drsub
                0x00001d84                __aeabi_dsub
                0x00001d84                __subdf3
                0x00001d88                __aeabi_dadd
                0x00001d88                __adddf3
                0x00002000                __floatunsidf
                0x00002000                __aeabi_ui2d
                0x00002020                __floatsidf
                0x00002020                __aeabi_i2d
                0x00002044                __aeabi_f2d
                0x00002044                __extendsfdf2
                0x00002080                __floatundidf
                0x00002080                __aeabi_ul2d
                0x00002090                __floatdidf
                0x00002090                __aeabi_l2d
 .text          0x000020ec      0x424 c:/program files (x86)/cypress/psoc creator/3.3/psoc creator/import/gnu/arm/4.9.3/bin/../lib/gcc/arm-none-eabi/4.9.3/armv7-m\libgcc.a(_arm_muldivdf3.o)
                0x000020ec                __aeabi_dmul
                0x000020ec                __muldf3
                0x00002340                __divdf3
                0x00002340                __aeabi_ddiv
 .text          0x00002510      0x110 c:/program files (x86)/cypress/psoc creator/3.3/psoc creator/import/gnu/arm/4.9.3/bin/../lib/gcc/arm-none-eabi/4.9.3/armv7-m\libgcc.a(_arm_cmpdf2.o)
                0x00002510                __gtdf2
                0x00002510                __gedf2
                0x00002518                __ltdf2
                0x00002518                __ledf2
                0x00002520                __nedf2
                0x00002520                __eqdf2
                0x00002520                __cmpdf2
                0x0000259c                __aeabi_cdrcmple
                0x000025ac                __aeabi_cdcmpeq
                0x000025ac                __aeabi_cdcmple
                0x000025bc                __aeabi_dcmpeq
                0x000025d0                __aeabi_dcmplt
                0x000025e4                __aeabi_dcmple
                0x000025f8                __aeabi_dcmpge
                0x0000260c                __aeabi_dcmpgt
 .text          0x00002620       0x50 c:/program files (x86)/cypress/psoc creator/3.3/psoc creator/import/gnu/arm/4.9.3/bin/../lib/gcc/arm-none-eabi/4.9.3/armv7-m\libgcc.a(_arm_fixdfsi.o)
                0x00002620                __aeabi_d2iz
                0x00002620                __fixdfsi
 .text          0x00002670      0x21c c:/program files (x86)/cypress/psoc creator/3.3/psoc creator/import/gnu/arm/4.9.3/bin/../lib/gcc/arm-none-eabi/4.9.3/armv7-m\libgcc.a(_arm_addsubsf3.o)
                0x00002670                __aeabi_frsub
                0x00002678                __subsf3
                0x00002678                __aeabi_fsub
                0x0000267c                __aeabi_fadd
                0x0000267c                __addsf3
                0x000027dc                __aeabi_ui2f
                0x000027dc                __floatunsisf
                0x000027e4                __aeabi_i2f
                0x000027e4                __floatsisf
                0x00002800                __aeabi_ul2f
                0x00002800                __floatundisf
                0x00002810                __aeabi_l2f
                0x00002810                __floatdisf
 .text          0x0000288c      0x2a0 c:/program files (x86)/cypress/psoc creator/3.3/psoc creator/import/gnu/arm/4.9.3/bin/../lib/gcc/arm-none-eabi/4.9.3/armv7-m\libgcc.a(_arm_muldivsf3.o)
                0x0000288c                __mulsf3
                0x0000288c                __aeabi_fmul
                0x000029f4                __aeabi_fdiv
                0x000029f4                __divsf3
 .text          0x00002b2c       0x4c c:/program files (x86)/cypress/psoc creator/3.3/psoc creator/import/gnu/arm/4.9.3/bin/../lib/gcc/arm-none-eabi/4.9.3/armv7-m\libgcc.a(_arm_fixsfsi.o)
                0x00002b2c                __aeabi_f2iz
                0x00002b2c                __fixsfsi
 .text.__errno  0x00002b78        0xc c:/program files (x86)/cypress/psoc creator/3.3/psoc creator/import/gnu/arm/4.9.3/bin/../lib/gcc/arm-none-eabi/4.9.3/../../../../arm-none-eabi/lib/armv7-m\libg_nano.a(lib_a-errno.o)
                0x00002b78                __errno
 .text.__libc_init_array
                0x00002b84       0x4c c:/program files (x86)/cypress/psoc creator/3.3/psoc creator/import/gnu/arm/4.9.3/bin/../lib/gcc/arm-none-eabi/4.9.3/../../../../arm-none-eabi/lib/armv7-m\libg_nano.a(lib_a-init.o)
                0x00002b84                __libc_init_array
 .text.memcpy   0x00002bd0       0x16 c:/program files (x86)/cypress/psoc creator/3.3/psoc creator/import/gnu/arm/4.9.3/bin/../lib/gcc/arm-none-eabi/4.9.3/../../../../arm-none-eabi/lib/armv7-m\libg_nano.a(lib_a-memcpy.o)
                0x00002bd0                memcpy
 .text.memset   0x00002be6       0x10 c:/program files (x86)/cypress/psoc creator/3.3/psoc creator/import/gnu/arm/4.9.3/bin/../lib/gcc/arm-none-eabi/4.9.3/../../../../arm-none-eabi/lib/armv7-m\libg_nano.a(lib_a-memset.o)
                0x00002be6                memset
 *fill*         0x00002bf6        0x2 
 .text.sprintf  0x00002bf8       0x48 c:/program files (x86)/cypress/psoc creator/3.3/psoc creator/import/gnu/arm/4.9.3/bin/../lib/gcc/arm-none-eabi/4.9.3/../../../../arm-none-eabi/lib/armv7-m\libg_nano.a(lib_a-sprintf.o)
                0x00002bf8                siprintf
                0x00002bf8                sprintf
 .text.__ssputs_r
                0x00002c40       0xb2 c:/program files (x86)/cypress/psoc creator/3.3/psoc creator/import/gnu/arm/4.9.3/bin/../lib/gcc/arm-none-eabi/4.9.3/../../../../arm-none-eabi/lib/armv7-m\libg_nano.a(lib_a-nano-svfprintf.o)
                0x00002c40                __ssputs_r
 *fill*         0x00002cf2        0x2 
 .text._svfprintf_r
                0x00002cf4      0x1e4 c:/program files (x86)/cypress/psoc creator/3.3/psoc creator/import/gnu/arm/4.9.3/bin/../lib/gcc/arm-none-eabi/4.9.3/../../../../arm-none-eabi/lib/armv7-m\libg_nano.a(lib_a-nano-svfprintf.o)
                0x00002cf4                _svfiprintf_r
                0x00002cf4                _svfprintf_r
 .text._printf_common
                0x00002ed8       0xea c:/program files (x86)/cypress/psoc creator/3.3/psoc creator/import/gnu/arm/4.9.3/bin/../lib/gcc/arm-none-eabi/4.9.3/../../../../arm-none-eabi/lib/armv7-m\libg_nano.a(lib_a-nano-vfprintf_i.o)
                0x00002ed8                _printf_common
 *fill*         0x00002fc2        0x2 
 .text._printf_i
                0x00002fc4      0x240 c:/program files (x86)/cypress/psoc creator/3.3/psoc creator/import/gnu/arm/4.9.3/bin/../lib/gcc/arm-none-eabi/4.9.3/../../../../arm-none-eabi/lib/armv7-m\libg_nano.a(lib_a-nano-vfprintf_i.o)
                0x00002fc4                _printf_i
 .text.memchr   0x00003204       0x1c c:/program files (x86)/cypress/psoc creator/3.3/psoc creator/import/gnu/arm/4.9.3/bin/../lib/gcc/arm-none-eabi/4.9.3/../../../../arm-none-eabi/lib/armv7-m\libg_nano.a(lib_a-memchr.o)
                0x00003204                memchr
 .text.memmove  0x00003220       0x36 c:/program files (x86)/cypress/psoc creator/3.3/psoc creator/import/gnu/arm/4.9.3/bin/../lib/gcc/arm-none-eabi/4.9.3/../../../../arm-none-eabi/lib/armv7-m\libg_nano.a(lib_a-memmove.o)
                0x00003220                memmove
 *fill*         0x00003256        0x2 
 .text._free_r  0x00003258       0x88 c:/program files (x86)/cypress/psoc creator/3.3/psoc creator/import/gnu/arm/4.9.3/bin/../lib/gcc/arm-none-eabi/4.9.3/../../../../arm-none-eabi/lib/armv7-m\libg_nano.a(lib_a-nano-freer.o)
                0x00003258                _free_r
 .text._malloc_r
                0x000032e0       0xac c:/program files (x86)/cypress/psoc creator/3.3/psoc creator/import/gnu/arm/4.9.3/bin/../lib/gcc/arm-none-eabi/4.9.3/../../../../arm-none-eabi/lib/armv7-m\libg_nano.a(lib_a-nano-mallocr.o)
                0x000032e0                _malloc_r
 .text._realloc_r
                0x0000338c       0x4c c:/program files (x86)/cypress/psoc creator/3.3/psoc creator/import/gnu/arm/4.9.3/bin/../lib/gcc/arm-none-eabi/4.9.3/../../../../arm-none-eabi/lib/armv7-m\libg_nano.a(lib_a-nano-reallocr.o)
                0x0000338c                _realloc_r
 .text._sbrk_r  0x000033d8       0x20 c:/program files (x86)/cypress/psoc creator/3.3/psoc creator/import/gnu/arm/4.9.3/bin/../lib/gcc/arm-none-eabi/4.9.3/../../../../arm-none-eabi/lib/armv7-m\libg_nano.a(lib_a-sbrkr.o)
                0x000033d8                _sbrk_r
 .text._malloc_usable_size_r
                0x000033f8       0x14 c:/program files (x86)/cypress/psoc creator/3.3/psoc creator/import/gnu/arm/4.9.3/bin/../lib/gcc/arm-none-eabi/4.9.3/../../../../arm-none-eabi/lib/armv7-m\libg_nano.a(lib_a-nano-msizer.o)
                0x000033f8                _malloc_usable_size_r
 *(.plt)
 *(.gnu.warning)
 *(.glue_7t)
 .glue_7t       0x00000000        0x0 linker stubs
 *(.glue_7)
 .glue_7        0x00000000        0x0 linker stubs
 *(.vfp11_veneer)
 .vfp11_veneer  0x00000000        0x0 linker stubs
 *(.bootloader)
 *(.ARM.extab* .gnu.linkonce.armextab.*)
 *(.gcc_except_table)

.v4_bx          0x0000340c        0x0
 .v4_bx         0x00000000        0x0 linker stubs

.iplt           0x0000340c        0x0
 .iplt          0x00000000        0x0 c:/program files (x86)/cypress/psoc creator/3.3/psoc creator/import/gnu/arm/4.9.3/bin/../lib/gcc/arm-none-eabi/4.9.3/armv7-m/crtbegin.o

.eh_frame_hdr
 *(.eh_frame_hdr)

.eh_frame       0x0000340c        0x4
 *(.eh_frame)
 .eh_frame      0x0000340c        0x0 c:/program files (x86)/cypress/psoc creator/3.3/psoc creator/import/gnu/arm/4.9.3/bin/../lib/gcc/arm-none-eabi/4.9.3/armv7-m/crtbegin.o
 .eh_frame      0x0000340c        0x4 c:/program files (x86)/cypress/psoc creator/3.3/psoc creator/import/gnu/arm/4.9.3/bin/../lib/gcc/arm-none-eabi/4.9.3/armv7-m/crtend.o
                0x00003410                PROVIDE (__exidx_start, .)

.ARM.exidx
 *(.ARM.exidx* .gnu.linkonce.armexidx.*)
                0x00003410                __exidx_end = .

.rodata         0x00003410      0x108
 *(.rodata .rodata.* .gnu.linkonce.r.*)
 .rodata        0x00003410       0x4c .\ARM_GCC_493\Debug\main.o
 .rodata        0x0000345c       0x48 .\ARM_GCC_493\Debug\power.a(cyfitter_cfg.o)
                0x0000345c                ADC_DelSig_1_AMux__addrTable
                0x00003464                ADC_DelSig_1_AMux__maskTable
 .rodata.str1.4
                0x000034a4        0x8 c:/program files (x86)/cypress/psoc creator/3.3/psoc creator/import/gnu/arm/4.9.3/bin/../lib/gcc/arm-none-eabi/4.9.3/../../../../arm-none-eabi/lib/armv7-m\libm.a(lib_a-w_sqrt.o)
 .rodata.str1.1
                0x000034ac        0x2 c:/program files (x86)/cypress/psoc creator/3.3/psoc creator/import/gnu/arm/4.9.3/bin/../lib/gcc/arm-none-eabi/4.9.3/../../../../arm-none-eabi/lib/armv7-m\libg_nano.a(lib_a-impure.o)
 .rodata.str1.1
                0x000034ae       0x11 c:/program files (x86)/cypress/psoc creator/3.3/psoc creator/import/gnu/arm/4.9.3/bin/../lib/gcc/arm-none-eabi/4.9.3/../../../../arm-none-eabi/lib/armv7-m\libg_nano.a(lib_a-nano-svfprintf.o)
 .rodata.str1.1
                0x000034bf       0x22 c:/program files (x86)/cypress/psoc creator/3.3/psoc creator/import/gnu/arm/4.9.3/bin/../lib/gcc/arm-none-eabi/4.9.3/../../../../arm-none-eabi/lib/armv7-m\libg_nano.a(lib_a-nano-vfprintf_i.o)
                0x000034e4                . = ALIGN (0x4)
 *fill*         0x000034e1        0x3 
 *(.init)
 .init          0x000034e4        0x4 c:/program files (x86)/cypress/psoc creator/3.3/psoc creator/import/gnu/arm/4.9.3/bin/../lib/gcc/arm-none-eabi/4.9.3/armv7-m/crti.o
                0x000034e4                _init
 .init          0x000034e8        0x8 c:/program files (x86)/cypress/psoc creator/3.3/psoc creator/import/gnu/arm/4.9.3/bin/../lib/gcc/arm-none-eabi/4.9.3/armv7-m/crtn.o
                0x000034f0                . = ALIGN (0x4)
                0x000034f0                __preinit_array_start = .
 *(.preinit_array)
                0x000034f0                __preinit_array_end = .
                0x000034f0                . = ALIGN (0x4)
                0x000034f0                __init_array_start = .
 *(SORT(.init_array.*))
 *(.init_array)
 .init_array    0x000034f0        0x4 c:/program files (x86)/cypress/psoc creator/3.3/psoc creator/import/gnu/arm/4.9.3/bin/../lib/gcc/arm-none-eabi/4.9.3/armv7-m/crtbegin.o
 .init_array    0x000034f4        0x4 .\ARM_GCC_493\Debug\Cm3Start.o
                0x000034f8                __init_array_end = .
                0x000034f8                . = ALIGN (0x4)
 *(.fini)
 .fini          0x000034f8        0x4 c:/program files (x86)/cypress/psoc creator/3.3/psoc creator/import/gnu/arm/4.9.3/bin/../lib/gcc/arm-none-eabi/4.9.3/armv7-m/crti.o
                0x000034f8                _fini
 .fini          0x000034fc        0x8 c:/program files (x86)/cypress/psoc creator/3.3/psoc creator/import/gnu/arm/4.9.3/bin/../lib/gcc/arm-none-eabi/4.9.3/armv7-m/crtn.o
                0x00003504                . = ALIGN (0x4)
                0x00003504                __fini_array_start = .
 *(.fini_array)
 .fini_array    0x00003504        0x4 c:/program files (x86)/cypress/psoc creator/3.3/psoc creator/import/gnu/arm/4.9.3/bin/../lib/gcc/arm-none-eabi/4.9.3/armv7-m/crtbegin.o
 *(SORT(.fini_array.*))
                0x00003508                __fini_array_end = .
                0x00003508                . = ALIGN (0x4)
 *crtbegin.o(.ctors)
 *(EXCLUDE_FILE(*crtend.o) .ctors)
 *(SORT(.ctors.*))
 *crtend.o(.ctors)
                0x00003508                . = ALIGN (0x4)
 *crtbegin.o(.dtors)
 *(EXCLUDE_FILE(*crtend.o) .dtors)
 *(SORT(.dtors.*))
 *crtend.o(.dtors)
                0x00003508                . = ALIGN (0x4)
                0x00003508                __cy_regions = .
                0x00003508        0x4 LONG 0x3518 __cy_region_init_ram
                0x0000350c        0x4 LONG 0x1fff8108 __cy_region_start_data
                0x00003510        0x4 LONG 0x88 __cy_region_init_size_ram
                0x00003514        0x4 LONG 0x48 __cy_region_zero_size_ram
                0x00003518                __cy_regions_end = .
                0x00003518                . = ALIGN (0x8)
                0x00003518                _etext = .

.cy_checksum_exclude
                0x00003518        0x0
 *(.cy_checksum_exclude)

.ramvectors     0x1fff8000      0x100
                0x1fff8000                __cy_region_start_ram = .
 *(.ramvectors)
 .ramvectors    0x1fff8000      0x100 .\ARM_GCC_493\Debug\Cm3Start.o
                0x1fff8000                CyRamVectors

.noinit         0x1fff8100        0x5
 *(.noinit)
 .noinit        0x1fff8100        0x4 .\ARM_GCC_493\Debug\Cm3Start.o
 .noinit        0x1fff8104        0x1 .\ARM_GCC_493\Debug\power.a(CyLib.o)
                0x1fff8104                CyResetStatus

.data           0x1fff8108       0x88 load address 0x00003518
                0x1fff8108                __cy_region_start_data = .
 *(.jcr)
 .jcr           0x1fff8108        0x0 c:/program files (x86)/cypress/psoc creator/3.3/psoc creator/import/gnu/arm/4.9.3/bin/../lib/gcc/arm-none-eabi/4.9.3/armv7-m/crtbegin.o
 .jcr           0x1fff8108        0x4 c:/program files (x86)/cypress/psoc creator/3.3/psoc creator/import/gnu/arm/4.9.3/bin/../lib/gcc/arm-none-eabi/4.9.3/armv7-m/crtend.o
 *(.got.plt)
 *(.got)
 *(.shdata)
 *(.data .data.* .gnu.linkonce.d.*)
 .data          0x1fff810c        0x4 .\ARM_GCC_493\Debug\Cm3Start.o
 .data          0x1fff8110        0x1 .\ARM_GCC_493\Debug\power.a(ADC_DelSig_1.o)
                0x1fff8110                ADC_DelSig_1_Config
 .data          0x1fff8111        0x1 .\ARM_GCC_493\Debug\power.a(ADC_DelSig_1_AMux.o)
 *fill*         0x1fff8112        0x2 
 .data          0x1fff8114       0x10 .\ARM_GCC_493\Debug\power.a(CyLib.o)
                0x1fff8114                cydelay_freq_hz
                0x1fff8118                cydelay_freq_khz
                0x1fff811c                cydelay_freq_mhz
                0x1fff8120                cydelay_32k_ms
 .data.__fdlib_version
                0x1fff8124        0x1 c:/program files (x86)/cypress/psoc creator/3.3/psoc creator/import/gnu/arm/4.9.3/bin/../lib/gcc/arm-none-eabi/4.9.3/../../../../arm-none-eabi/lib/armv7-m\libm.a(lib_a-s_lib_ver.o)
                0x1fff8124                __fdlib_version
 *fill*         0x1fff8125        0x3 
 .data.impure_data
                0x1fff8128       0x60 c:/program files (x86)/cypress/psoc creator/3.3/psoc creator/import/gnu/arm/4.9.3/bin/../lib/gcc/arm-none-eabi/4.9.3/../../../../arm-none-eabi/lib/armv7-m\libg_nano.a(lib_a-impure.o)
 .data._impure_ptr
                0x1fff8188        0x4 c:/program files (x86)/cypress/psoc creator/3.3/psoc creator/import/gnu/arm/4.9.3/bin/../lib/gcc/arm-none-eabi/4.9.3/../../../../arm-none-eabi/lib/armv7-m\libg_nano.a(lib_a-impure.o)
                0x1fff8188                _impure_ptr
                0x1fff8190                . = ALIGN (0x8)
 *fill*         0x1fff818c        0x4 
 *(.ram)
                0x1fff8190                _edata = .

.igot.plt       0x1fff8190        0x0 load address 0x000035a0
 .igot.plt      0x00000000        0x0 c:/program files (x86)/cypress/psoc creator/3.3/psoc creator/import/gnu/arm/4.9.3/bin/../lib/gcc/arm-none-eabi/4.9.3/armv7-m/crtbegin.o

.bss            0x1fff8190       0x48 load address 0x000035a0
                0x1fff8190                PROVIDE (__bss_start__, .)
 *(.shbss)
 *(.bss .bss.* .gnu.linkonce.b.*)
 .bss           0x1fff8190       0x1c c:/program files (x86)/cypress/psoc creator/3.3/psoc creator/import/gnu/arm/4.9.3/bin/../lib/gcc/arm-none-eabi/4.9.3/armv7-m/crtbegin.o
 .bss           0x1fff81ac       0x14 .\ARM_GCC_493\Debug\power.a(ADC_DelSig_1.o)
                0x1fff81ac                ADC_DelSig_1_convDone
                0x1fff81ad                ADC_DelSig_1_stopConversion
                0x1fff81ae                ADC_DelSig_1_initVar
                0x1fff81af                ADC_DelSig_1_started
 .bss           0x1fff81c0        0x1 .\ARM_GCC_493\Debug\power.a(Sample_Hold_1.o)
                0x1fff81c0                Sample_Hold_1_initVar
 .bss           0x1fff81c1        0x2 .\ARM_GCC_493\Debug\power.a(UART_1.o)
                0x1fff81c1                UART_1_initVar
 *fill*         0x1fff81c3        0x1 
 .bss.__malloc_sbrk_start
                0x1fff81c4        0x4 c:/program files (x86)/cypress/psoc creator/3.3/psoc creator/import/gnu/arm/4.9.3/bin/../lib/gcc/arm-none-eabi/4.9.3/../../../../arm-none-eabi/lib/armv7-m\libg_nano.a(lib_a-nano-mallocr.o)
                0x1fff81c4                __malloc_sbrk_start
 .bss.__malloc_free_list
                0x1fff81c8        0x4 c:/program files (x86)/cypress/psoc creator/3.3/psoc creator/import/gnu/arm/4.9.3/bin/../lib/gcc/arm-none-eabi/4.9.3/../../../../arm-none-eabi/lib/armv7-m\libg_nano.a(lib_a-nano-mallocr.o)
                0x1fff81c8                __malloc_free_list
 *(COMMON)
 COMMON         0x1fff81cc        0x8 .\ARM_GCC_493\Debug\power.a(ADC_DelSig_1.o)
                0x1fff81cc                ADC_DelSig_1_CountsPerVolt
                0x1fff81d0                ADC_DelSig_1_Offset
 COMMON         0x1fff81d4        0x4 c:/program files (x86)/cypress/psoc creator/3.3/psoc creator/import/gnu/arm/4.9.3/bin/../lib/gcc/arm-none-eabi/4.9.3/../../../../arm-none-eabi/lib/armv7-m\libg_nano.a(lib_a-reent.o)
                0x1fff81d4                errno
                0x1fff81d8                . = ALIGN (0x8)
 *(.ram.b)
                0x1fff81d8                _end = .
                0x1fff81d8                __end = .
                0x1fff81d8                PROVIDE (end, .)
                0x1fff81d8                PROVIDE (__bss_end__, .)
                0x00003518                __cy_region_init_ram = LOADADDR (.data)
                0x00000088                __cy_region_init_size_ram = (_edata - ADDR (.data))
                0x00000048                __cy_region_zero_size_ram = (_end - _edata)

.heap           0x1fff81d8       0x80 load address 0x000035a0
                0x1fff81d8                . = _end
                0x1fff8258                . = (. + 0x80)
 *fill*         0x1fff81d8       0x80 
                0x1fff8258                __cy_heap_limit = .

.stack          0x20007800      0x800
                0x20007800                __cy_stack_limit = .
                0x20008000                . = (. + 0x800)
 *fill*         0x20007800      0x800 
                0x00000001                ASSERT ((__cy_stack_limit >= __cy_heap_limit), region RAM overflowed with stack)
                0x00000000                cy_checksum_exclude_size = (CY_APPL_LOADABLE == 0x1)?SIZEOF (.cy_checksum_exclude):0x0
                0x00000001                ASSERT ((cy_checksum_exclude_size <= CY_CHECKSUM_EXCLUDE_SIZE), CY_BOOT: Section .cy_checksum_exclude size exceedes specified limit.)

.cyloadermeta
 *(.cyloadermeta)

.cyloadablemeta
 *(.cyloadablemeta)

.cyconfigecc    0x80000000      0x428
 *(.cyconfigecc)
 .cyconfigecc   0x80000000      0x428 .\ARM_GCC_493\Debug\cymetadata.o
                0x80000000                cy_meta_configecc

.cycustnvl      0x90000000        0x4
 *(.cycustnvl)
 .cycustnvl     0x90000000        0x4 .\ARM_GCC_493\Debug\cymetadata.o
                0x90000000                cy_meta_custnvl

.cywolatch      0x90100000        0x4
 *(.cywolatch)
 .cywolatch     0x90100000        0x4 .\ARM_GCC_493\Debug\cymetadata.o
                0x90100000                cy_meta_wonvl

.cyeeprom       0x90200000        0x0
 *(.cyeeprom)
                0x00000001                ASSERT ((. <= ((0x90200000 + ee_offset) + ee_size)), .cyeeprom data will not fit in EEPROM)

.cyflashprotect
                0x90400000      0x100
 *(.cyflashprotect)
 .cyflashprotect
                0x90400000      0x100 .\ARM_GCC_493\Debug\cymetadata.o
                0x90400000                cy_meta_flashprotect

.cymeta         0x90500000        0xc
 *(.cymeta)
 .cymeta        0x90500000        0xc .\ARM_GCC_493\Debug\cymetadata.o
                0x90500000                cy_metadata

.rel.dyn        0x000035a0        0x0 load address 0x9050000c
 .rel.iplt      0x00000000        0x0 c:/program files (x86)/cypress/psoc creator/3.3/psoc creator/import/gnu/arm/4.9.3/bin/../lib/gcc/arm-none-eabi/4.9.3/armv7-m/crtbegin.o

.stab
 *(.stab)

.stabstr
 *(.stabstr)

.debug
 *(.debug)

.line
 *(.line)

.debug_srcinfo
 *(.debug_srcinfo)

.debug_sfnames
 *(.debug_sfnames)

.debug_aranges  0x00000000      0x918
 *(.debug_aranges)
 .debug_aranges
                0x00000000       0x20 .\ARM_GCC_493\Debug\main.o
 .debug_aranges
                0x00000020       0x18 .\ARM_GCC_493\Debug\cymetadata.o
 .debug_aranges
                0x00000038       0x48 .\ARM_GCC_493\Debug\Cm3Start.o
 .debug_aranges
                0x00000080       0x70 .\ARM_GCC_493\Debug\power.a(cyfitter_cfg.o)
 .debug_aranges
                0x000000f0       0xe8 .\ARM_GCC_493\Debug\power.a(ADC_DelSig_1.o)
 .debug_aranges
                0x000001d8       0x38 .\ARM_GCC_493\Debug\power.a(ADC_DelSig_1_INT.o)
 .debug_aranges
                0x00000210       0x40 .\ARM_GCC_493\Debug\power.a(Sample_Hold_1.o)
 .debug_aranges
                0x00000250       0xf0 .\ARM_GCC_493\Debug\power.a(UART_1.o)
 .debug_aranges
                0x00000340       0x30 .\ARM_GCC_493\Debug\power.a(ADC_DelSig_1_AMux.o)
 .debug_aranges
                0x00000370       0x70 .\ARM_GCC_493\Debug\power.a(ADC_DelSig_1_Ext_CP_Clk.o)
 .debug_aranges
                0x000003e0       0x80 .\ARM_GCC_493\Debug\power.a(ADC_DelSig_1_theACLK.o)
 .debug_aranges
                0x00000460       0x70 .\ARM_GCC_493\Debug\power.a(UART_1_IntClock.o)
 .debug_aranges
                0x000004d0       0x20 .\ARM_GCC_493\Debug\power.a(CyBootAsmGnu.o)
 .debug_aranges
                0x000004f0      0x298 .\ARM_GCC_493\Debug\power.a(CyLib.o)
 .debug_aranges
                0x00000788       0x98 .\ARM_GCC_493\Debug\power.a(cyPm.o)
 .debug_aranges
                0x00000820       0x80 .\ARM_GCC_493\Debug\power.a(CyFlash.o)
 .debug_aranges
                0x000008a0       0x78 .\ARM_GCC_493\Debug\power.a(CySpc.o)

.debug_pubnames
 *(.debug_pubnames)

.debug_info     0x00000000     0x3d73
 *(.debug_info .gnu.linkonce.wi.*)
 .debug_info    0x00000000      0x1d1 .\ARM_GCC_493\Debug\main.o
 .debug_info    0x000001d1      0x13b .\ARM_GCC_493\Debug\cymetadata.o
 .debug_info    0x0000030c      0x313 .\ARM_GCC_493\Debug\Cm3Start.o
 .debug_info    0x0000061f      0x4ef .\ARM_GCC_493\Debug\power.a(cyfitter_cfg.o)
 .debug_info    0x00000b0e      0x725 .\ARM_GCC_493\Debug\power.a(ADC_DelSig_1.o)
 .debug_info    0x00001233       0xcc .\ARM_GCC_493\Debug\power.a(ADC_DelSig_1_INT.o)
 .debug_info    0x000012ff      0x12c .\ARM_GCC_493\Debug\power.a(Sample_Hold_1.o)
 .debug_info    0x0000142b      0x503 .\ARM_GCC_493\Debug\power.a(UART_1.o)
 .debug_info    0x0000192e      0x10a .\ARM_GCC_493\Debug\power.a(ADC_DelSig_1_AMux.o)
 .debug_info    0x00001a38      0x25d .\ARM_GCC_493\Debug\power.a(ADC_DelSig_1_Ext_CP_Clk.o)
 .debug_info    0x00001c95      0x299 .\ARM_GCC_493\Debug\power.a(ADC_DelSig_1_theACLK.o)
 .debug_info    0x00001f2e      0x25d .\ARM_GCC_493\Debug\power.a(UART_1_IntClock.o)
 .debug_info    0x0000218b       0x96 .\ARM_GCC_493\Debug\power.a(CyBootAsmGnu.o)
 .debug_info    0x00002221      0xe34 .\ARM_GCC_493\Debug\power.a(CyLib.o)
 .debug_info    0x00003055      0x561 .\ARM_GCC_493\Debug\power.a(cyPm.o)
 .debug_info    0x000035b6      0x36a .\ARM_GCC_493\Debug\power.a(CyFlash.o)
 .debug_info    0x00003920      0x453 .\ARM_GCC_493\Debug\power.a(CySpc.o)

.debug_abbrev   0x00000000     0x1279
 *(.debug_abbrev)
 .debug_abbrev  0x00000000       0xaf .\ARM_GCC_493\Debug\main.o
 .debug_abbrev  0x000000af       0x66 .\ARM_GCC_493\Debug\cymetadata.o
 .debug_abbrev  0x00000115      0x1a7 .\ARM_GCC_493\Debug\Cm3Start.o
 .debug_abbrev  0x000002bc      0x1ca .\ARM_GCC_493\Debug\power.a(cyfitter_cfg.o)
 .debug_abbrev  0x00000486      0x19d .\ARM_GCC_493\Debug\power.a(ADC_DelSig_1.o)
 .debug_abbrev  0x00000623       0x42 .\ARM_GCC_493\Debug\power.a(ADC_DelSig_1_INT.o)
 .debug_abbrev  0x00000665       0xb7 .\ARM_GCC_493\Debug\power.a(Sample_Hold_1.o)
 .debug_abbrev  0x0000071c      0x163 .\ARM_GCC_493\Debug\power.a(UART_1.o)
 .debug_abbrev  0x0000087f       0x6f .\ARM_GCC_493\Debug\power.a(ADC_DelSig_1_AMux.o)
 .debug_abbrev  0x000008ee      0x11d .\ARM_GCC_493\Debug\power.a(ADC_DelSig_1_Ext_CP_Clk.o)
 .debug_abbrev  0x00000a0b      0x11d .\ARM_GCC_493\Debug\power.a(ADC_DelSig_1_theACLK.o)
 .debug_abbrev  0x00000b28      0x11d .\ARM_GCC_493\Debug\power.a(UART_1_IntClock.o)
 .debug_abbrev  0x00000c45       0x14 .\ARM_GCC_493\Debug\power.a(CyBootAsmGnu.o)
 .debug_abbrev  0x00000c59      0x217 .\ARM_GCC_493\Debug\power.a(CyLib.o)
 .debug_abbrev  0x00000e70      0x161 .\ARM_GCC_493\Debug\power.a(cyPm.o)
 .debug_abbrev  0x00000fd1      0x13c .\ARM_GCC_493\Debug\power.a(CyFlash.o)
 .debug_abbrev  0x0000110d      0x16c .\ARM_GCC_493\Debug\power.a(CySpc.o)

.debug_line     0x00000000     0x251f
 *(.debug_line)
 .debug_line    0x00000000      0x1de .\ARM_GCC_493\Debug\main.o
 .debug_line    0x000001de       0x53 .\ARM_GCC_493\Debug\cymetadata.o
 .debug_line    0x00000231      0x1d6 .\ARM_GCC_493\Debug\Cm3Start.o
 .debug_line    0x00000407      0x24c .\ARM_GCC_493\Debug\power.a(cyfitter_cfg.o)
 .debug_line    0x00000653      0x3d9 .\ARM_GCC_493\Debug\power.a(ADC_DelSig_1.o)
 .debug_line    0x00000a2c       0x97 .\ARM_GCC_493\Debug\power.a(ADC_DelSig_1_INT.o)
 .debug_line    0x00000ac3       0xc4 .\ARM_GCC_493\Debug\power.a(Sample_Hold_1.o)
 .debug_line    0x00000b87      0x2e6 .\ARM_GCC_493\Debug\power.a(UART_1.o)
 .debug_line    0x00000e6d       0xa8 .\ARM_GCC_493\Debug\power.a(ADC_DelSig_1_AMux.o)
 .debug_line    0x00000f15      0x1cb .\ARM_GCC_493\Debug\power.a(ADC_DelSig_1_Ext_CP_Clk.o)
 .debug_line    0x000010e0      0x1ec .\ARM_GCC_493\Debug\power.a(ADC_DelSig_1_theACLK.o)
 .debug_line    0x000012cc      0x1c3 .\ARM_GCC_493\Debug\power.a(UART_1_IntClock.o)
 .debug_line    0x0000148f       0x7f .\ARM_GCC_493\Debug\power.a(CyBootAsmGnu.o)
 .debug_line    0x0000150e      0x872 .\ARM_GCC_493\Debug\power.a(CyLib.o)
 .debug_line    0x00001d80      0x381 .\ARM_GCC_493\Debug\power.a(cyPm.o)
 .debug_line    0x00002101      0x207 .\ARM_GCC_493\Debug\power.a(CyFlash.o)
 .debug_line    0x00002308      0x217 .\ARM_GCC_493\Debug\power.a(CySpc.o)

.debug_frame    0x00000000     0x28d4
 *(.debug_frame)
 .debug_frame   0x00000000       0x38 .\ARM_GCC_493\Debug\main.o
 .debug_frame   0x00000038       0xd8 .\ARM_GCC_493\Debug\Cm3Start.o
 .debug_frame   0x00000110      0x1bc .\ARM_GCC_493\Debug\power.a(cyfitter_cfg.o)
 .debug_frame   0x000002cc      0x40c .\ARM_GCC_493\Debug\power.a(ADC_DelSig_1.o)
 .debug_frame   0x000006d8       0xa0 .\ARM_GCC_493\Debug\power.a(ADC_DelSig_1_INT.o)
 .debug_frame   0x00000778       0xb8 .\ARM_GCC_493\Debug\power.a(Sample_Hold_1.o)
 .debug_frame   0x00000830      0x42c .\ARM_GCC_493\Debug\power.a(UART_1.o)
 .debug_frame   0x00000c5c       0x88 .\ARM_GCC_493\Debug\power.a(ADC_DelSig_1_AMux.o)
 .debug_frame   0x00000ce4      0x1b4 .\ARM_GCC_493\Debug\power.a(ADC_DelSig_1_Ext_CP_Clk.o)
 .debug_frame   0x00000e98      0x200 .\ARM_GCC_493\Debug\power.a(ADC_DelSig_1_theACLK.o)
 .debug_frame   0x00001098      0x1b4 .\ARM_GCC_493\Debug\power.a(UART_1_IntClock.o)
 .debug_frame   0x0000124c      0xbe8 .\ARM_GCC_493\Debug\power.a(CyLib.o)
 .debug_frame   0x00001e34      0x234 .\ARM_GCC_493\Debug\power.a(cyPm.o)
 .debug_frame   0x00002068      0x210 .\ARM_GCC_493\Debug\power.a(CyFlash.o)
 .debug_frame   0x00002278      0x1f8 .\ARM_GCC_493\Debug\power.a(CySpc.o)
 .debug_frame   0x00002470       0x44 c:/program files (x86)/cypress/psoc creator/3.3/psoc creator/import/gnu/arm/4.9.3/bin/../lib/gcc/arm-none-eabi/4.9.3/../../../../arm-none-eabi/lib/armv7-m\libm.a(lib_a-w_sqrt.o)
 .debug_frame   0x000024b4       0x30 c:/program files (x86)/cypress/psoc creator/3.3/psoc creator/import/gnu/arm/4.9.3/bin/../lib/gcc/arm-none-eabi/4.9.3/../../../../arm-none-eabi/lib/armv7-m\libm.a(lib_a-e_sqrt.o)
 .debug_frame   0x000024e4       0x34 c:/program files (x86)/cypress/psoc creator/3.3/psoc creator/import/gnu/arm/4.9.3/bin/../lib/gcc/arm-none-eabi/4.9.3/../../../../arm-none-eabi/lib/armv7-m\libm.a(lib_a-s_fpclassify.o)
 .debug_frame   0x00002518       0x20 c:/program files (x86)/cypress/psoc creator/3.3/psoc creator/import/gnu/arm/4.9.3/bin/../lib/gcc/arm-none-eabi/4.9.3/../../../../arm-none-eabi/lib/armv7-m\libm.a(lib_a-s_matherr.o)
 .debug_frame   0x00002538       0x20 c:/program files (x86)/cypress/psoc creator/3.3/psoc creator/import/gnu/arm/4.9.3/bin/../lib/gcc/arm-none-eabi/4.9.3/../../../../arm-none-eabi/lib/armv7-m\libg_nano.a(lib_a-errno.o)
 .debug_frame   0x00002558       0x28 c:/program files (x86)/cypress/psoc creator/3.3/psoc creator/import/gnu/arm/4.9.3/bin/../lib/gcc/arm-none-eabi/4.9.3/../../../../arm-none-eabi/lib/armv7-m\libg_nano.a(lib_a-exit.o)
 .debug_frame   0x00002580       0x2c c:/program files (x86)/cypress/psoc creator/3.3/psoc creator/import/gnu/arm/4.9.3/bin/../lib/gcc/arm-none-eabi/4.9.3/../../../../arm-none-eabi/lib/armv7-m\libg_nano.a(lib_a-init.o)
 .debug_frame   0x000025ac       0x28 c:/program files (x86)/cypress/psoc creator/3.3/psoc creator/import/gnu/arm/4.9.3/bin/../lib/gcc/arm-none-eabi/4.9.3/../../../../arm-none-eabi/lib/armv7-m\libg_nano.a(lib_a-memcpy.o)
 .debug_frame   0x000025d4       0x20 c:/program files (x86)/cypress/psoc creator/3.3/psoc creator/import/gnu/arm/4.9.3/bin/../lib/gcc/arm-none-eabi/4.9.3/../../../../arm-none-eabi/lib/armv7-m\libg_nano.a(lib_a-memset.o)
 .debug_frame   0x000025f4       0x70 c:/program files (x86)/cypress/psoc creator/3.3/psoc creator/import/gnu/arm/4.9.3/bin/../lib/gcc/arm-none-eabi/4.9.3/../../../../arm-none-eabi/lib/armv7-m\libg_nano.a(lib_a-sprintf.o)
 .debug_frame   0x00002664       0x8c c:/program files (x86)/cypress/psoc creator/3.3/psoc creator/import/gnu/arm/4.9.3/bin/../lib/gcc/arm-none-eabi/4.9.3/../../../../arm-none-eabi/lib/armv7-m\libg_nano.a(lib_a-nano-svfprintf.o)
 .debug_frame   0x000026f0       0x58 c:/program files (x86)/cypress/psoc creator/3.3/psoc creator/import/gnu/arm/4.9.3/bin/../lib/gcc/arm-none-eabi/4.9.3/../../../../arm-none-eabi/lib/armv7-m\libg_nano.a(lib_a-nano-vfprintf_i.o)
 .debug_frame   0x00002748       0x28 c:/program files (x86)/cypress/psoc creator/3.3/psoc creator/import/gnu/arm/4.9.3/bin/../lib/gcc/arm-none-eabi/4.9.3/../../../../arm-none-eabi/lib/armv7-m\libg_nano.a(lib_a-memchr.o)
 .debug_frame   0x00002770       0x28 c:/program files (x86)/cypress/psoc creator/3.3/psoc creator/import/gnu/arm/4.9.3/bin/../lib/gcc/arm-none-eabi/4.9.3/../../../../arm-none-eabi/lib/armv7-m\libg_nano.a(lib_a-memmove.o)
 .debug_frame   0x00002798       0x2c c:/program files (x86)/cypress/psoc creator/3.3/psoc creator/import/gnu/arm/4.9.3/bin/../lib/gcc/arm-none-eabi/4.9.3/../../../../arm-none-eabi/lib/armv7-m\libg_nano.a(lib_a-nano-freer.o)
 .debug_frame   0x000027c4       0x2c c:/program files (x86)/cypress/psoc creator/3.3/psoc creator/import/gnu/arm/4.9.3/bin/../lib/gcc/arm-none-eabi/4.9.3/../../../../arm-none-eabi/lib/armv7-m\libg_nano.a(lib_a-nano-mallocr.o)
 .debug_frame   0x000027f0       0x3c c:/program files (x86)/cypress/psoc creator/3.3/psoc creator/import/gnu/arm/4.9.3/bin/../lib/gcc/arm-none-eabi/4.9.3/../../../../arm-none-eabi/lib/armv7-m\libg_nano.a(lib_a-nano-reallocr.o)
 .debug_frame   0x0000282c       0x2c c:/program files (x86)/cypress/psoc creator/3.3/psoc creator/import/gnu/arm/4.9.3/bin/../lib/gcc/arm-none-eabi/4.9.3/../../../../arm-none-eabi/lib/armv7-m\libg_nano.a(lib_a-sbrkr.o)
 .debug_frame   0x00002858       0x20 c:/program files (x86)/cypress/psoc creator/3.3/psoc creator/import/gnu/arm/4.9.3/bin/../lib/gcc/arm-none-eabi/4.9.3/../../../../arm-none-eabi/lib/armv7-m\libg_nano.a(lib_a-nano-msizer.o)
 .debug_frame   0x00002878       0x5c c:/program files (x86)/cypress/psoc creator/3.3/psoc creator/import/gnu/arm/4.9.3/bin/../lib/gcc/arm-none-eabi/4.9.3/../../../../arm-none-eabi/lib/armv7-m\libg_nano.a(lib_a-reent.o)

.debug_str      0x00000000     0x2188
 *(.debug_str)
 .debug_str     0x00000000      0x1d3 .\ARM_GCC_493\Debug\main.o
                                0x22e (size before relaxing)
 .debug_str     0x000001d3       0x77 .\ARM_GCC_493\Debug\cymetadata.o
                                0x1f0 (size before relaxing)
 .debug_str     0x0000024a      0x13e .\ARM_GCC_493\Debug\Cm3Start.o
                                0x2d1 (size before relaxing)
 .debug_str     0x00000388      0x1fc .\ARM_GCC_493\Debug\power.a(cyfitter_cfg.o)
                                0x3a2 (size before relaxing)
 .debug_str     0x00000584      0x440 .\ARM_GCC_493\Debug\power.a(ADC_DelSig_1.o)
                                0x61d (size before relaxing)
 .debug_str     0x000009c4       0x74 .\ARM_GCC_493\Debug\power.a(ADC_DelSig_1_INT.o)
                                0x1e7 (size before relaxing)
 .debug_str     0x00000a38       0xab .\ARM_GCC_493\Debug\power.a(Sample_Hold_1.o)
                                0x22f (size before relaxing)
 .debug_str     0x00000ae3      0x2a3 .\ARM_GCC_493\Debug\power.a(UART_1.o)
                                0x455 (size before relaxing)
 .debug_str     0x00000d86       0x9e .\ARM_GCC_493\Debug\power.a(ADC_DelSig_1_AMux.o)
                                0x216 (size before relaxing)
 .debug_str     0x00000e24      0x222 .\ARM_GCC_493\Debug\power.a(ADC_DelSig_1_Ext_CP_Clk.o)
                                0x3b4 (size before relaxing)
 .debug_str     0x00001046      0x20a .\ARM_GCC_493\Debug\power.a(ADC_DelSig_1_theACLK.o)
                                0x3e5 (size before relaxing)
 .debug_str     0x00001250      0x179 .\ARM_GCC_493\Debug\power.a(UART_1_IntClock.o)
                                0x354 (size before relaxing)
 .debug_str     0x000013c9      0x7f0 .\ARM_GCC_493\Debug\power.a(CyLib.o)
                                0x9cc (size before relaxing)
 .debug_str     0x00001bb9      0x367 .\ARM_GCC_493\Debug\power.a(cyPm.o)
                                0x531 (size before relaxing)
 .debug_str     0x00001f20      0x147 .\ARM_GCC_493\Debug\power.a(CyFlash.o)
                                0x2f0 (size before relaxing)
 .debug_str     0x00002067      0x121 .\ARM_GCC_493\Debug\power.a(CySpc.o)
                                0x2ed (size before relaxing)

.debug_loc
 *(.debug_loc)

.debug_macinfo
 *(.debug_macinfo)

.debug_ranges   0x00000000      0x7f0
 *(.debug_ranges)
 .debug_ranges  0x00000000       0x10 .\ARM_GCC_493\Debug\main.o
 .debug_ranges  0x00000010       0x38 .\ARM_GCC_493\Debug\Cm3Start.o
 .debug_ranges  0x00000048       0x60 .\ARM_GCC_493\Debug\power.a(cyfitter_cfg.o)
 .debug_ranges  0x000000a8       0xd8 .\ARM_GCC_493\Debug\power.a(ADC_DelSig_1.o)
 .debug_ranges  0x00000180       0x28 .\ARM_GCC_493\Debug\power.a(ADC_DelSig_1_INT.o)
 .debug_ranges  0x000001a8       0x30 .\ARM_GCC_493\Debug\power.a(Sample_Hold_1.o)
 .debug_ranges  0x000001d8       0xe0 .\ARM_GCC_493\Debug\power.a(UART_1.o)
 .debug_ranges  0x000002b8       0x20 .\ARM_GCC_493\Debug\power.a(ADC_DelSig_1_AMux.o)
 .debug_ranges  0x000002d8       0x60 .\ARM_GCC_493\Debug\power.a(ADC_DelSig_1_Ext_CP_Clk.o)
 .debug_ranges  0x00000338       0x70 .\ARM_GCC_493\Debug\power.a(ADC_DelSig_1_theACLK.o)
 .debug_ranges  0x000003a8       0x60 .\ARM_GCC_493\Debug\power.a(UART_1_IntClock.o)
 .debug_ranges  0x00000408      0x288 .\ARM_GCC_493\Debug\power.a(CyLib.o)
 .debug_ranges  0x00000690       0x88 .\ARM_GCC_493\Debug\power.a(cyPm.o)
 .debug_ranges  0x00000718       0x70 .\ARM_GCC_493\Debug\power.a(CyFlash.o)
 .debug_ranges  0x00000788       0x68 .\ARM_GCC_493\Debug\power.a(CySpc.o)

.comment        0x00000000       0x70
 .comment       0x00000000       0x70 .\ARM_GCC_493\Debug\main.o
                                 0x71 (size before relaxing)
 .comment       0x00000000       0x71 .\ARM_GCC_493\Debug\cymetadata.o
 .comment       0x00000000       0x71 .\ARM_GCC_493\Debug\Cm3Start.o
 .comment       0x00000000       0x71 .\ARM_GCC_493\Debug\power.a(cyfitter_cfg.o)
 .comment       0x00000000       0x71 .\ARM_GCC_493\Debug\power.a(ADC_DelSig_1.o)
 .comment       0x00000000       0x71 .\ARM_GCC_493\Debug\power.a(ADC_DelSig_1_INT.o)
 .comment       0x00000000       0x71 .\ARM_GCC_493\Debug\power.a(Sample_Hold_1.o)
 .comment       0x00000000       0x71 .\ARM_GCC_493\Debug\power.a(UART_1.o)
 .comment       0x00000000       0x71 .\ARM_GCC_493\Debug\power.a(ADC_DelSig_1_AMux.o)
 .comment       0x00000000       0x71 .\ARM_GCC_493\Debug\power.a(ADC_DelSig_1_Ext_CP_Clk.o)
 .comment       0x00000000       0x71 .\ARM_GCC_493\Debug\power.a(ADC_DelSig_1_theACLK.o)
 .comment       0x00000000       0x71 .\ARM_GCC_493\Debug\power.a(UART_1_IntClock.o)
 .comment       0x00000000       0x71 .\ARM_GCC_493\Debug\power.a(CyLib.o)
 .comment       0x00000000       0x71 .\ARM_GCC_493\Debug\power.a(cyPm.o)
 .comment       0x00000000       0x71 .\ARM_GCC_493\Debug\power.a(CyFlash.o)
 .comment       0x00000000       0x71 .\ARM_GCC_493\Debug\power.a(CySpc.o)

.debug_weaknames
 *(.debug_weaknames)

.debug_funcnames
 *(.debug_funcnames)

.debug_typenames
 *(.debug_typenames)

.debug_varnames
 *(.debug_varnames)

.note.gnu.arm.ident
 *(.note.gnu.arm.ident)

.ARM.attributes
                0x00000000       0x29
 *(.ARM.attributes)
 .ARM.attributes
                0x00000000       0x1d c:/program files (x86)/cypress/psoc creator/3.3/psoc creator/import/gnu/arm/4.9.3/bin/../lib/gcc/arm-none-eabi/4.9.3/armv7-m/crti.o
 .ARM.attributes
                0x0000001d       0x2d c:/program files (x86)/cypress/psoc creator/3.3/psoc creator/import/gnu/arm/4.9.3/bin/../lib/gcc/arm-none-eabi/4.9.3/armv7-m/crtbegin.o
 .ARM.attributes
                0x0000004a       0x1b c:/program files (x86)/cypress/psoc creator/3.3/psoc creator/import/gnu/arm/4.9.3/bin/../lib/gcc/arm-none-eabi/4.9.3/../../../../arm-none-eabi/lib/armv7-m/crt0.o
 .ARM.attributes
                0x00000065       0x33 .\ARM_GCC_493\Debug\main.o
 .ARM.attributes
                0x00000098       0x33 .\ARM_GCC_493\Debug\cymetadata.o
 .ARM.attributes
                0x000000cb       0x33 .\ARM_GCC_493\Debug\Cm3Start.o
 .ARM.attributes
                0x000000fe       0x33 .\ARM_GCC_493\Debug\power.a(cyfitter_cfg.o)
 .ARM.attributes
                0x00000131       0x33 .\ARM_GCC_493\Debug\power.a(ADC_DelSig_1.o)
 .ARM.attributes
                0x00000164       0x33 .\ARM_GCC_493\Debug\power.a(ADC_DelSig_1_INT.o)
 .ARM.attributes
                0x00000197       0x33 .\ARM_GCC_493\Debug\power.a(Sample_Hold_1.o)
 .ARM.attributes
                0x000001ca       0x33 .\ARM_GCC_493\Debug\power.a(UART_1.o)
 .ARM.attributes
                0x000001fd       0x33 .\ARM_GCC_493\Debug\power.a(ADC_DelSig_1_AMux.o)
 .ARM.attributes
                0x00000230       0x33 .\ARM_GCC_493\Debug\power.a(ADC_DelSig_1_Ext_CP_Clk.o)
 .ARM.attributes
                0x00000263       0x33 .\ARM_GCC_493\Debug\power.a(ADC_DelSig_1_theACLK.o)
 .ARM.attributes
                0x00000296       0x33 .\ARM_GCC_493\Debug\power.a(UART_1_IntClock.o)
 .ARM.attributes
                0x000002c9       0x21 .\ARM_GCC_493\Debug\power.a(CyBootAsmGnu.o)
 .ARM.attributes
                0x000002ea       0x33 .\ARM_GCC_493\Debug\power.a(CyLib.o)
 .ARM.attributes
                0x0000031d       0x33 .\ARM_GCC_493\Debug\power.a(cyPm.o)
 .ARM.attributes
                0x00000350       0x33 .\ARM_GCC_493\Debug\power.a(CyFlash.o)
 .ARM.attributes
                0x00000383       0x33 .\ARM_GCC_493\Debug\power.a(CySpc.o)
 .ARM.attributes
                0x000003b6       0x2d c:/program files (x86)/cypress/psoc creator/3.3/psoc creator/import/gnu/arm/4.9.3/bin/../lib/gcc/arm-none-eabi/4.9.3/../../../../arm-none-eabi/lib/armv7-m\libm.a(lib_a-w_sqrt.o)
 .ARM.attributes
                0x000003e3       0x2d c:/program files (x86)/cypress/psoc creator/3.3/psoc creator/import/gnu/arm/4.9.3/bin/../lib/gcc/arm-none-eabi/4.9.3/../../../../arm-none-eabi/lib/armv7-m\libm.a(lib_a-e_sqrt.o)
 .ARM.attributes
                0x00000410       0x2d c:/program files (x86)/cypress/psoc creator/3.3/psoc creator/import/gnu/arm/4.9.3/bin/../lib/gcc/arm-none-eabi/4.9.3/../../../../arm-none-eabi/lib/armv7-m\libm.a(lib_a-s_fpclassify.o)
 .ARM.attributes
                0x0000043d       0x2d c:/program files (x86)/cypress/psoc creator/3.3/psoc creator/import/gnu/arm/4.9.3/bin/../lib/gcc/arm-none-eabi/4.9.3/../../../../arm-none-eabi/lib/armv7-m\libm.a(lib_a-s_lib_ver.o)
 .ARM.attributes
                0x0000046a       0x2d c:/program files (x86)/cypress/psoc creator/3.3/psoc creator/import/gnu/arm/4.9.3/bin/../lib/gcc/arm-none-eabi/4.9.3/../../../../arm-none-eabi/lib/armv7-m\libm.a(lib_a-s_matherr.o)
 .ARM.attributes
                0x00000497       0x1d c:/program files (x86)/cypress/psoc creator/3.3/psoc creator/import/gnu/arm/4.9.3/bin/../lib/gcc/arm-none-eabi/4.9.3/armv7-m\libgcc.a(_arm_addsubdf3.o)
 .ARM.attributes
                0x000004b4       0x1d c:/program files (x86)/cypress/psoc creator/3.3/psoc creator/import/gnu/arm/4.9.3/bin/../lib/gcc/arm-none-eabi/4.9.3/armv7-m\libgcc.a(_arm_muldivdf3.o)
 .ARM.attributes
                0x000004d1       0x1d c:/program files (x86)/cypress/psoc creator/3.3/psoc creator/import/gnu/arm/4.9.3/bin/../lib/gcc/arm-none-eabi/4.9.3/armv7-m\libgcc.a(_arm_cmpdf2.o)
 .ARM.attributes
                0x000004ee       0x1d c:/program files (x86)/cypress/psoc creator/3.3/psoc creator/import/gnu/arm/4.9.3/bin/../lib/gcc/arm-none-eabi/4.9.3/armv7-m\libgcc.a(_arm_fixdfsi.o)
 .ARM.attributes
                0x0000050b       0x1d c:/program files (x86)/cypress/psoc creator/3.3/psoc creator/import/gnu/arm/4.9.3/bin/../lib/gcc/arm-none-eabi/4.9.3/armv7-m\libgcc.a(_arm_addsubsf3.o)
 .ARM.attributes
                0x00000528       0x1d c:/program files (x86)/cypress/psoc creator/3.3/psoc creator/import/gnu/arm/4.9.3/bin/../lib/gcc/arm-none-eabi/4.9.3/armv7-m\libgcc.a(_arm_muldivsf3.o)
 .ARM.attributes
                0x00000545       0x1d c:/program files (x86)/cypress/psoc creator/3.3/psoc creator/import/gnu/arm/4.9.3/bin/../lib/gcc/arm-none-eabi/4.9.3/armv7-m\libgcc.a(_arm_fixsfsi.o)
 .ARM.attributes
                0x00000562       0x1d c:/program files (x86)/cypress/psoc creator/3.3/psoc creator/import/gnu/arm/4.9.3/bin/../lib/gcc/arm-none-eabi/4.9.3/armv7-m\libgcc.a(_arm_fixunssfsi.o)
 .ARM.attributes
                0x0000057f       0x2d c:/program files (x86)/cypress/psoc creator/3.3/psoc creator/import/gnu/arm/4.9.3/bin/../lib/gcc/arm-none-eabi/4.9.3/../../../../arm-none-eabi/lib/armv7-m\libg_nano.a(lib_a-errno.o)
 .ARM.attributes
                0x000005ac       0x2d c:/program files (x86)/cypress/psoc creator/3.3/psoc creator/import/gnu/arm/4.9.3/bin/../lib/gcc/arm-none-eabi/4.9.3/../../../../arm-none-eabi/lib/armv7-m\libg_nano.a(lib_a-exit.o)
 .ARM.attributes
                0x000005d9       0x2d c:/program files (x86)/cypress/psoc creator/3.3/psoc creator/import/gnu/arm/4.9.3/bin/../lib/gcc/arm-none-eabi/4.9.3/../../../../arm-none-eabi/lib/armv7-m\libg_nano.a(lib_a-impure.o)
 .ARM.attributes
                0x00000606       0x2d c:/program files (x86)/cypress/psoc creator/3.3/psoc creator/import/gnu/arm/4.9.3/bin/../lib/gcc/arm-none-eabi/4.9.3/../../../../arm-none-eabi/lib/armv7-m\libg_nano.a(lib_a-init.o)
 .ARM.attributes
                0x00000633       0x2d c:/program files (x86)/cypress/psoc creator/3.3/psoc creator/import/gnu/arm/4.9.3/bin/../lib/gcc/arm-none-eabi/4.9.3/../../../../arm-none-eabi/lib/armv7-m\libg_nano.a(lib_a-memcpy.o)
 .ARM.attributes
                0x00000660       0x2d c:/program files (x86)/cypress/psoc creator/3.3/psoc creator/import/gnu/arm/4.9.3/bin/../lib/gcc/arm-none-eabi/4.9.3/../../../../arm-none-eabi/lib/armv7-m\libg_nano.a(lib_a-memset.o)
 .ARM.attributes
                0x0000068d       0x2d c:/program files (x86)/cypress/psoc creator/3.3/psoc creator/import/gnu/arm/4.9.3/bin/../lib/gcc/arm-none-eabi/4.9.3/../../../../arm-none-eabi/lib/armv7-m\libg_nano.a(lib_a-sprintf.o)
 .ARM.attributes
                0x000006ba       0x2d c:/program files (x86)/cypress/psoc creator/3.3/psoc creator/import/gnu/arm/4.9.3/bin/../lib/gcc/arm-none-eabi/4.9.3/../../../../arm-none-eabi/lib/armv7-m\libg_nano.a(lib_a-nano-svfprintf.o)
 .ARM.attributes
                0x000006e7       0x2d c:/program files (x86)/cypress/psoc creator/3.3/psoc creator/import/gnu/arm/4.9.3/bin/../lib/gcc/arm-none-eabi/4.9.3/../../../../arm-none-eabi/lib/armv7-m\libg_nano.a(lib_a-nano-vfprintf_i.o)
 .ARM.attributes
                0x00000714       0x2d c:/program files (x86)/cypress/psoc creator/3.3/psoc creator/import/gnu/arm/4.9.3/bin/../lib/gcc/arm-none-eabi/4.9.3/../../../../arm-none-eabi/lib/armv7-m\libg_nano.a(lib_a-memchr.o)
 .ARM.attributes
                0x00000741       0x2d c:/program files (x86)/cypress/psoc creator/3.3/psoc creator/import/gnu/arm/4.9.3/bin/../lib/gcc/arm-none-eabi/4.9.3/../../../../arm-none-eabi/lib/armv7-m\libg_nano.a(lib_a-memmove.o)
 .ARM.attributes
                0x0000076e       0x2d c:/program files (x86)/cypress/psoc creator/3.3/psoc creator/import/gnu/arm/4.9.3/bin/../lib/gcc/arm-none-eabi/4.9.3/../../../../arm-none-eabi/lib/armv7-m\libg_nano.a(lib_a-nano-freer.o)
 .ARM.attributes
                0x0000079b       0x2d c:/program files (x86)/cypress/psoc creator/3.3/psoc creator/import/gnu/arm/4.9.3/bin/../lib/gcc/arm-none-eabi/4.9.3/../../../../arm-none-eabi/lib/armv7-m\libg_nano.a(lib_a-nano-mallocr.o)
 .ARM.attributes
                0x000007c8       0x2d c:/program files (x86)/cypress/psoc creator/3.3/psoc creator/import/gnu/arm/4.9.3/bin/../lib/gcc/arm-none-eabi/4.9.3/../../../../arm-none-eabi/lib/armv7-m\libg_nano.a(lib_a-nano-reallocr.o)
 .ARM.attributes
                0x000007f5       0x2d c:/program files (x86)/cypress/psoc creator/3.3/psoc creator/import/gnu/arm/4.9.3/bin/../lib/gcc/arm-none-eabi/4.9.3/../../../../arm-none-eabi/lib/armv7-m\libg_nano.a(lib_a-sbrkr.o)
 .ARM.attributes
                0x00000822       0x2d c:/program files (x86)/cypress/psoc creator/3.3/psoc creator/import/gnu/arm/4.9.3/bin/../lib/gcc/arm-none-eabi/4.9.3/../../../../arm-none-eabi/lib/armv7-m\libg_nano.a(lib_a-nano-msizer.o)
 .ARM.attributes
                0x0000084f       0x2d c:/program files (x86)/cypress/psoc creator/3.3/psoc creator/import/gnu/arm/4.9.3/bin/../lib/gcc/arm-none-eabi/4.9.3/../../../../arm-none-eabi/lib/armv7-m\libg_nano.a(lib_a-reent.o)
 .ARM.attributes
                0x0000087c       0x2d c:/program files (x86)/cypress/psoc creator/3.3/psoc creator/import/gnu/arm/4.9.3/bin/../lib/gcc/arm-none-eabi/4.9.3/armv7-m/crtend.o
 .ARM.attributes
                0x000008a9       0x1d c:/program files (x86)/cypress/psoc creator/3.3/psoc creator/import/gnu/arm/4.9.3/bin/../lib/gcc/arm-none-eabi/4.9.3/armv7-m/crtn.o

/DISCARD/
 *(.note.GNU-stack)
OUTPUT(.\ARM_GCC_493\Debug\power.elf elf32-littlearm)
