Archive member included because of file (symbol)

.\ARM_GCC_484\Debug\CE95277 ADC and UART.a(cyfitter_cfg.o)
                              .\ARM_GCC_484\Debug\Cm3Start.o (cyfitter_cfg)
.\ARM_GCC_484\Debug\CE95277 ADC and UART.a(ADC_DelSig_1.o)
                              .\ARM_GCC_484\Debug\main.o (ADC_DelSig_1_Start)
.\ARM_GCC_484\Debug\CE95277 ADC and UART.a(ADC_DelSig_1_INT.o)
                              .\ARM_GCC_484\Debug\CE95277 ADC and UART.a(ADC_DelSig_1.o) (ADC_DelSig_1_ISR1)
.\ARM_GCC_484\Debug\CE95277 ADC and UART.a(Sample_Hold_1.o)
                              .\ARM_GCC_484\Debug\main.o (Sample_Hold_1_Start)
.\ARM_GCC_484\Debug\CE95277 ADC and UART.a(UART_1.o)
                              .\ARM_GCC_484\Debug\main.o (UART_1_Start)
.\ARM_GCC_484\Debug\CE95277 ADC and UART.a(ADC_DelSig_1_AMux.o)
                              .\ARM_GCC_484\Debug\CE95277 ADC and UART.a(ADC_DelSig_1.o) (ADC_DelSig_1_AMux_Select)
.\ARM_GCC_484\Debug\CE95277 ADC and UART.a(ADC_DelSig_1_Ext_CP_Clk.o)
                              .\ARM_GCC_484\Debug\CE95277 ADC and UART.a(ADC_DelSig_1.o) (ADC_DelSig_1_Ext_CP_Clk_SetDividerRegister)
.\ARM_GCC_484\Debug\CE95277 ADC and UART.a(ADC_DelSig_1_theACLK.o)
                              .\ARM_GCC_484\Debug\CE95277 ADC and UART.a(ADC_DelSig_1.o) (ADC_DelSig_1_theACLK_SetDividerRegister)
.\ARM_GCC_484\Debug\CE95277 ADC and UART.a(UART_1_IntClock.o)
                              .\ARM_GCC_484\Debug\CE95277 ADC and UART.a(UART_1.o) (UART_1_IntClock_Start)
.\ARM_GCC_484\Debug\CE95277 ADC and UART.a(CyBootAsmGnu.o)
                              .\ARM_GCC_484\Debug\CE95277 ADC and UART.a(cyfitter_cfg.o) (CyDelayCycles)
.\ARM_GCC_484\Debug\CE95277 ADC and UART.a(CyLib.o)
                              .\ARM_GCC_484\Debug\Cm3Start.o (CyResetStatus)
.\ARM_GCC_484\Debug\CE95277 ADC and UART.a(cyPm.o)
                              .\ARM_GCC_484\Debug\CE95277 ADC and UART.a(CyLib.o) (CyPmReadStatus)
.\ARM_GCC_484\Debug\CE95277 ADC and UART.a(CyFlash.o)
                              .\ARM_GCC_484\Debug\CE95277 ADC and UART.a(cyPm.o) (CyFlash_SetWaitCycles)
.\ARM_GCC_484\Debug\CE95277 ADC and UART.a(CySpc.o)
                              .\ARM_GCC_484\Debug\CE95277 ADC and UART.a(CyFlash.o) (CySpcStart)
c:/program files (x86)/cypress/psoc creator/3.1/psoc creator/import/gnu_cs/arm/4.8.4/bin/../lib/gcc/arm-none-eabi/4.8.4/armv7-m\libgcc.a(_arm_addsubdf3.o)
                              .\ARM_GCC_484\Debug\CE95277 ADC and UART.a(ADC_DelSig_1.o) (__aeabi_f2d)
c:/program files (x86)/cypress/psoc creator/3.1/psoc creator/import/gnu_cs/arm/4.8.4/bin/../lib/gcc/arm-none-eabi/4.8.4/armv7-m\libgcc.a(_arm_cmpdf2.o)
                              .\ARM_GCC_484\Debug\CE95277 ADC and UART.a(ADC_DelSig_1.o) (__aeabi_dcmpgt)
c:/program files (x86)/cypress/psoc creator/3.1/psoc creator/import/gnu_cs/arm/4.8.4/bin/../lib/gcc/arm-none-eabi/4.8.4/armv7-m\libgcc.a(_arm_addsubsf3.o)
                              .\ARM_GCC_484\Debug\CE95277 ADC and UART.a(ADC_DelSig_1.o) (__aeabi_ui2f)
c:/program files (x86)/cypress/psoc creator/3.1/psoc creator/import/gnu_cs/arm/4.8.4/bin/../lib/gcc/arm-none-eabi/4.8.4/armv7-m\libgcc.a(_arm_muldivsf3.o)
                              .\ARM_GCC_484\Debug\CE95277 ADC and UART.a(ADC_DelSig_1.o) (__aeabi_fmul)
c:/program files (x86)/cypress/psoc creator/3.1/psoc creator/import/gnu_cs/arm/4.8.4/bin/../lib/gcc/arm-none-eabi/4.8.4/armv7-m\libgcc.a(_arm_fixunssfsi.o)
                              .\ARM_GCC_484\Debug\CE95277 ADC and UART.a(ADC_DelSig_1.o) (__aeabi_f2uiz)
c:/program files (x86)/cypress/psoc creator/3.1/psoc creator/import/gnu_cs/arm/4.8.4/bin/../lib/gcc/arm-none-eabi/4.8.4/../../../../arm-none-eabi/lib/armv7-m\libg_s.a(lib_a-errno.o)
                              .\ARM_GCC_484\Debug\Cm3Start.o (__errno)
c:/program files (x86)/cypress/psoc creator/3.1/psoc creator/import/gnu_cs/arm/4.8.4/bin/../lib/gcc/arm-none-eabi/4.8.4/../../../../arm-none-eabi/lib/armv7-m\libg_s.a(lib_a-exit.o)
                              c:/program files (x86)/cypress/psoc creator/3.1/psoc creator/import/gnu_cs/arm/4.8.4/bin/../lib/gcc/arm-none-eabi/4.8.4/../../../../arm-none-eabi/lib/armv7-m/crt0.o (exit)
c:/program files (x86)/cypress/psoc creator/3.1/psoc creator/import/gnu_cs/arm/4.8.4/bin/../lib/gcc/arm-none-eabi/4.8.4/../../../../arm-none-eabi/lib/armv7-m\libg_s.a(lib_a-impure.o)
                              c:/program files (x86)/cypress/psoc creator/3.1/psoc creator/import/gnu_cs/arm/4.8.4/bin/../lib/gcc/arm-none-eabi/4.8.4/../../../../arm-none-eabi/lib/armv7-m\libg_s.a(lib_a-exit.o) (_global_impure_ptr)
c:/program files (x86)/cypress/psoc creator/3.1/psoc creator/import/gnu_cs/arm/4.8.4/bin/../lib/gcc/arm-none-eabi/4.8.4/../../../../arm-none-eabi/lib/armv7-m\libg_s.a(lib_a-init.o)
[...]
Memory Configuration

Name             Origin             Length             Attributes
rom              0x00000000         0x00040000         xr
ram              0x1fff8000         0x00010000         xrw
*default*        0x00000000         0xffffffff

Linker script and memory map

LOAD c:/program files (x86)/cypress/psoc creator/3.1/psoc creator/import/gnu_cs/arm/4.8.4/bin/../lib/gcc/arm-none-eabi/4.8.4/armv7-m/crti.o
LOAD c:/program files (x86)/cypress/psoc creator/3.1/psoc creator/import/gnu_cs/arm/4.8.4/bin/../lib/gcc/arm-none-eabi/4.8.4/armv7-m/crtbegin.o
LOAD c:/program files (x86)/cypress/psoc creator/3.1/psoc creator/import/gnu_cs/arm/4.8.4/bin/../lib/gcc/arm-none-eabi/4.8.4/../../../../arm-none-eabi/lib/armv7-m/crt0.o
START GROUP
LOAD .\ARM_GCC_484\Debug\main.o
LOAD .\ARM_GCC_484\Debug\cymetadata.o
LOAD .\ARM_GCC_484\Debug\Cm3Start.o
LOAD .\ARM_GCC_484\Debug\CE95277 ADC and UART.a
LOAD C:\Program Files (x86)\Cypress\PSoC Creator\3.1\PSoC Creator\psoc\content\cycomponentlibrary\CyComponentLibrary.cylib\CortexM3\ARM_GCC_484\Debug\CyComponentLibrary.a
END GROUP
START GROUP
LOAD c:/program files (x86)/cypress/psoc creator/3.1/psoc creator/import/gnu_cs/arm/4.8.4/bin/../lib/gcc/arm-none-eabi/4.8.4/armv7-m\libgcc.a
LOAD c:/program files (x86)/cypress/psoc creator/3.1/psoc creator/import/gnu_cs/arm/4.8.4/bin/../lib/gcc/arm-none-eabi/4.8.4/../../../../arm-none-eabi/lib/armv7-m\libg_s.a
LOAD c:/program files (x86)/cypress/psoc creator/3.1/psoc creator/import/gnu_cs/arm/4.8.4/bin/../lib/gcc/arm-none-eabi/4.8.4/../../../../arm-none-eabi/lib/armv7-m\libc_s.a
END GROUP
START GROUP
LOAD c:/program files (x86)/cypress/psoc creator/3.1/psoc creator/import/gnu_cs/arm/4.8.4/bin/../lib/gcc/arm-none-eabi/4.8.4/armv7-m\libgcc.a
LOAD c:/program files (x86)/cypress/psoc creator/3.1/psoc creator/import/gnu_cs/arm/4.8.4/bin/../lib/gcc/arm-none-eabi/4.8.4/../../../../arm-none-eabi/lib/armv7-m\libc_s.a
END GROUP
LOAD c:/program files (x86)/cypress/psoc creator/3.1/psoc creator/import/gnu_cs/arm/4.8.4/bin/../lib/gcc/arm-none-eabi/4.8.4/armv7-m/crtend.o
LOAD c:/program files (x86)/cypress/psoc creator/3.1/psoc creator/import/gnu_cs/arm/4.8.4/bin/../lib/gcc/arm-none-eabi/4.8.4/armv7-m/crtn.o
START GROUP
LOAD c:/program files (x86)/cypress/psoc creator/3.1/psoc creator/import/gnu_cs/arm/4.8.4/bin/../lib/gcc/arm-none-eabi/4.8.4/armv7-m\libgcc.a
LOAD c:/program files (x86)/cypress/psoc creator/3.1/psoc creator/import/gnu_cs/arm/4.8.4/bin/../lib/gcc/arm-none-eabi/4.8.4/../../../../arm-none-eabi/lib/armv7-m\libc.a
LOAD c:/program files (x86)/cypress/psoc creator/3.1/psoc creator/import/gnu_cs/arm/4.8.4/bin/../lib/gcc/arm-none-eabi/4.8.4/../../../../arm-none-eabi/lib/armv7-m\libnosys.a
END GROUP
                0x00000000                CY_APPL_ORIGIN = 0x0
                0x00000100                CY_FLASH_ROW_SIZE = 0x100
                0x00000020                CY_ECC_ROW_SIZE = 0x20
                0x00000000                CY_EE_IN_BTLDR = 0x0
                0x00000000                CY_APPL_LOADABLE = 0x0
                0x00000800                CY_EE_SIZE = 0x800
                0x00000001                CY_APPL_NUM = 0x1
                0x00000001                CY_APPL_MAX = 0x1
                0x00000040                CY_METADATA_SIZE = 0x40
                0x1fff81d0                PROVIDE (__cy_heap_start, _end)
                0x00000001                PROVIDE (__cy_region_num, ((__cy_regions_end - __cy_regions) / 0x10))
                0x20008000                PROVIDE (__cy_stack, (ORIGIN (ram) + 0x10000))
                0x20007800                PROVIDE (__cy_heap_end, (__cy_stack - 0x800))

.cybootloader   0x00000000        0x0
 *(.cybootloader)
                0x00000000                appl1_start = CY_APPL_ORIGIN?CY_APPL_ORIGIN:ALIGN (CY_FLASH_ROW_SIZE)
                0x0001ff00                appl2_start = (appl1_start + ALIGN ((((0x40000 - appl1_start) - (0x2 * CY_FLASH_ROW_SIZE)) / 0x2), CY_FLASH_ROW_SIZE))
                0x00000000                appl_start = (CY_APPL_NUM == 0x1)?appl1_start:appl2_start
                0x00000000                ecc_offset = ((appl_start / CY_FLASH_ROW_SIZE) * CY_ECC_ROW_SIZE)
                0x00000000                ee_offset = (CY_APPL_LOADABLE && ! (CY_EE_IN_BTLDR))?((CY_EE_SIZE / CY_APPL_MAX) * (CY_APPL_NUM - 0x1)):0x0
                0x00000800                ee_size = (CY_APPL_LOADABLE && ! (CY_EE_IN_BTLDR))?(CY_EE_SIZE / CY_APPL_MAX):CY_EE_SIZE
                0x00000000                PROVIDE (CY_ECC_OFFSET, ecc_offset)

.text           0x00000000     0x23fa
 CREATE_OBJECT_SYMBOLS
                0x00000000                PROVIDE (__cy_interrupt_vector, RomVectors)
 *(.romvectors)
 .romvectors    0x00000000       0x10 .\ARM_GCC_484\Debug\Cm3Start.o
                0x00000000                RomVectors
                0x00000001                ASSERT ((. != __cy_interrupt_vector), No interrupt vector)
                0x00000001                ASSERT (CY_APPL_ORIGIN?(SIZEOF (.cybootloader) <= CY_APPL_ORIGIN):0x1, Wrong image location)
                0x00000010                PROVIDE (__cy_reset, Reset)
 *(.text.Reset)
 .text.Reset    0x00000010       0x18 .\ARM_GCC_484\Debug\Cm3Start.o
                0x00000010                Reset
                0x00000001                ASSERT ((. != __cy_reset), No reset code)
 *(.dma_init)
                0x00000001                ASSERT ((((appl_start + .) <= 0x10000) || 0x1), DMA Init must be within the first 64k of flash)
 *(.text .text.* .gnu.linkonce.t.*)
 .text          0x00000028       0x54 c:/program files (x86)/cypress/psoc creator/3.1/psoc creator/import/gnu_cs/arm/4.8.4/bin/../lib/gcc/arm-none-eabi/4.8.4/armv7-m/crtbegin.o
 .text.main     0x0000007c      0x320 .\ARM_GCC_484\Debug\main.o
                0x0000007c                main
 .text.IntDefaultHandler
                0x0000039c        0x8 .\ARM_GCC_484\Debug\Cm3Start.o
                0x0000039c                IntDefaultHandler
 .text._sbrk    0x000003a4       0x50 .\ARM_GCC_484\Debug\Cm3Start.o
                0x000003a4                _sbrk
 .text.Start_c  0x000003f4       0x98 .\ARM_GCC_484\Debug\Cm3Start.o
                0x000003f4                Start_c
 .text.initialize_psoc
                0x0000048c       0x8c .\ARM_GCC_484\Debug\Cm3Start.o
                0x0000048c                initialize_psoc
 .text.CYMEMZERO
                0x00000518       0x1c .\ARM_GCC_484\Debug\CE95277 ADC and UART.a(cyfitter_cfg.o)
 .text.CYCONFIGCPY
                0x00000534       0x1c .\ARM_GCC_484\Debug\CE95277 ADC and UART.a(cyfitter_cfg.o)
 .text.CyClockStartupError
                0x00000550        0xc .\ARM_GCC_484\Debug\CE95277 ADC and UART.a(cyfitter_cfg.o)
 .text.cfg_write_bytes32
                0x0000055c       0x74 .\ARM_GCC_484\Debug\CE95277 ADC and UART.a(cyfitter_cfg.o)
 .text.ClockSetup
                0x000005d0      0x158 .\ARM_GCC_484\Debug\CE95277 ADC and UART.a(cyfitter_cfg.o)
 .text.AnalogSetDefault
                0x00000728       0x6c .\ARM_GCC_484\Debug\CE95277 ADC and UART.a(cyfitter_cfg.o)
 .text.ADC_DelSig_1_AMux_Set
                0x00000794       0x40 .\ARM_GCC_484\Debug\CE95277 ADC and UART.a(cyfitter_cfg.o)
                0x00000794                ADC_DelSig_1_AMux_Set
 .text.ADC_DelSig_1_AMux_Unset
                0x000007d4       0x44 .\ARM_GCC_484\Debug\CE95277 ADC and UART.a(cyfitter_cfg.o)
                0x000007d4                ADC_DelSig_1_AMux_Unset
 .text.cyfitter_cfg
                0x00000818      0x174 .\ARM_GCC_484\Debug\CE95277 ADC and UART.a(cyfitter_cfg.o)
                0x00000818                cyfitter_cfg
 .text.ADC_DelSig_1_Init
                0x0000098c      0x158 .\ARM_GCC_484\Debug\CE95277 ADC and UART.a(ADC_DelSig_1.o)
                0x0000098c                ADC_DelSig_1_Init
 .text.ADC_DelSig_1_Enable
                0x00000ae4      0x158 .\ARM_GCC_484\Debug\CE95277 ADC and UART.a(ADC_DelSig_1.o)
                0x00000ae4                ADC_DelSig_1_Enable
 .text.ADC_DelSig_1_Start
                0x00000c3c       0x30 .\ARM_GCC_484\Debug\CE95277 ADC and UART.a(ADC_DelSig_1.o)
                0x00000c3c                ADC_DelSig_1_Start
 .text.ADC_DelSig_1_StartConvert
                0x00000c6c       0x20 .\ARM_GCC_484\Debug\CE95277 ADC and UART.a(ADC_DelSig_1.o)
                0x00000c6c                ADC_DelSig_1_StartConvert
 .text.ADC_DelSig_1_IsEndConversion
                0x00000c8c       0x50 .\ARM_GCC_484\Debug\CE95277 ADC and UART.a(ADC_DelSig_1.o)
                0x00000c8c                ADC_DelSig_1_IsEndConversion
 .text.ADC_DelSig_1_GetResult16
                0x00000cdc       0x7c .\ARM_GCC_484\Debug\CE95277 ADC and UART.a(ADC_DelSig_1.o)
                0x00000cdc                ADC_DelSig_1_GetResult16
 .text.ADC_DelSig_1_CountsTo_mVolts
                0x00000d58       0x40 .\ARM_GCC_484\Debug\CE95277 ADC and UART.a(ADC_DelSig_1.o)
                0x00000d58                ADC_DelSig_1_CountsTo_mVolts
 .text.ADC_DelSig_1_InitConfig
                0x00000d98      0x408 .\ARM_GCC_484\Debug\CE95277 ADC and UART.a(ADC_DelSig_1.o)
 .text.ADC_DelSig_1_GainCompensation
                0x000011a0      0x15c .\ARM_GCC_484\Debug\CE95277 ADC and UART.a(ADC_DelSig_1.o)
 .text.ADC_DelSig_1_SetDSMRef0Reg
                0x000012fc       0x78 .\ARM_GCC_484\Debug\CE95277 ADC and UART.a(ADC_DelSig_1.o)
 .text.ADC_DelSig_1_ISR1
                0x00001374        0xc .\ARM_GCC_484\Debug\CE95277 ADC and UART.a(ADC_DelSig_1_INT.o)
                0x00001374                ADC_DelSig_1_ISR1
 .text.ADC_DelSig_1_ISR2
                0x00001380        0xc .\ARM_GCC_484\Debug\CE95277 ADC and UART.a(ADC_DelSig_1_INT.o)
                0x00001380                ADC_DelSig_1_ISR2
 .text.ADC_DelSig_1_ISR3
                0x0000138c        0xc .\ARM_GCC_484\Debug\CE95277 ADC and UART.a(ADC_DelSig_1_INT.o)
                0x0000138c                ADC_DelSig_1_ISR3
 .text.ADC_DelSig_1_ISR4
                0x00001398        0xc .\ARM_GCC_484\Debug\CE95277 ADC and UART.a(ADC_DelSig_1_INT.o)
                0x00001398                ADC_DelSig_1_ISR4
 .text.Sample_Hold_1_Init
                0x000013a4       0x50 .\ARM_GCC_484\Debug\CE95277 ADC and UART.a(Sample_Hold_1.o)
                0x000013a4                Sample_Hold_1_Init
 .text.Sample_Hold_1_Enable
                0x000013f4       0x48 .\ARM_GCC_484\Debug\CE95277 ADC and UART.a(Sample_Hold_1.o)
                0x000013f4                Sample_Hold_1_Enable
 .text.Sample_Hold_1_Start
                0x0000143c       0x20 .\ARM_GCC_484\Debug\CE95277 ADC and UART.a(Sample_Hold_1.o)
                0x0000143c                Sample_Hold_1_Start
 .text.Sample_Hold_1_Stop
                0x0000145c       0x34 .\ARM_GCC_484\Debug\CE95277 ADC and UART.a(Sample_Hold_1.o)
                0x0000145c                Sample_Hold_1_Stop
 .text.Sample_Hold_1_SetPower
                0x00001490       0x38 .\ARM_GCC_484\Debug\CE95277 ADC and UART.a(Sample_Hold_1.o)
                0x00001490                Sample_Hold_1_SetPower
 .text.UART_1_Start
                0x000014c8       0x20 .\ARM_GCC_484\Debug\CE95277 ADC and UART.a(UART_1.o)
                0x000014c8                UART_1_Start
 .text.UART_1_Init
                0x000014e8       0x40 .\ARM_GCC_484\Debug\CE95277 ADC and UART.a(UART_1.o)
                0x000014e8                UART_1_Init
 .text.UART_1_Enable
                0x00001528       0x5c .\ARM_GCC_484\Debug\CE95277 ADC and UART.a(UART_1.o)
                0x00001528                UART_1_Enable
 .text.UART_1_GetChar
                0x00001584       0x44 .\ARM_GCC_484\Debug\CE95277 ADC and UART.a(UART_1.o)
                0x00001584                UART_1_GetChar
 .text.UART_1_PutChar
                0x000015c8       0x34 .\ARM_GCC_484\Debug\CE95277 ADC and UART.a(UART_1.o)
                0x000015c8                UART_1_PutChar
 .text.UART_1_PutString
                0x000015fc       0x40 .\ARM_GCC_484\Debug\CE95277 ADC and UART.a(UART_1.o)
                0x000015fc                UART_1_PutString
 .text.ADC_DelSig_1_AMux_Start
                0x0000163c       0x30 .\ARM_GCC_484\Debug\CE95277 ADC and UART.a(ADC_DelSig_1_AMux.o)
                0x0000163c                ADC_DelSig_1_AMux_Start
 .text.ADC_DelSig_1_AMux_Select
                0x0000166c       0x28 .\ARM_GCC_484\Debug\CE95277 ADC and UART.a(ADC_DelSig_1_AMux.o)
                0x0000166c                ADC_DelSig_1_AMux_Select
 .text.ADC_DelSig_1_Ext_CP_Clk_SetDividerRegister
                0x00001694      0x15c .\ARM_GCC_484\Debug\CE95277 ADC and UART.a(ADC_DelSig_1_Ext_CP_Clk.o)
                0x00001694                ADC_DelSig_1_Ext_CP_Clk_SetDividerRegister
 .text.ADC_DelSig_1_Ext_CP_Clk_GetDividerRegister
                0x000017f0       0x18 .\ARM_GCC_484\Debug\CE95277 ADC and UART.a(ADC_DelSig_1_Ext_CP_Clk.o)
                0x000017f0                ADC_DelSig_1_Ext_CP_Clk_GetDividerRegister
 .text.ADC_DelSig_1_Ext_CP_Clk_SetModeRegister
                0x00001808       0x34 .\ARM_GCC_484\Debug\CE95277 ADC and UART.a(ADC_DelSig_1_Ext_CP_Clk.o)
                0x00001808                ADC_DelSig_1_Ext_CP_Clk_SetModeRegister
 .text.ADC_DelSig_1_Ext_CP_Clk_GetSourceRegister
                0x0000183c       0x20 .\ARM_GCC_484\Debug\CE95277 ADC and UART.a(ADC_DelSig_1_Ext_CP_Clk.o)
                0x0000183c                ADC_DelSig_1_Ext_CP_Clk_GetSourceRegister
 .text.ADC_DelSig_1_theACLK_SetDividerRegister
                0x0000185c      0x15c .\ARM_GCC_484\Debug\CE95277 ADC and UART.a(ADC_DelSig_1_theACLK.o)
                0x0000185c                ADC_DelSig_1_theACLK_SetDividerRegister
 .text.ADC_DelSig_1_theACLK_GetDividerRegister
                0x000019b8       0x18 .\ARM_GCC_484\Debug\CE95277 ADC and UART.a(ADC_DelSig_1_theACLK.o)
                0x000019b8                ADC_DelSig_1_theACLK_GetDividerRegister
 .text.ADC_DelSig_1_theACLK_SetModeRegister
                0x000019d0       0x34 .\ARM_GCC_484\Debug\CE95277 ADC and UART.a(ADC_DelSig_1_theACLK.o)
                0x000019d0                ADC_DelSig_1_theACLK_SetModeRegister
 .text.ADC_DelSig_1_theACLK_GetSourceRegister
                0x00001a04       0x20 .\ARM_GCC_484\Debug\CE95277 ADC and UART.a(ADC_DelSig_1_theACLK.o)
                0x00001a04                ADC_DelSig_1_theACLK_GetSourceRegister
 .text.UART_1_IntClock_Start
                0x00001a24       0x34 .\ARM_GCC_484\Debug\CE95277 ADC and UART.a(UART_1_IntClock.o)
                0x00001a24                UART_1_IntClock_Start
 .text          0x00001a58       0x60 .\ARM_GCC_484\Debug\CE95277 ADC and UART.a(CyBootAsmGnu.o)
                0x00001a58                CyDelayCycles
                0x00001a9c                CyEnterCriticalSection
                0x00001aa4                CyExitCriticalSection
 .text.CyHalt   0x00001ab8       0x18 .\ARM_GCC_484\Debug\CE95277 ADC and UART.a(CyLib.o)
                0x00001ab8                CyHalt
 .text.CyDelayUs
                0x00001ad0       0x24 .\ARM_GCC_484\Debug\CE95277 ADC and UART.a(CyLib.o)
                0x00001ad0                CyDelayUs
 .text.CyIntSetVector
                0x00001af4       0x50 .\ARM_GCC_484\Debug\CE95277 ADC and UART.a(CyLib.o)
                0x00001af4                CyIntSetVector
 .text.CyIntSetPriority
                0x00001b44       0x44 .\ARM_GCC_484\Debug\CE95277 ADC and UART.a(CyLib.o)
                0x00001b44                CyIntSetPriority
 .text.__errno  0x00001b88        0xc c:/program files (x86)/cypress/psoc creator/3.1/psoc creator/import/gnu_cs/arm/4.8.4/bin/../lib/gcc/arm-none-eabi/4.8.4/../../../../arm-none-eabi/lib/armv7-m\libg_s.a(lib_a-errno.o)
                0x00001b88                __errno
 .text.__libc_init_array
                0x00001b94       0x4c c:/program files (x86)/cypress/psoc creator/3.1/psoc creator/import/gnu_cs/arm/4.8.4/bin/../lib/gcc/arm-none-eabi/4.8.4/../../../../arm-none-eabi/lib/armv7-m\libg_s.a(lib_a-init.o)
                0x00001b94                __libc_init_array
 .text.memcpy   0x00001be0       0x12 c:/program files (x86)/cypress/psoc creator/3.1/psoc creator/import/gnu_cs/arm/4.8.4/bin/../lib/gcc/arm-none-eabi/4.8.4/../../../../arm-none-eabi/lib/armv7-m\libg_s.a(lib_a-memcpy-stub.o)
                0x00001be0                memcpy
 .text.memset   0x00001bf2       0x10 c:/program files (x86)/cypress/psoc creator/3.1/psoc creator/import/gnu_cs/arm/4.8.4/bin/../lib/gcc/arm-none-eabi/4.8.4/../../../../arm-none-eabi/lib/armv7-m\libg_s.a(lib_a-memset.o)
                0x00001bf2                memset
 *fill*         0x00001c02        0x2 
 .text.sprintf  0x00001c04       0x48 c:/program files (x86)/cypress/psoc creator/3.1/psoc creator/import/gnu_cs/arm/4.8.4/bin/../lib/gcc/arm-none-eabi/4.8.4/../../../../arm-none-eabi/lib/armv7-m\libg_s.a(lib_a-sprintf.o)
                0x00001c04                siprintf
                0x00001c04                sprintf
 .text.__ssputs_r
                0x00001c4c       0xb8 c:/program files (x86)/cypress/psoc creator/3.1/psoc creator/import/gnu_cs/arm/4.8.4/bin/../lib/gcc/arm-none-eabi/4.8.4/../../../../arm-none-eabi/lib/armv7-m\libg_s.a(lib_a-svfprintf.o)
                0x00001c4c                __ssputs_r
 .text._svfprintf_r
                0x00001d04      0x1d8 c:/program files (x86)/cypress/psoc creator/3.1/psoc creator/import/gnu_cs/arm/4.8.4/bin/../lib/gcc/arm-none-eabi/4.8.4/../../../../arm-none-eabi/lib/armv7-m\libg_s.a(lib_a-svfprintf.o)
                0x00001d04                _svfiprintf_r
                0x00001d04                _svfprintf_r
 .text._printf_common
                0x00001edc       0xe4 c:/program files (x86)/cypress/psoc creator/3.1/psoc creator/import/gnu_cs/arm/4.8.4/bin/../lib/gcc/arm-none-eabi/4.8.4/../../../../arm-none-eabi/lib/armv7-m\libg_s.a(lib_a-vfprintf_i.o)
                0x00001edc                _printf_common
 .text._printf_i
                0x00001fc0      0x228 c:/program files (x86)/cypress/psoc creator/3.1/psoc creator/import/gnu_cs/arm/4.8.4/bin/../lib/gcc/arm-none-eabi/4.8.4/../../../../arm-none-eabi/lib/armv7-m\libg_s.a(lib_a-vfprintf_i.o)
                0x00001fc0                _printf_i
 .text.memchr   0x000021e8       0x1c c:/program files (x86)/cypress/psoc creator/3.1/psoc creator/import/gnu_cs/arm/4.8.4/bin/../lib/gcc/arm-none-eabi/4.8.4/../../../../arm-none-eabi/lib/armv7-m\libg_s.a(lib_a-memchr-stub.o)
                0x000021e8                memchr
 .text.memmove  0x00002204       0x36 c:/program files (x86)/cypress/psoc creator/3.1/psoc creator/import/gnu_cs/arm/4.8.4/bin/../lib/gcc/arm-none-eabi/4.8.4/../../../../arm-none-eabi/lib/armv7-m\libg_s.a(lib_a-memmove.o)
                0x00002204                memmove
 *fill*         0x0000223a        0x2 
 .text._free_r  0x0000223c       0x88 c:/program files (x86)/cypress/psoc creator/3.1/psoc creator/import/gnu_cs/arm/4.8.4/bin/../lib/gcc/arm-none-eabi/4.8.4/../../../../arm-none-eabi/lib/armv7-m\libg_s.a(lib_a-nano-freer.o)
                0x0000223c                _free_r
 .text._malloc_r
                0x000022c4       0xa8 c:/program files (x86)/cypress/psoc creator/3.1/psoc creator/import/gnu_cs/arm/4.8.4/bin/../lib/gcc/arm-none-eabi/4.8.4/../../../../arm-none-eabi/lib/armv7-m\libg_s.a(lib_a-nano-mallocr.o)
                0x000022c4                _malloc_r
 .text._realloc_r
                0x0000236c       0x4c c:/program files (x86)/cypress/psoc creator/3.1/psoc creator/import/gnu_cs/arm/4.8.4/bin/../lib/gcc/arm-none-eabi/4.8.4/../../../../arm-none-eabi/lib/armv7-m\libg_s.a(lib_a-nano-reallocr.o)
                0x0000236c                _realloc_r
 .text._sbrk_r  0x000023b8       0x20 c:/program files (x86)/cypress/psoc creator/3.1/psoc creator/import/gnu_cs/arm/4.8.4/bin/../lib/gcc/arm-none-eabi/4.8.4/../../../../arm-none-eabi/lib/armv7-m\libg_s.a(lib_a-sbrkr.o)
                0x000023b8                _sbrk_r
 .text.strlen   0x000023d8       0x10 c:/program files (x86)/cypress/psoc creator/3.1/psoc creator/import/gnu_cs/arm/4.8.4/bin/../lib/gcc/arm-none-eabi/4.8.4/../../../../arm-none-eabi/lib/armv7-m\libg_s.a(lib_a-strlen.o)
                0x000023d8                strlen
 .text._malloc_usable_size_r
                0x000023e8       0x12 c:/program files (x86)/cypress/psoc creator/3.1/psoc creator/import/gnu_cs/arm/4.8.4/bin/../lib/gcc/arm-none-eabi/4.8.4/../../../../arm-none-eabi/lib/armv7-m\libg_s.a(lib_a-nano-msizer.o)
                0x000023e8                _malloc_usable_size_r
 *(.plt)
 *(.gnu.warning)
 *(.glue_7t)
 .glue_7t       0x00000000        0x0 linker stubs
 *(.glue_7)
 .glue_7        0x00000000        0x0 linker stubs
 *(.vfp11_veneer)
 .vfp11_veneer  0x00000000        0x0 linker stubs
 *(.bootloader)
 *(.ARM.extab* .gnu.linkonce.armextab.*)
 *(.gcc_except_table)

.v4_bx          0x000023fc        0x0
 .v4_bx         0x00000000        0x0 linker stubs

.iplt           0x000023fc        0x0
 .iplt          0x00000000        0x0 c:/program files (x86)/cypress/psoc creator/3.1/psoc creator/import/gnu_cs/arm/4.8.4/bin/../lib/gcc/arm-none-eabi/4.8.4/armv7-m/crtbegin.o

.eh_frame_hdr
 *(.eh_frame_hdr)

.eh_frame       0x000023fc        0x4
 *(.eh_frame)
 .eh_frame      0x000023fc        0x0 c:/program files (x86)/cypress/psoc creator/3.1/psoc creator/import/gnu_cs/arm/4.8.4/bin/../lib/gcc/arm-none-eabi/4.8.4/armv7-m/crtbegin.o
 .eh_frame      0x000023fc        0x4 c:/program files (x86)/cypress/psoc creator/3.1/psoc creator/import/gnu_cs/arm/4.8.4/bin/../lib/gcc/arm-none-eabi/4.8.4/armv7-m/crtend.o
                0x00002400                PROVIDE (__exidx_start, .)

.ARM.exidx
 *(.ARM.exidx* .gnu.linkonce.armexidx.*)
                0x00002400                __exidx_end = .

.rodata         0x00002400      0x100
 *(.rodata .rodata.* .gnu.linkonce.r.*)
 .rodata        0x00002400       0x4c .\ARM_GCC_484\Debug\main.o
 .rodata        0x0000244c       0x48 .\ARM_GCC_484\Debug\CE95277 ADC and UART.a(cyfitter_cfg.o)
                0x0000244c                ADC_DelSig_1_AMux__addrTable
                0x00002454                ADC_DelSig_1_AMux__maskTable
 .rodata.str1.1
                0x00002494        0x2 c:/program files (x86)/cypress/psoc creator/3.1/psoc creator/import/gnu_cs/arm/4.8.4/bin/../lib/gcc/arm-none-eabi/4.8.4/../../../../arm-none-eabi/lib/armv7-m\libg_s.a(lib_a-impure.o)
 .rodata.str1.1
                0x00002496       0x11 c:/program files (x86)/cypress/psoc creator/3.1/psoc creator/import/gnu_cs/arm/4.8.4/bin/../lib/gcc/arm-none-eabi/4.8.4/../../../../arm-none-eabi/lib/armv7-m\libg_s.a(lib_a-svfprintf.o)
 .rodata.str1.1
                0x000024a7       0x22 c:/program files (x86)/cypress/psoc creator/3.1/psoc creator/import/gnu_cs/arm/4.8.4/bin/../lib/gcc/arm-none-eabi/4.8.4/../../../../arm-none-eabi/lib/armv7-m\libg_s.a(lib_a-vfprintf_i.o)
                0x000024cc                . = ALIGN (0x4)
 *fill*         0x000024c9        0x3 
 *(.init)
 .init          0x000024cc        0x4 c:/program files (x86)/cypress/psoc creator/3.1/psoc creator/import/gnu_cs/arm/4.8.4/bin/../lib/gcc/arm-none-eabi/4.8.4/armv7-m/crti.o
                0x000024cc                _init
 .init          0x000024d0        0x8 c:/program files (x86)/cypress/psoc creator/3.1/psoc creator/import/gnu_cs/arm/4.8.4/bin/../lib/gcc/arm-none-eabi/4.8.4/armv7-m/crtn.o
                0x000024d8                . = ALIGN (0x4)
                0x000024d8                __preinit_array_start = .
 *(.preinit_array)
                0x000024d8                __preinit_array_end = .
                0x000024d8                . = ALIGN (0x4)
                0x000024d8                __init_array_start = .
 *(SORT(.init_array.*))
 *(.init_array)
 .init_array    0x000024d8        0x4 c:/program files (x86)/cypress/psoc creator/3.1/psoc creator/import/gnu_cs/arm/4.8.4/bin/../lib/gcc/arm-none-eabi/4.8.4/armv7-m/crtbegin.o
 .init_array    0x000024dc        0x4 .\ARM_GCC_484\Debug\Cm3Start.o
                0x000024e0                __init_array_end = .
                0x000024e0                . = ALIGN (0x4)
 *(.fini)
 .fini          0x000024e0        0x4 c:/program files (x86)/cypress/psoc creator/3.1/psoc creator/import/gnu_cs/arm/4.8.4/bin/../lib/gcc/arm-none-eabi/4.8.4/armv7-m/crti.o
                0x000024e0                _fini
 .fini          0x000024e4        0x8 c:/program files (x86)/cypress/psoc creator/3.1/psoc creator/import/gnu_cs/arm/4.8.4/bin/../lib/gcc/arm-none-eabi/4.8.4/armv7-m/crtn.o
                0x000024ec                . = ALIGN (0x4)
                0x000024ec                __fini_array_start = .
 *(.fini_array)
 .fini_array    0x000024ec        0x4 c:/program files (x86)/cypress/psoc creator/3.1/psoc creator/import/gnu_cs/arm/4.8.4/bin/../lib/gcc/arm-none-eabi/4.8.4/armv7-m/crtbegin.o
 *(SORT(.fini_array.*))
                0x000024f0                __fini_array_end = .
                0x000024f0                . = ALIGN (0x4)
 *crtbegin.o(.ctors)
 *(EXCLUDE_FILE(*crtend.o) .ctors)
 *(SORT(.ctors.*))
 *crtend.o(.ctors)
                0x000024f0                . = ALIGN (0x4)
 *crtbegin.o(.dtors)
 *(EXCLUDE_FILE(*crtend.o) .dtors)
 *(SORT(.dtors.*))
 *crtend.o(.dtors)
                0x000024f0                . = ALIGN (0x4)
                0x000024f0                __cy_regions = .
                0x000024f0        0x4 LONG 0x2500 __cy_region_init_ram
                0x000024f4        0x4 LONG 0x1fff8108 __cy_region_start_data
                0x000024f8        0x4 LONG 0x80 __cy_region_init_size_ram
                0x000024fc        0x4 LONG 0x48 __cy_region_zero_size_ram
                0x00002500                __cy_regions_end = .
                0x00002500                . = ALIGN (0x8)
                0x00002500                _etext = .

.ramvectors     0x1fff8000      0x100
                0x1fff8000                __cy_region_start_ram = .
 *(.ramvectors)
 .ramvectors    0x1fff8000      0x100 .\ARM_GCC_484\Debug\Cm3Start.o
                0x1fff8000                CyRamVectors

.noinit         0x1fff8100        0x5
 *(.noinit)
 .noinit        0x1fff8100        0x4 .\ARM_GCC_484\Debug\Cm3Start.o
 .noinit        0x1fff8104        0x1 .\ARM_GCC_484\Debug\CE95277 ADC and UART.a(CyLib.o)
                0x1fff8104                CyResetStatus

.data           0x1fff8108       0x80 load address 0x00002500
                0x1fff8108                __cy_region_start_data = .
 *(.jcr)
 .jcr           0x1fff8108        0x0 c:/program files (x86)/cypress/psoc creator/3.1/psoc creator/import/gnu_cs/arm/4.8.4/bin/../lib/gcc/arm-none-eabi/4.8.4/armv7-m/crtbegin.o
 .jcr           0x1fff8108        0x4 c:/program files (x86)/cypress/psoc creator/3.1/psoc creator/import/gnu_cs/arm/4.8.4/bin/../lib/gcc/arm-none-eabi/4.8.4/armv7-m/crtend.o
 *(.got.plt)
 *(.got)
 *(.shdata)
 *(.data .data.* .gnu.linkonce.d.*)
 .data          0x1fff810c        0x4 .\ARM_GCC_484\Debug\Cm3Start.o
 .data          0x1fff8110        0x1 .\ARM_GCC_484\Debug\CE95277 ADC and UART.a(ADC_DelSig_1.o)
                0x1fff8110                ADC_DelSig_1_Config
 .data          0x1fff8111        0x1 .\ARM_GCC_484\Debug\CE95277 ADC and UART.a(ADC_DelSig_1_AMux.o)
 *fill*         0x1fff8112        0x2 
 .data          0x1fff8114       0x10 .\ARM_GCC_484\Debug\CE95277 ADC and UART.a(CyLib.o)
                0x1fff8114                cydelay_freq_hz
                0x1fff8118                cydelay_freq_khz
                0x1fff811c                cydelay_freq_mhz
                0x1fff8120                cydelay_32k_ms
 .data.impure_data
                0x1fff8124       0x60 c:/program files (x86)/cypress/psoc creator/3.1/psoc creator/import/gnu_cs/arm/4.8.4/bin/../lib/gcc/arm-none-eabi/4.8.4/../../../../arm-none-eabi/lib/armv7-m\libg_s.a(lib_a-impure.o)
 .data._impure_ptr
                0x1fff8184        0x4 c:/program files (x86)/cypress/psoc creator/3.1/psoc creator/import/gnu_cs/arm/4.8.4/bin/../lib/gcc/arm-none-eabi/4.8.4/../../../../arm-none-eabi/lib/armv7-m\libg_s.a(lib_a-impure.o)
                0x1fff8184                _impure_ptr
                0x1fff8188                . = ALIGN (0x8)
 *(.ram)
                0x1fff8188                _edata = .

.igot.plt       0x1fff8188        0x0 load address 0x00002580
 .igot.plt      0x00000000        0x0 c:/program files (x86)/cypress/psoc creator/3.1/psoc creator/import/gnu_cs/arm/4.8.4/bin/../lib/gcc/arm-none-eabi/4.8.4/armv7-m/crtbegin.o

.bss            0x1fff8188       0x48 load address 0x00002580
                0x1fff8188                PROVIDE (__bss_start__, .)
 *(.shbss)
 *(.bss .bss.* .gnu.linkonce.b.*)
 .bss           0x1fff8188       0x1c c:/program files (x86)/cypress/psoc creator/3.1/psoc creator/import/gnu_cs/arm/4.8.4/bin/../lib/gcc/arm-none-eabi/4.8.4/armv7-m/crtbegin.o
 .bss           0x1fff81a4       0x14 .\ARM_GCC_484\Debug\CE95277 ADC and UART.a(ADC_DelSig_1.o)
                0x1fff81a4                ADC_DelSig_1_convDone
                0x1fff81a5                ADC_DelSig_1_stopConversion
                0x1fff81a6                ADC_DelSig_1_initVar
                0x1fff81a7                ADC_DelSig_1_started
 .bss           0x1fff81b8        0x1 .\ARM_GCC_484\Debug\CE95277 ADC and UART.a(Sample_Hold_1.o)
                0x1fff81b8                Sample_Hold_1_initVar
 .bss           0x1fff81b9        0x2 .\ARM_GCC_484\Debug\CE95277 ADC and UART.a(UART_1.o)
                0x1fff81b9                UART_1_initVar
 *fill*         0x1fff81bb        0x1 
 .bss.__malloc_sbrk_start
                0x1fff81bc        0x4 c:/program files (x86)/cypress/psoc creator/3.1/psoc creator/import/gnu_cs/arm/4.8.4/bin/../lib/gcc/arm-none-eabi/4.8.4/../../../../arm-none-eabi/lib/armv7-m\libg_s.a(lib_a-nano-mallocr.o)
                0x1fff81bc                __malloc_sbrk_start
 .bss.__malloc_free_list
                0x1fff81c0        0x4 c:/program files (x86)/cypress/psoc creator/3.1/psoc creator/import/gnu_cs/arm/4.8.4/bin/../lib/gcc/arm-none-eabi/4.8.4/../../../../arm-none-eabi/lib/armv7-m\libg_s.a(lib_a-nano-mallocr.o)
                0x1fff81c0                __malloc_free_list
 *(COMMON)
 COMMON         0x1fff81c4        0x8 .\ARM_GCC_484\Debug\CE95277 ADC and UART.a(ADC_DelSig_1.o)
                0x1fff81c4                ADC_DelSig_1_CountsPerVolt
                0x1fff81c8                ADC_DelSig_1_Offset
 COMMON         0x1fff81cc        0x4 c:/program files (x86)/cypress/psoc creator/3.1/psoc creator/import/gnu_cs/arm/4.8.4/bin/../lib/gcc/arm-none-eabi/4.8.4/../../../../arm-none-eabi/lib/armv7-m\libg_s.a(lib_a-reent.o)
                0x1fff81cc                errno
                0x1fff81d0                . = ALIGN (0x8)
 *(.ram.b)
                0x1fff81d0                _end = .
                0x1fff81d0                __end = .
                0x1fff81d0                PROVIDE (end, .)
                0x1fff81d0                PROVIDE (__bss_end__, .)
                0x00002500                __cy_region_init_ram = LOADADDR (.data)
                0x00000080                __cy_region_init_size_ram = (_edata - ADDR (.data))
                0x00000048                __cy_region_zero_size_ram = (_end - _edata)

.heap           0x1fff81d0       0x80 load address 0x00002580
                0x1fff81d0                . = _end
                0x1fff8250                . = (. + 0x80)
 *fill*         0x1fff81d0       0x80 
                0x1fff8250                __cy_heap_limit = .

.stack          0x20007800      0x800
                0x20007800                __cy_stack_limit = .
                0x20008000                . = (. + 0x800)
 *fill*         0x20007800      0x800 
                0x00000001                ASSERT ((__cy_stack_limit >= __cy_heap_limit), region RAM overflowed with stack)

.cyloadermeta
 *(.cyloadermeta)

.cyloadablemeta
 *(.cyloadablemeta)

.cyconfigecc    0x80000000      0x400
 *(.cyconfigecc)
 .cyconfigecc   0x80000000      0x400 .\ARM_GCC_484\Debug\cymetadata.o
                0x80000000                cy_meta_configecc

.cycustnvl      0x90000000        0x4
 *(.cycustnvl)
 .cycustnvl     0x90000000        0x4 .\ARM_GCC_484\Debug\cymetadata.o
                0x90000000                cy_meta_custnvl

.cywolatch      0x90100000        0x4
 *(.cywolatch)
 .cywolatch     0x90100000        0x4 .\ARM_GCC_484\Debug\cymetadata.o
                0x90100000                cy_meta_wonvl

.cyeeprom       0x90200000        0x0
 *(.cyeeprom)
                0x00000001                ASSERT ((. <= ((0x90200000 + ee_offset) + ee_size)), .cyeeprom data will not fit in EEPROM)

.cyflashprotect
                0x90400000      0x100
 *(.cyflashprotect)
 .cyflashprotect
                0x90400000      0x100 .\ARM_GCC_484\Debug\cymetadata.o
                0x90400000                cy_meta_flashprotect

.cymeta         0x90500000        0xc
 *(.cymeta)
 .cymeta        0x90500000        0xc .\ARM_GCC_484\Debug\cymetadata.o
                0x90500000                cy_metadata

.rel.dyn        0x00002580        0x0 load address 0x9050000c
 .rel.iplt      0x00000000        0x0 c:/program files (x86)/cypress/psoc creator/3.1/psoc creator/import/gnu_cs/arm/4.8.4/bin/../lib/gcc/arm-none-eabi/4.8.4/armv7-m/crtbegin.o

.stab
 *(.stab)

.stabstr
 *(.stabstr)

.debug
 *(.debug)

.line
 *(.line)

.debug_srcinfo
 *(.debug_srcinfo)

.debug_sfnames
 *(.debug_sfnames)

.debug_aranges  0x00000000      0x908
 *(.debug_aranges)
 .debug_aranges
                0x00000000       0x20 .\ARM_GCC_484\Debug\main.o
 .debug_aranges
                0x00000020       0x18 .\ARM_GCC_484\Debug\cymetadata.o
 .debug_aranges
                0x00000038       0x48 .\ARM_GCC_484\Debug\Cm3Start.o
 .debug_aranges
                0x00000080       0x70 .\ARM_GCC_484\Debug\CE95277 ADC and UART.a(cyfitter_cfg.o)
 .debug_aranges
                0x000000f0       0xe8 .\ARM_GCC_484\Debug\CE95277 ADC and UART.a(ADC_DelSig_1.o)
 .debug_aranges
                0x000001d8       0x38 .\ARM_GCC_484\Debug\CE95277 ADC and UART.a(ADC_DelSig_1_INT.o)
 .debug_aranges
                0x00000210       0x40 .\ARM_GCC_484\Debug\CE95277 ADC and UART.a(Sample_Hold_1.o)
 .debug_aranges
                0x00000250       0xf0 .\ARM_GCC_484\Debug\CE95277 ADC and UART.a(UART_1.o)
 .debug_aranges
                0x00000340       0x30 .\ARM_GCC_484\Debug\CE95277 ADC and UART.a(ADC_DelSig_1_AMux.o)
 .debug_aranges
                0x00000370       0x70 .\ARM_GCC_484\Debug\CE95277 ADC and UART.a(ADC_DelSig_1_Ext_CP_Clk.o)
 .debug_aranges
                0x000003e0       0x80 .\ARM_GCC_484\Debug\CE95277 ADC and UART.a(ADC_DelSig_1_theACLK.o)
 .debug_aranges
                0x00000460       0x70 .\ARM_GCC_484\Debug\CE95277 ADC and UART.a(UART_1_IntClock.o)
 .debug_aranges
                0x000004d0       0x20 .\ARM_GCC_484\Debug\CE95277 ADC and UART.a(CyBootAsmGnu.o)
 .debug_aranges
                0x000004f0      0x290 .\ARM_GCC_484\Debug\CE95277 ADC and UART.a(CyLib.o)
 .debug_aranges
                0x00000780       0x90 .\ARM_GCC_484\Debug\CE95277 ADC and UART.a(cyPm.o)
 .debug_aranges
                0x00000810       0x80 .\ARM_GCC_484\Debug\CE95277 ADC and UART.a(CyFlash.o)
 .debug_aranges
                0x00000890       0x78 .\ARM_GCC_484\Debug\CE95277 ADC and UART.a(CySpc.o)

.debug_pubnames
 *(.debug_pubnames)

.debug_info     0x00000000     0x3ca5
 *(.debug_info .gnu.linkonce.wi.*)
 .debug_info    0x00000000      0x1ca .\ARM_GCC_484\Debug\main.o
 .debug_info    0x000001ca      0x13a .\ARM_GCC_484\Debug\cymetadata.o
 .debug_info    0x00000304      0x323 .\ARM_GCC_484\Debug\Cm3Start.o
 .debug_info    0x00000627      0x4ec .\ARM_GCC_484\Debug\CE95277 ADC and UART.a(cyfitter_cfg.o)
 .debug_info    0x00000b13      0x71e .\ARM_GCC_484\Debug\CE95277 ADC and UART.a(ADC_DelSig_1.o)
 .debug_info    0x00001231       0xcc .\ARM_GCC_484\Debug\CE95277 ADC and UART.a(ADC_DelSig_1_INT.o)
 .debug_info    0x000012fd      0x12b .\ARM_GCC_484\Debug\CE95277 ADC and UART.a(Sample_Hold_1.o)
 .debug_info    0x00001428      0x500 .\ARM_GCC_484\Debug\CE95277 ADC and UART.a(UART_1.o)
 .debug_info    0x00001928      0x109 .\ARM_GCC_484\Debug\CE95277 ADC and UART.a(ADC_DelSig_1_AMux.o)
 .debug_info    0x00001a31      0x25b .\ARM_GCC_484\Debug\CE95277 ADC and UART.a(ADC_DelSig_1_Ext_CP_Clk.o)
 .debug_info    0x00001c8c      0x297 .\ARM_GCC_484\Debug\CE95277 ADC and UART.a(ADC_DelSig_1_theACLK.o)
 .debug_info    0x00001f23      0x25b .\ARM_GCC_484\Debug\CE95277 ADC and UART.a(UART_1_IntClock.o)
 .debug_info    0x0000217e       0xac .\ARM_GCC_484\Debug\CE95277 ADC and UART.a(CyBootAsmGnu.o)
 .debug_info    0x0000222a      0xd85 .\ARM_GCC_484\Debug\CE95277 ADC and UART.a(CyLib.o)
 .debug_info    0x00002faf      0x536 .\ARM_GCC_484\Debug\CE95277 ADC and UART.a(cyPm.o)
 .debug_info    0x000034e5      0x36a .\ARM_GCC_484\Debug\CE95277 ADC and UART.a(CyFlash.o)
 .debug_info    0x0000384f      0x456 .\ARM_GCC_484\Debug\CE95277 ADC and UART.a(CySpc.o)

.debug_abbrev   0x00000000     0x12d4
 *(.debug_abbrev)
 .debug_abbrev  0x00000000       0xa0 .\ARM_GCC_484\Debug\main.o
 .debug_abbrev  0x000000a0       0x66 .\ARM_GCC_484\Debug\cymetadata.o
 .debug_abbrev  0x00000106      0x1c5 .\ARM_GCC_484\Debug\Cm3Start.o
 .debug_abbrev  0x000002cb      0x1ca .\ARM_GCC_484\Debug\CE95277 ADC and UART.a(cyfitter_cfg.o)
 .debug_abbrev  0x00000495      0x19d .\ARM_GCC_484\Debug\CE95277 ADC and UART.a(ADC_DelSig_1.o)
 .debug_abbrev  0x00000632       0x42 .\ARM_GCC_484\Debug\CE95277 ADC and UART.a(ADC_DelSig_1_INT.o)
 .debug_abbrev  0x00000674       0xc4 .\ARM_GCC_484\Debug\CE95277 ADC and UART.a(Sample_Hold_1.o)
 .debug_abbrev  0x00000738      0x170 .\ARM_GCC_484\Debug\CE95277 ADC and UART.a(UART_1.o)
 .debug_abbrev  0x000008a8       0x6f .\ARM_GCC_484\Debug\CE95277 ADC and UART.a(ADC_DelSig_1_AMux.o)
 .debug_abbrev  0x00000917      0x12a .\ARM_GCC_484\Debug\CE95277 ADC and UART.a(ADC_DelSig_1_Ext_CP_Clk.o)
 .debug_abbrev  0x00000a41      0x12a .\ARM_GCC_484\Debug\CE95277 ADC and UART.a(ADC_DelSig_1_theACLK.o)
 .debug_abbrev  0x00000b6b      0x12a .\ARM_GCC_484\Debug\CE95277 ADC and UART.a(UART_1_IntClock.o)
 .debug_abbrev  0x00000c95       0x14 .\ARM_GCC_484\Debug\CE95277 ADC and UART.a(CyBootAsmGnu.o)
 .debug_abbrev  0x00000ca9      0x217 .\ARM_GCC_484\Debug\CE95277 ADC and UART.a(CyLib.o)
 .debug_abbrev  0x00000ec0      0x16e .\ARM_GCC_484\Debug\CE95277 ADC and UART.a(cyPm.o)
 .debug_abbrev  0x0000102e      0x12d .\ARM_GCC_484\Debug\CE95277 ADC and UART.a(CyFlash.o)
 .debug_abbrev  0x0000115b      0x179 .\ARM_GCC_484\Debug\CE95277 ADC and UART.a(CySpc.o)

.debug_line     0x00000000     0x24cc
 *(.debug_line)
 .debug_line    0x00000000      0x227 .\ARM_GCC_484\Debug\main.o
 .debug_line    0x00000227       0x53 .\ARM_GCC_484\Debug\cymetadata.o
 .debug_line    0x0000027a      0x1d0 .\ARM_GCC_484\Debug\Cm3Start.o
 .debug_line    0x0000044a      0x24a .\ARM_GCC_484\Debug\CE95277 ADC and UART.a(cyfitter_cfg.o)
 .debug_line    0x00000694      0x3e0 .\ARM_GCC_484\Debug\CE95277 ADC and UART.a(ADC_DelSig_1.o)
 .debug_line    0x00000a74       0x97 .\ARM_GCC_484\Debug\CE95277 ADC and UART.a(ADC_DelSig_1_INT.o)
 .debug_line    0x00000b0b       0xc4 .\ARM_GCC_484\Debug\CE95277 ADC and UART.a(Sample_Hold_1.o)
 .debug_line    0x00000bcf      0x2ee .\ARM_GCC_484\Debug\CE95277 ADC and UART.a(UART_1.o)
 .debug_line    0x00000ebd       0xa8 .\ARM_GCC_484\Debug\CE95277 ADC and UART.a(ADC_DelSig_1_AMux.o)
 .debug_line    0x00000f65      0x1af .\ARM_GCC_484\Debug\CE95277 ADC and UART.a(ADC_DelSig_1_Ext_CP_Clk.o)
 .debug_line    0x00001114      0x1d0 .\ARM_GCC_484\Debug\CE95277 ADC and UART.a(ADC_DelSig_1_theACLK.o)
 .debug_line    0x000012e4      0x1a7 .\ARM_GCC_484\Debug\CE95277 ADC and UART.a(UART_1_IntClock.o)
 .debug_line    0x0000148b       0x7f .\ARM_GCC_484\Debug\CE95277 ADC and UART.a(CyBootAsmGnu.o)
 .debug_line    0x0000150a      0x839 .\ARM_GCC_484\Debug\CE95277 ADC and UART.a(CyLib.o)
 .debug_line    0x00001d43      0x366 .\ARM_GCC_484\Debug\CE95277 ADC and UART.a(cyPm.o)
 .debug_line    0x000020a9      0x217 .\ARM_GCC_484\Debug\CE95277 ADC and UART.a(CyFlash.o)
 .debug_line    0x000022c0      0x20c .\ARM_GCC_484\Debug\CE95277 ADC and UART.a(CySpc.o)

.debug_frame    0x00000000     0x1fd4
 *(.debug_frame)
 .debug_frame   0x00000000       0x30 .\ARM_GCC_484\Debug\main.o
 .debug_frame   0x00000030       0xc4 .\ARM_GCC_484\Debug\Cm3Start.o
 .debug_frame   0x000000f4      0x158 .\ARM_GCC_484\Debug\CE95277 ADC and UART.a(cyfitter_cfg.o)
 .debug_frame   0x0000024c      0x31c .\ARM_GCC_484\Debug\CE95277 ADC and UART.a(ADC_DelSig_1.o)
 .debug_frame   0x00000568       0x80 .\ARM_GCC_484\Debug\CE95277 ADC and UART.a(ADC_DelSig_1_INT.o)
 .debug_frame   0x000005e8       0x9c .\ARM_GCC_484\Debug\CE95277 ADC and UART.a(Sample_Hold_1.o)
 .debug_frame   0x00000684      0x328 .\ARM_GCC_484\Debug\CE95277 ADC and UART.a(UART_1.o)
 .debug_frame   0x000009ac       0x70 .\ARM_GCC_484\Debug\CE95277 ADC and UART.a(ADC_DelSig_1_AMux.o)
 .debug_frame   0x00000a1c      0x14c .\ARM_GCC_484\Debug\CE95277 ADC and UART.a(ADC_DelSig_1_Ext_CP_Clk.o)
 .debug_frame   0x00000b68      0x184 .\ARM_GCC_484\Debug\CE95277 ADC and UART.a(ADC_DelSig_1_theACLK.o)
 .debug_frame   0x00000cec      0x14c .\ARM_GCC_484\Debug\CE95277 ADC and UART.a(UART_1_IntClock.o)
 .debug_frame   0x00000e38      0x924 .\ARM_GCC_484\Debug\CE95277 ADC and UART.a(CyLib.o)
 .debug_frame   0x0000175c      0x1d0 .\ARM_GCC_484\Debug\CE95277 ADC and UART.a(cyPm.o)
 .debug_frame   0x0000192c      0x1a8 .\ARM_GCC_484\Debug\CE95277 ADC and UART.a(CyFlash.o)
 .debug_frame   0x00001ad4      0x174 .\ARM_GCC_484\Debug\CE95277 ADC and UART.a(CySpc.o)
 .debug_frame   0x00001c48       0x20 c:/program files (x86)/cypress/psoc creator/3.1/psoc creator/import/gnu_cs/arm/4.8.4/bin/../lib/gcc/arm-none-eabi/4.8.4/../../../../arm-none-eabi/lib/armv7-m\libg_s.a(lib_a-errno.o)
 .debug_frame   0x00001c68       0x28 c:/program files (x86)/cypress/psoc creator/3.1/psoc creator/import/gnu_cs/arm/4.8.4/bin/../lib/gcc/arm-none-eabi/4.8.4/../../../../arm-none-eabi/lib/armv7-m\libg_s.a(lib_a-exit.o)
 .debug_frame   0x00001c90       0x2c c:/program files (x86)/cypress/psoc creator/3.1/psoc creator/import/gnu_cs/arm/4.8.4/bin/../lib/gcc/arm-none-eabi/4.8.4/../../../../arm-none-eabi/lib/armv7-m\libg_s.a(lib_a-init.o)
 .debug_frame   0x00001cbc       0x28 c:/program files (x86)/cypress/psoc creator/3.1/psoc creator/import/gnu_cs/arm/4.8.4/bin/../lib/gcc/arm-none-eabi/4.8.4/../../../../arm-none-eabi/lib/armv7-m\libg_s.a(lib_a-memcpy-stub.o)
 .debug_frame   0x00001ce4       0x20 c:/program files (x86)/cypress/psoc creator/3.1/psoc creator/import/gnu_cs/arm/4.8.4/bin/../lib/gcc/arm-none-eabi/4.8.4/../../../../arm-none-eabi/lib/armv7-m\libg_s.a(lib_a-memset.o)
 .debug_frame   0x00001d04       0x58 c:/program files (x86)/cypress/psoc creator/3.1/psoc creator/import/gnu_cs/arm/4.8.4/bin/../lib/gcc/arm-none-eabi/4.8.4/../../../../arm-none-eabi/lib/armv7-m\libg_s.a(lib_a-sprintf.o)
 .debug_frame   0x00001d5c       0x88 c:/program files (x86)/cypress/psoc creator/3.1/psoc creator/import/gnu_cs/arm/4.8.4/bin/../lib/gcc/arm-none-eabi/4.8.4/../../../../arm-none-eabi/lib/armv7-m\libg_s.a(lib_a-svfprintf.o)
 .debug_frame   0x00001de4       0x60 c:/program files (x86)/cypress/psoc creator/3.1/psoc creator/import/gnu_cs/arm/4.8.4/bin/../lib/gcc/arm-none-eabi/4.8.4/../../../../arm-none-eabi/lib/armv7-m\libg_s.a(lib_a-vfprintf_i.o)
 .debug_frame   0x00001e44       0x28 c:/program files (x86)/cypress/psoc creator/3.1/psoc creator/import/gnu_cs/arm/4.8.4/bin/../lib/gcc/arm-none-eabi/4.8.4/../../../../arm-none-eabi/lib/armv7-m\libg_s.a(lib_a-memchr-stub.o)
 .debug_frame   0x00001e6c       0x2c c:/program files (x86)/cypress/psoc creator/3.1/psoc creator/import/gnu_cs/arm/4.8.4/bin/../lib/gcc/arm-none-eabi/4.8.4/../../../../arm-none-eabi/lib/armv7-m\libg_s.a(lib_a-memmove.o)
 .debug_frame   0x00001e98       0x2c c:/program files (x86)/cypress/psoc creator/3.1/psoc creator/import/gnu_cs/arm/4.8.4/bin/../lib/gcc/arm-none-eabi/4.8.4/../../../../arm-none-eabi/lib/armv7-m\libg_s.a(lib_a-nano-freer.o)
 .debug_frame   0x00001ec4       0x2c c:/program files (x86)/cypress/psoc creator/3.1/psoc creator/import/gnu_cs/arm/4.8.4/bin/../lib/gcc/arm-none-eabi/4.8.4/../../../../arm-none-eabi/lib/armv7-m\libg_s.a(lib_a-nano-mallocr.o)
 .debug_frame   0x00001ef0       0x30 c:/program files (x86)/cypress/psoc creator/3.1/psoc creator/import/gnu_cs/arm/4.8.4/bin/../lib/gcc/arm-none-eabi/4.8.4/../../../../arm-none-eabi/lib/armv7-m\libg_s.a(lib_a-nano-reallocr.o)
 .debug_frame   0x00001f20       0x2c c:/program files (x86)/cypress/psoc creator/3.1/psoc creator/import/gnu_cs/arm/4.8.4/bin/../lib/gcc/arm-none-eabi/4.8.4/../../../../arm-none-eabi/lib/armv7-m\libg_s.a(lib_a-sbrkr.o)
 .debug_frame   0x00001f4c       0x20 c:/program files (x86)/cypress/psoc creator/3.1/psoc creator/import/gnu_cs/arm/4.8.4/bin/../lib/gcc/arm-none-eabi/4.8.4/../../../../arm-none-eabi/lib/armv7-m\libg_s.a(lib_a-strlen.o)
 .debug_frame   0x00001f6c       0x20 c:/program files (x86)/cypress/psoc creator/3.1/psoc creator/import/gnu_cs/arm/4.8.4/bin/../lib/gcc/arm-none-eabi/4.8.4/../../../../arm-none-eabi/lib/armv7-m\libg_s.a(lib_a-nano-msizer.o)
 .debug_frame   0x00001f8c       0x48 c:/program files (x86)/cypress/psoc creator/3.1/psoc creator/import/gnu_cs/arm/4.8.4/bin/../lib/gcc/arm-none-eabi/4.8.4/../../../../arm-none-eabi/lib/armv7-m\libg_s.a(lib_a-reent.o)

.debug_str      0x00000000     0x2154
 *(.debug_str)
 .debug_str     0x00000000      0x1df .\ARM_GCC_484\Debug\main.o
                                0x234 (size before relaxing)
 .debug_str     0x000001df       0x77 .\ARM_GCC_484\Debug\cymetadata.o
                                0x1f4 (size before relaxing)
 .debug_str     0x00000256      0x137 .\ARM_GCC_484\Debug\Cm3Start.o
                                0x2d5 (size before relaxing)
 .debug_str     0x0000038d      0x1fc .\ARM_GCC_484\Debug\CE95277 ADC and UART.a(cyfitter_cfg.o)
                                0x3a6 (size before relaxing)
 .debug_str     0x00000589      0x440 .\ARM_GCC_484\Debug\CE95277 ADC and UART.a(ADC_DelSig_1.o)
                                0x621 (size before relaxing)
 .debug_str     0x000009c9       0x74 .\ARM_GCC_484\Debug\CE95277 ADC and UART.a(ADC_DelSig_1_INT.o)
                                0x1eb (size before relaxing)
 .debug_str     0x00000a3d       0xab .\ARM_GCC_484\Debug\CE95277 ADC and UART.a(Sample_Hold_1.o)
                                0x233 (size before relaxing)
 .debug_str     0x00000ae8      0x2a3 .\ARM_GCC_484\Debug\CE95277 ADC and UART.a(UART_1.o)
                                0x459 (size before relaxing)
 .debug_str     0x00000d8b       0x9e .\ARM_GCC_484\Debug\CE95277 ADC and UART.a(ADC_DelSig_1_AMux.o)
                                0x21a (size before relaxing)
 .debug_str     0x00000e29      0x222 .\ARM_GCC_484\Debug\CE95277 ADC and UART.a(ADC_DelSig_1_Ext_CP_Clk.o)
                                0x3b8 (size before relaxing)
 .debug_str     0x0000104b      0x20a .\ARM_GCC_484\Debug\CE95277 ADC and UART.a(ADC_DelSig_1_theACLK.o)
                                0x3e9 (size before relaxing)
 .debug_str     0x00001255      0x179 .\ARM_GCC_484\Debug\CE95277 ADC and UART.a(UART_1_IntClock.o)
                                0x358 (size before relaxing)
 .debug_str     0x000013ce      0x7ad .\ARM_GCC_484\Debug\CE95277 ADC and UART.a(CyLib.o)
                                0x995 (size before relaxing)
 .debug_str     0x00001b7b      0x371 .\ARM_GCC_484\Debug\CE95277 ADC and UART.a(cyPm.o)
                                0x525 (size before relaxing)
 .debug_str     0x00001eec      0x147 .\ARM_GCC_484\Debug\CE95277 ADC and UART.a(CyFlash.o)
                                0x2f4 (size before relaxing)
 .debug_str     0x00002033      0x121 .\ARM_GCC_484\Debug\CE95277 ADC and UART.a(CySpc.o)
                                0x2f1 (size before relaxing)

.debug_loc
 *(.debug_loc)

.debug_macinfo
 *(.debug_macinfo)

.debug_ranges   0x00000000      0x7e0
 *(.debug_ranges)
 .debug_ranges  0x00000000       0x10 .\ARM_GCC_484\Debug\main.o
 .debug_ranges  0x00000010       0x38 .\ARM_GCC_484\Debug\Cm3Start.o
 .debug_ranges  0x00000048       0x60 .\ARM_GCC_484\Debug\CE95277 ADC and UART.a(cyfitter_cfg.o)
 .debug_ranges  0x000000a8       0xd8 .\ARM_GCC_484\Debug\CE95277 ADC and UART.a(ADC_DelSig_1.o)
 .debug_ranges  0x00000180       0x28 .\ARM_GCC_484\Debug\CE95277 ADC and UART.a(ADC_DelSig_1_INT.o)
 .debug_ranges  0x000001a8       0x30 .\ARM_GCC_484\Debug\CE95277 ADC and UART.a(Sample_Hold_1.o)
 .debug_ranges  0x000001d8       0xe0 .\ARM_GCC_484\Debug\CE95277 ADC and UART.a(UART_1.o)
 .debug_ranges  0x000002b8       0x20 .\ARM_GCC_484\Debug\CE95277 ADC and UART.a(ADC_DelSig_1_AMux.o)
 .debug_ranges  0x000002d8       0x60 .\ARM_GCC_484\Debug\CE95277 ADC and UART.a(ADC_DelSig_1_Ext_CP_Clk.o)
 .debug_ranges  0x00000338       0x70 .\ARM_GCC_484\Debug\CE95277 ADC and UART.a(ADC_DelSig_1_theACLK.o)
 .debug_ranges  0x000003a8       0x60 .\ARM_GCC_484\Debug\CE95277 ADC and UART.a(UART_1_IntClock.o)
 .debug_ranges  0x00000408      0x280 .\ARM_GCC_484\Debug\CE95277 ADC and UART.a(CyLib.o)
 .debug_ranges  0x00000688       0x80 .\ARM_GCC_484\Debug\CE95277 ADC and UART.a(cyPm.o)
 .debug_ranges  0x00000708       0x70 .\ARM_GCC_484\Debug\CE95277 ADC and UART.a(CyFlash.o)
 .debug_ranges  0x00000778       0x68 .\ARM_GCC_484\Debug\CE95277 ADC and UART.a(CySpc.o)

.comment        0x00000000       0x70
 .comment       0x00000000       0x70 .\ARM_GCC_484\Debug\main.o
                                 0x71 (size before relaxing)
 .comment       0x00000000       0x71 .\ARM_GCC_484\Debug\cymetadata.o
 .comment       0x00000000       0x71 .\ARM_GCC_484\Debug\Cm3Start.o
 .comment       0x00000000       0x71 .\ARM_GCC_484\Debug\CE95277 ADC and UART.a(cyfitter_cfg.o)
 .comment       0x00000000       0x71 .\ARM_GCC_484\Debug\CE95277 ADC and UART.a(ADC_DelSig_1.o)
 .comment       0x00000000       0x71 .\ARM_GCC_484\Debug\CE95277 ADC and UART.a(ADC_DelSig_1_INT.o)
 .comment       0x00000000       0x71 .\ARM_GCC_484\Debug\CE95277 ADC and UART.a(Sample_Hold_1.o)
 .comment       0x00000000       0x71 .\ARM_GCC_484\Debug\CE95277 ADC and UART.a(UART_1.o)
 .comment       0x00000000       0x71 .\ARM_GCC_484\Debug\CE95277 ADC and UART.a(ADC_DelSig_1_AMux.o)
 .comment       0x00000000       0x71 .\ARM_GCC_484\Debug\CE95277 ADC and UART.a(ADC_DelSig_1_Ext_CP_Clk.o)
 .comment       0x00000000       0x71 .\ARM_GCC_484\Debug\CE95277 ADC and UART.a(ADC_DelSig_1_theACLK.o)
 .comment       0x00000000       0x71 .\ARM_GCC_484\Debug\CE95277 ADC and UART.a(UART_1_IntClock.o)
 .comment       0x00000000       0x71 .\ARM_GCC_484\Debug\CE95277 ADC and UART.a(CyLib.o)
 .comment       0x00000000       0x71 .\ARM_GCC_484\Debug\CE95277 ADC and UART.a(cyPm.o)
 .comment       0x00000000       0x71 .\ARM_GCC_484\Debug\CE95277 ADC and UART.a(CyFlash.o)
 .comment       0x00000000       0x71 .\ARM_GCC_484\Debug\CE95277 ADC and UART.a(CySpc.o)

.debug_weaknames
 *(.debug_weaknames)

.debug_funcnames
 *(.debug_funcnames)

.debug_typenames
 *(.debug_typenames)

.debug_varnames
 *(.debug_varnames)

.note.gnu.arm.ident
 *(.note.gnu.arm.ident)

.ARM.attributes
                0x00000000       0x29
 *(.ARM.attributes)
 .ARM.attributes
                0x00000000       0x1d c:/program files (x86)/cypress/psoc creator/3.1/psoc creator/import/gnu_cs/arm/4.8.4/bin/../lib/gcc/arm-none-eabi/4.8.4/armv7-m/crti.o
 .ARM.attributes
                0x0000001d       0x2d c:/program files (x86)/cypress/psoc creator/3.1/psoc creator/import/gnu_cs/arm/4.8.4/bin/../lib/gcc/arm-none-eabi/4.8.4/armv7-m/crtbegin.o
 .ARM.attributes
                0x0000004a       0x1b c:/program files (x86)/cypress/psoc creator/3.1/psoc creator/import/gnu_cs/arm/4.8.4/bin/../lib/gcc/arm-none-eabi/4.8.4/../../../../arm-none-eabi/lib/armv7-m/crt0.o
 .ARM.attributes
                0x00000065       0x33 .\ARM_GCC_484\Debug\main.o
 .ARM.attributes
                0x00000098       0x33 .\ARM_GCC_484\Debug\cymetadata.o
 .ARM.attributes
                0x000000cb       0x33 .\ARM_GCC_484\Debug\Cm3Start.o
 .ARM.attributes
                0x000000fe       0x33 .\ARM_GCC_484\Debug\CE95277 ADC and UART.a(cyfitter_cfg.o)
 .ARM.attributes
                0x00000131       0x33 .\ARM_GCC_484\Debug\CE95277 ADC and UART.a(ADC_DelSig_1.o)
 .ARM.attributes
                0x00000164       0x33 .\ARM_GCC_484\Debug\CE95277 ADC and UART.a(ADC_DelSig_1_INT.o)
 .ARM.attributes
                0x00000197       0x33 .\ARM_GCC_484\Debug\CE95277 ADC and UART.a(Sample_Hold_1.o)
 .ARM.attributes
                0x000001ca       0x33 .\ARM_GCC_484\Debug\CE95277 ADC and UART.a(UART_1.o)
 .ARM.attributes
                0x000001fd       0x33 .\ARM_GCC_484\Debug\CE95277 ADC and UART.a(ADC_DelSig_1_AMux.o)
 .ARM.attributes
                0x00000230       0x33 .\ARM_GCC_484\Debug\CE95277 ADC and UART.a(ADC_DelSig_1_Ext_CP_Clk.o)
 .ARM.attributes
                0x00000263       0x33 .\ARM_GCC_484\Debug\CE95277 ADC and UART.a(ADC_DelSig_1_theACLK.o)
 .ARM.attributes
                0x00000296       0x33 .\ARM_GCC_484\Debug\CE95277 ADC and UART.a(UART_1_IntClock.o)
 .ARM.attributes
                0x000002c9       0x21 .\ARM_GCC_484\Debug\CE95277 ADC and UART.a(CyBootAsmGnu.o)
 .ARM.attributes
                0x000002ea       0x33 .\ARM_GCC_484\Debug\CE95277 ADC and UART.a(CyLib.o)
 .ARM.attributes
                0x0000031d       0x33 .\ARM_GCC_484\Debug\CE95277 ADC and UART.a(cyPm.o)
 .ARM.attributes
                0x00000350       0x33 .\ARM_GCC_484\Debug\CE95277 ADC and UART.a(CyFlash.o)
 .ARM.attributes
                0x00000383       0x33 .\ARM_GCC_484\Debug\CE95277 ADC and UART.a(CySpc.o)
 .ARM.attributes
                0x000003b6       0x1d c:/program files (x86)/cypress/psoc creator/3.1/psoc creator/import/gnu_cs/arm/4.8.4/bin/../lib/gcc/arm-none-eabi/4.8.4/armv7-m\libgcc.a(_arm_addsubdf3.o)
 .ARM.attributes
                0x000003d3       0x1d c:/program files (x86)/cypress/psoc creator/3.1/psoc creator/import/gnu_cs/arm/4.8.4/bin/../lib/gcc/arm-none-eabi/4.8.4/armv7-m\libgcc.a(_arm_cmpdf2.o)
 .ARM.attributes
                0x000003f0       0x1d c:/program files (x86)/cypress/psoc creator/3.1/psoc creator/import/gnu_cs/arm/4.8.4/bin/../lib/gcc/arm-none-eabi/4.8.4/armv7-m\libgcc.a(_arm_addsubsf3.o)
 .ARM.attributes
                0x0000040d       0x1d c:/program files (x86)/cypress/psoc creator/3.1/psoc creator/import/gnu_cs/arm/4.8.4/bin/../lib/gcc/arm-none-eabi/4.8.4/armv7-m\libgcc.a(_arm_muldivsf3.o)
 .ARM.attributes
                0x0000042a       0x1d c:/program files (x86)/cypress/psoc creator/3.1/psoc creator/import/gnu_cs/arm/4.8.4/bin/../lib/gcc/arm-none-eabi/4.8.4/armv7-m\libgcc.a(_arm_fixunssfsi.o)
 .ARM.attributes
                0x00000447       0x2d c:/program files (x86)/cypress/psoc creator/3.1/psoc creator/import/gnu_cs/arm/4.8.4/bin/../lib/gcc/arm-none-eabi/4.8.4/../../../../arm-none-eabi/lib/armv7-m\libg_s.a(lib_a-errno.o)
 .ARM.attributes
                0x00000474       0x2d c:/program files (x86)/cypress/psoc creator/3.1/psoc creator/import/gnu_cs/arm/4.8.4/bin/../lib/gcc/arm-none-eabi/4.8.4/../../../../arm-none-eabi/lib/armv7-m\libg_s.a(lib_a-exit.o)
 .ARM.attributes
                0x000004a1       0x2d c:/program files (x86)/cypress/psoc creator/3.1/psoc creator/import/gnu_cs/arm/4.8.4/bin/../lib/gcc/arm-none-eabi/4.8.4/../../../../arm-none-eabi/lib/armv7-m\libg_s.a(lib_a-impure.o)
 .ARM.attributes
                0x000004ce       0x2d c:/program files (x86)/cypress/psoc creator/3.1/psoc creator/import/gnu_cs/arm/4.8.4/bin/../lib/gcc/arm-none-eabi/4.8.4/../../../../arm-none-eabi/lib/armv7-m\libg_s.a(lib_a-init.o)
 .ARM.attributes
                0x000004fb       0x2d c:/program files (x86)/cypress/psoc creator/3.1/psoc creator/import/gnu_cs/arm/4.8.4/bin/../lib/gcc/arm-none-eabi/4.8.4/../../../../arm-none-eabi/lib/armv7-m\libg_s.a(lib_a-memcpy-stub.o)
 .ARM.attributes
                0x00000528       0x2d c:/program files (x86)/cypress/psoc creator/3.1/psoc creator/import/gnu_cs/arm/4.8.4/bin/../lib/gcc/arm-none-eabi/4.8.4/../../../../arm-none-eabi/lib/armv7-m\libg_s.a(lib_a-memset.o)
 .ARM.attributes
                0x00000555       0x2d c:/program files (x86)/cypress/psoc creator/3.1/psoc creator/import/gnu_cs/arm/4.8.4/bin/../lib/gcc/arm-none-eabi/4.8.4/../../../../arm-none-eabi/lib/armv7-m\libg_s.a(lib_a-sprintf.o)
 .ARM.attributes
                0x00000582       0x2d c:/program files (x86)/cypress/psoc creator/3.1/psoc creator/import/gnu_cs/arm/4.8.4/bin/../lib/gcc/arm-none-eabi/4.8.4/../../../../arm-none-eabi/lib/armv7-m\libg_s.a(lib_a-svfprintf.o)
 .ARM.attributes
                0x000005af       0x2d c:/program files (x86)/cypress/psoc creator/3.1/psoc creator/import/gnu_cs/arm/4.8.4/bin/../lib/gcc/arm-none-eabi/4.8.4/../../../../arm-none-eabi/lib/armv7-m\libg_s.a(lib_a-vfprintf_i.o)
 .ARM.attributes
                0x000005dc       0x2d c:/program files (x86)/cypress/psoc creator/3.1/psoc creator/import/gnu_cs/arm/4.8.4/bin/../lib/gcc/arm-none-eabi/4.8.4/../../../../arm-none-eabi/lib/armv7-m\libg_s.a(lib_a-memchr-stub.o)
 .ARM.attributes
                0x00000609       0x2d c:/program files (x86)/cypress/psoc creator/3.1/psoc creator/import/gnu_cs/arm/4.8.4/bin/../lib/gcc/arm-none-eabi/4.8.4/../../../../arm-none-eabi/lib/armv7-m\libg_s.a(lib_a-memmove.o)
 .ARM.attributes
                0x00000636       0x2d c:/program files (x86)/cypress/psoc creator/3.1/psoc creator/import/gnu_cs/arm/4.8.4/bin/../lib/gcc/arm-none-eabi/4.8.4/../../../../arm-none-eabi/lib/armv7-m\libg_s.a(lib_a-nano-freer.o)
 .ARM.attributes
                0x00000663       0x2d c:/program files (x86)/cypress/psoc creator/3.1/psoc creator/import/gnu_cs/arm/4.8.4/bin/../lib/gcc/arm-none-eabi/4.8.4/../../../../arm-none-eabi/lib/armv7-m\libg_s.a(lib_a-nano-mallocr.o)
 .ARM.attributes
                0x00000690       0x2d c:/program files (x86)/cypress/psoc creator/3.1/psoc creator/import/gnu_cs/arm/4.8.4/bin/../lib/gcc/arm-none-eabi/4.8.4/../../../../arm-none-eabi/lib/armv7-m\libg_s.a(lib_a-nano-reallocr.o)
 .ARM.attributes
                0x000006bd       0x2d c:/program files (x86)/cypress/psoc creator/3.1/psoc creator/import/gnu_cs/arm/4.8.4/bin/../lib/gcc/arm-none-eabi/4.8.4/../../../../arm-none-eabi/lib/armv7-m\libg_s.a(lib_a-sbrkr.o)
 .ARM.attributes
                0x000006ea       0x2d c:/program files (x86)/cypress/psoc creator/3.1/psoc creator/import/gnu_cs/arm/4.8.4/bin/../lib/gcc/arm-none-eabi/4.8.4/../../../../arm-none-eabi/lib/armv7-m\libg_s.a(lib_a-strlen.o)
 .ARM.attributes
                0x00000717       0x2d c:/program files (x86)/cypress/psoc creator/3.1/psoc creator/import/gnu_cs/arm/4.8.4/bin/../lib/gcc/arm-none-eabi/4.8.4/../../../../arm-none-eabi/lib/armv7-m\libg_s.a(lib_a-nano-msizer.o)
 .ARM.attributes
                0x00000744       0x2d c:/program files (x86)/cypress/psoc creator/3.1/psoc creator/import/gnu_cs/arm/4.8.4/bin/../lib/gcc/arm-none-eabi/4.8.4/../../../../arm-none-eabi/lib/armv7-m\libg_s.a(lib_a-reent.o)
 .ARM.attributes
                0x00000771       0x2d c:/program files (x86)/cypress/psoc creator/3.1/psoc creator/import/gnu_cs/arm/4.8.4/bin/../lib/gcc/arm-none-eabi/4.8.4/armv7-m/crtend.o
 .ARM.attributes
                0x0000079e       0x1d c:/program files (x86)/cypress/psoc creator/3.1/psoc creator/import/gnu_cs/arm/4.8.4/bin/../lib/gcc/arm-none-eabi/4.8.4/armv7-m/crtn.o

/DISCARD/
 *(.note.GNU-stack)
OUTPUT(.\ARM_GCC_484\Debug\CE95277 ADC and UART.elf elf32-littlearm)
